<html>
<body>
<pre>
<h1>礦ision Build Log</h1>
<h2>Tool Versions:</h2>
IDE-Version: μVision V5.31.0.0
Copyright (C) 2020 ARM Ltd and ARM Germany GmbH. All rights reserved.
License Information: xiaoxiao 86131, dezhilun, LIC=8VRJ7-EU2UT-RAQDM-X1BSR-NE0BY-JZHV8
 
Tool Versions:
Toolchain:       MDK-ARM Plus  Version: 5.31.0.0
Toolchain Path:  C:\Keil_v5\ARM\ARMCC\Bin
C Compiler:      Armcc.exe V5.06 update 6 (build 750)
Assembler:       Armasm.exe V5.06 update 6 (build 750)
Linker/Locator:  ArmLink.exe V5.06 update 6 (build 750)
Library Manager: ArmAr.exe V5.06 update 6 (build 750)
Hex Converter:   FromElf.exe V5.06 update 6 (build 750)
CPU DLL:         SARMCM3.DLL V5.31.0.0
Dialog DLL:      DCM.DLL V1.17.3.0
Target DLL:      STLink\ST-LINKIII-KEIL_SWO.dll V3.0.7.0
Dialog DLL:      TCM.DLL V1.46.0.0
 
<h2>Project:</h2>
E:\Learn\stm32\02-03_uart_co2\Project\02-03_uast_co2.uvprojx
Project File Date:  06/14/2023

<h2>Output:</h2>
*** Using Compiler 'V5.06 update 6 (build 750)', folder: 'C:\Keil_v5\ARM\ARMCC\Bin'
Build target 'Flash'
compiling bsp_beep.c...
..\User\bsp\inc\bsp_co2.h(20): warning:  #1-D: last line of file ends without a newline
  /***************************** 德致伦电子 DeZLinc (END OF FILE) *********************************/
..\User\bsp\inc\bsp_uart4.h(35): warning:  #1-D: last line of file ends without a newline
  /***************************** 德致伦电子 DeZLinc (END OF FILE) *********************************/
..\User\bsp\inc\bsp_uart4.h(35): warning:  #1-D: last line of file ends without a newline
  /***************************** 德致伦电子 DeZLinc (END OF FILE) *********************************/
..\User\bsp\src\bsp_beep.c: 3 warnings, 0 errors
compiling bsp_wwdg.c...
..\User\bsp\inc\bsp_co2.h(20): warning:  #1-D: last line of file ends without a newline
  /***************************** 德致伦电子 DeZLinc (END OF FILE) *********************************/
..\User\bsp\inc\bsp_uart4.h(35): warning:  #1-D: last line of file ends without a newline
  /***************************** 德致伦电子 DeZLinc (END OF FILE) *********************************/
..\User\bsp\inc\bsp_uart4.h(35): warning:  #1-D: last line of file ends without a newline
  /***************************** 德致伦电子 DeZLinc (END OF FILE) *********************************/
..\User\bsp\src\bsp_wwdg.c: 3 warnings, 0 errors
compiling bsp_iwdg.c...
..\User\bsp\inc\bsp_co2.h(20): warning:  #1-D: last line of file ends without a newline
  /***************************** 德致伦电子 DeZLinc (END OF FILE) *********************************/
..\User\bsp\inc\bsp_uart4.h(35): warning:  #1-D: last line of file ends without a newline
  /***************************** 德致伦电子 DeZLinc (END OF FILE) *********************************/
..\User\bsp\inc\bsp_uart4.h(35): warning:  #1-D: last line of file ends without a newline
  /***************************** 德致伦电子 DeZLinc (END OF FILE) *********************************/
..\User\bsp\src\bsp_iwdg.c: 3 warnings, 0 errors
compiling bsp_led.c...
..\User\bsp\inc\bsp_co2.h(20): warning:  #1-D: last line of file ends without a newline
  /***************************** 德致伦电子 DeZLinc (END OF FILE) *********************************/
..\User\bsp\inc\bsp_uart4.h(35): warning:  #1-D: last line of file ends without a newline
  /***************************** 德致伦电子 DeZLinc (END OF FILE) *********************************/
..\User\bsp\inc\bsp_uart4.h(35): warning:  #1-D: last line of file ends without a newline
  /***************************** 德致伦电子 DeZLinc (END OF FILE) *********************************/
..\User\bsp\src\bsp_led.c: 3 warnings, 0 errors
compiling main.c...
..\User\bsp\inc\bsp_co2.h(20): warning:  #1-D: last line of file ends without a newline
  /***************************** 德致伦电子 DeZLinc (END OF FILE) *********************************/
..\User\bsp\inc\bsp_uart4.h(35): warning:  #1-D: last line of file ends without a newline
  /***************************** 德致伦电子 DeZLinc (END OF FILE) *********************************/
..\User\bsp\inc\bsp_uart4.h(35): warning:  #1-D: last line of file ends without a newline
  /***************************** 德致伦电子 DeZLinc (END OF FILE) *********************************/
..\User\main.c(44): warning:  #177-D: variable "lcd_id"  was declared but never referenced
  	uint8_t lcd_id[12]; /* 存放 LCD ID 字符串 */
..\User\main.c: 4 warnings, 0 errors
compiling bsp.c...
..\User\bsp\inc\bsp_co2.h(20): warning:  #1-D: last line of file ends without a newline
  /***************************** 德致伦电子 DeZLinc (END OF FILE) *********************************/
..\User\bsp\inc\bsp_uart4.h(35): warning:  #1-D: last line of file ends without a newline
  /***************************** 德致伦电子 DeZLinc (END OF FILE) *********************************/
..\User\bsp\inc\bsp_uart4.h(35): warning:  #1-D: last line of file ends without a newline
  /***************************** 德致伦电子 DeZLinc (END OF FILE) *********************************/
..\User\bsp\bsp.c: 3 warnings, 0 errors
compiling bsp_timer.c...
..\User\bsp\inc\bsp_co2.h(20): warning:  #1-D: last line of file ends without a newline
  /***************************** 德致伦电子 DeZLinc (END OF FILE) *********************************/
..\User\bsp\inc\bsp_uart4.h(35): warning:  #1-D: last line of file ends without a newline
  /***************************** 德致伦电子 DeZLinc (END OF FILE) *********************************/
..\User\bsp\inc\bsp_uart4.h(35): warning:  #1-D: last line of file ends without a newline
  /***************************** 德致伦电子 DeZLinc (END OF FILE) *********************************/
..\User\bsp\src\bsp_timer.c: 3 warnings, 0 errors
compiling bsp_key.c...
..\User\bsp\inc\bsp_co2.h(20): warning:  #1-D: last line of file ends without a newline
  /***************************** 德致伦电子 DeZLinc (END OF FILE) *********************************/
..\User\bsp\inc\bsp_uart4.h(35): warning:  #1-D: last line of file ends without a newline
  /***************************** 德致伦电子 DeZLinc (END OF FILE) *********************************/
..\User\bsp\inc\bsp_uart4.h(35): warning:  #1-D: last line of file ends without a newline
  /***************************** 德致伦电子 DeZLinc (END OF FILE) *********************************/
..\User\bsp\src\bsp_key.c: 3 warnings, 0 errors
compiling bsp_tpad.c...
..\User\bsp\inc\bsp_co2.h(20): warning:  #1-D: last line of file ends without a newline
  /***************************** 德致伦电子 DeZLinc (END OF FILE) *********************************/
..\User\bsp\inc\bsp_uart4.h(35): warning:  #1-D: last line of file ends without a newline
  /***************************** 德致伦电子 DeZLinc (END OF FILE) *********************************/
..\User\bsp\inc\bsp_uart4.h(35): warning:  #1-D: last line of file ends without a newline
  /***************************** 德致伦电子 DeZLinc (END OF FILE) *********************************/
..\User\bsp\src\bsp_tpad.c: 3 warnings, 0 errors
compiling bsp_tim_pwm.c...
..\User\bsp\inc\bsp_co2.h(20): warning:  #1-D: last line of file ends without a newline
  /***************************** 德致伦电子 DeZLinc (END OF FILE) *********************************/
..\User\bsp\inc\bsp_uart4.h(35): warning:  #1-D: last line of file ends without a newline
  /***************************** 德致伦电子 DeZLinc (END OF FILE) *********************************/
..\User\bsp\inc\bsp_uart4.h(35): warning:  #1-D: last line of file ends without a newline
  /***************************** 德致伦电子 DeZLinc (END OF FILE) *********************************/
..\User\bsp\src\bsp_tim_pwm.c: 3 warnings, 0 errors
compiling bsp_adc.c...
..\User\bsp\inc\bsp_co2.h(20): warning:  #1-D: last line of file ends without a newline
  /***************************** 德致伦电子 DeZLinc (END OF FILE) *********************************/
..\User\bsp\inc\bsp_uart4.h(35): warning:  #1-D: last line of file ends without a newline
  /***************************** 德致伦电子 DeZLinc (END OF FILE) *********************************/
..\User\bsp\inc\bsp_uart4.h(35): warning:  #1-D: last line of file ends without a newline
  /***************************** 德致伦电子 DeZLinc (END OF FILE) *********************************/
..\User\bsp\src\bsp_adc.c: 3 warnings, 0 errors
compiling bsp_uart4.c...
..\User\bsp\inc\bsp_co2.h(20): warning:  #1-D: last line of file ends without a newline
  /***************************** 德致伦电子 DeZLinc (END OF FILE) *********************************/
..\User\bsp\inc\bsp_uart4.h(35): warning:  #1-D: last line of file ends without a newline
  /***************************** 德致伦电子 DeZLinc (END OF FILE) *********************************/
..\User\bsp\inc\bsp_uart4.h(35): warning:  #1-D: last line of file ends without a newline
  /***************************** 德致伦电子 DeZLinc (END OF FILE) *********************************/
..\User\bsp\src\bsp_uart4.c: 3 warnings, 0 errors
compiling bsp_dac.c...
..\User\bsp\inc\bsp_co2.h(20): warning:  #1-D: last line of file ends without a newline
  /***************************** 德致伦电子 DeZLinc (END OF FILE) *********************************/
..\User\bsp\inc\bsp_uart4.h(35): warning:  #1-D: last line of file ends without a newline
  /***************************** 德致伦电子 DeZLinc (END OF FILE) *********************************/
..\User\bsp\inc\bsp_uart4.h(35): warning:  #1-D: last line of file ends without a newline
  /***************************** 德致伦电子 DeZLinc (END OF FILE) *********************************/
..\User\bsp\src\bsp_dac.c: 3 warnings, 0 errors
compiling bsp_co2.c...
..\User\bsp\inc\bsp_co2.h(20): warning:  #1-D: last line of file ends without a newline
  /***************************** 德致伦电子 DeZLinc (END OF FILE) *********************************/
..\User\bsp\inc\bsp_uart4.h(35): warning:  #1-D: last line of file ends without a newline
  /***************************** 德致伦电子 DeZLinc (END OF FILE) *********************************/
..\User\bsp\inc\bsp_uart4.h(35): warning:  #1-D: last line of file ends without a newline
  /***************************** 德致伦电子 DeZLinc (END OF FILE) *********************************/
..\User\bsp\src\bsp_co2.c(52): warning:  #1-D: last line of file ends without a newline
  }
..\User\bsp\src\bsp_co2.c: 4 warnings, 0 errors
compiling bsp_uart.c...
..\User\bsp\inc\bsp_co2.h(20): warning:  #1-D: last line of file ends without a newline
  /***************************** 德致伦电子 DeZLinc (END OF FILE) *********************************/
..\User\bsp\inc\bsp_uart4.h(35): warning:  #1-D: last line of file ends without a newline
  /***************************** 德致伦电子 DeZLinc (END OF FILE) *********************************/
..\User\bsp\inc\bsp_uart4.h(35): warning:  #1-D: last line of file ends without a newline
  /***************************** 德致伦电子 DeZLinc (END OF FILE) *********************************/
..\User\bsp\src\bsp_uart.c: 3 warnings, 0 errors
linking...
Program Size: Code=6236 RO-data=580 RW-data=64 ZI-data=2888  
FromELF: creating hex file...
".\Objects\co2.axf" - 0 Error(s), 47 Warning(s).

<h2>Software Packages used:</h2>

Package Vendor: Keil
                http://www.keil.com/pack/Keil.STM32F1xx_DFP.1.1.0.pack
                Keil.STM32F1xx_DFP.1.1.0
                STMicroelectronics STM32F1 Series Device Support, Drivers and Examples

<h2>Collection of Component include folders:</h2>
  C:\Users\86131\AppData\Local\Arm\Packs\Keil\STM32F1xx_DFP\1.1.0\Device\Include

<h2>Collection of Component Files used:</h2>
Build Time Elapsed:  00:00:04
</pre>
</body>
</html>
