<html>
<body>
<pre>
<h1>µVision Build Log</h1>
<h2>Tool Versions:</h2>
IDE-Version: ¦ÌVision V5.31.0.0
Copyright (C) 2020 ARM Ltd and ARM Germany GmbH. All rights reserved.
License Information:  ,  , LIC=NQQMA-1GFJQ-X7MRZ-JQSHX-19VMP-1EGZR
 
Tool Versions:
Toolchain:       MDK-ARM Plus  Version: 5.31.0.0
Toolchain Path:  D:\DKeil_v5\ARM\ARMCC\Bin
C Compiler:      Armcc.exe V5.06 update 6 (build 750)
Assembler:       Armasm.exe V5.06 update 6 (build 750)
Linker/Locator:  ArmLink.exe V5.06 update 6 (build 750)
Library Manager: ArmAr.exe V5.06 update 6 (build 750)
Hex Converter:   FromElf.exe V5.06 update 6 (build 750)
CPU DLL:         SARMCM3.DLL V5.31.0.0
Dialog DLL:      DCM.DLL V1.17.3.0
Target DLL:      STLink\ST-LINKIII-KEIL_SWO.dll V3.0.7.0
Dialog DLL:      TCM.DLL V1.46.0.0
 
<h2>Project:</h2>
D:\DKeil_v5_project\20.iosensor\Project\iosensor.uvprojx
Project File Date:  06/20/2023

<h2>Output:</h2>
*** Using Compiler 'V5.06 update 6 (build 750)', folder: 'D:\DKeil_v5\ARM\ARMCC\Bin'
Rebuild target 'Flash'
compiling bsp.c...
compiling main.c...
compiling bsp_led.c...
compiling bsp_exti.c...
compiling bsp_key.c...
compiling bsp_timer.c...
compiling bsp_beep.c...
compiling bsp_uart.c...
compiling bsp_adc.c...
compiling bsp_dac.c...
compiling bsp_adc_led.c...
compiling bsp_wwdg.c...
compiling bsp_iwdg.c...
compiling bsp_tpad.c...
compiling bsp_tim_pwm.c...
compiling bsp_adc_temp.c...
compiling core_cm3.c...
assembling startup_stm32f10x_hd.s...
compiling system_stm32f10x.c...
compiling bsp_co2.c...
compiling stm32f10x_it.c...
compiling stm32f10x_assert.c...
compiling bsp_uart5.c...
compiling bsp_iosensor.c...
compiling bsp_uart4.c...
compiling stm32f10x_rcc.c...
compiling stm32f10x_usart.c...
compiling misc.c...
compiling stm32f10x_gpio.c...
compiling stm32f10x_wwdg.c...
compiling stm32f10x_iwdg.c...
compiling stm32f10x_exti.c...
compiling stm32f10x_tim.c...
compiling stm32f10x_adc.c...
compiling stm32f10x_dac.c...
linking...
Program Size: Code=6504 RO-data=396 RW-data=68 ZI-data=2948  
FromELF: creating hex file...
".\Objects\iosensor.axf" - 0 Error(s), 0 Warning(s).

<h2>Software Packages used:</h2>

Package Vendor: Keil
                http://www.keil.com/pack/Keil.STM32F1xx_DFP.1.1.0.pack
                Keil.STM32F1xx_DFP.1.1.0
                STMicroelectronics STM32F1 Series Device Support, Drivers and Examples

<h2>Collection of Component include folders:</h2>
  D:\DKweil_v5 Packs\Keil\STM32F1xx_DFP\1.1.0\Device\Include

<h2>Collection of Component Files used:</h2>
Build Time Elapsed:  00:00:06
</pre>
</body>
</html>
