Component: ARM Compiler 5.06 update 6 (build 750) Tool: armlink [4d35ed]

==============================================================================

Section Cross References

    main.o(i.DAC_Dsiap) refers to _printf_percent.o(.ARM.Collect$$_printf_percent$$00000000) for _printf_percent
    main.o(i.DAC_Dsiap) refers to _printf_f.o(.ARM.Collect$$_printf_percent$$00000003) for _printf_f
    main.o(i.DAC_Dsiap) refers to printf1.o(x$fpl$printf1) for _printf_fp_dec
    main.o(i.DAC_Dsiap) refers to bsp_adc.o(i.Get_Adc_Volmeter) for Get_Adc_Volmeter
    main.o(i.DAC_Dsiap) refers to fflt_clz.o(x$fpl$ffltu) for __aeabi_ui2f
    main.o(i.DAC_Dsiap) refers to f2d.o(x$fpl$f2d) for __aeabi_f2d
    main.o(i.DAC_Dsiap) refers to dmul.o(x$fpl$dmul) for __aeabi_dmul
    main.o(i.DAC_Dsiap) refers to d2f.o(x$fpl$d2f) for __aeabi_d2f
    main.o(i.DAC_Dsiap) refers to noretval__2printf.o(.text) for __2printf
    main.o(i.PrintfHelp) refers to noretval__2printf.o(.text) for __2printf
    main.o(i.PrintfHelp) refers to main.o(.conststring) for .conststring
    main.o(i.PrintfLogo) refers to _printf_pad.o(.text) for _printf_pre_padding
    main.o(i.PrintfLogo) refers to _printf_percent.o(.ARM.Collect$$_printf_percent$$00000000) for _printf_percent
    main.o(i.PrintfLogo) refers to _printf_x.o(.ARM.Collect$$_printf_percent$$0000000C) for _printf_x
    main.o(i.PrintfLogo) refers to _printf_hex_int.o(.text) for _printf_longlong_hex
    main.o(i.PrintfLogo) refers to _printf_s.o(.ARM.Collect$$_printf_percent$$00000014) for _printf_s
    main.o(i.PrintfLogo) refers to _printf_str.o(.text) for _printf_str
    main.o(i.PrintfLogo) refers to _printf_d.o(.ARM.Collect$$_printf_percent$$00000009) for _printf_d
    main.o(i.PrintfLogo) refers to _printf_dec.o(.text) for _printf_int_dec
    main.o(i.PrintfLogo) refers to noretval__2printf.o(.text) for __2printf
    main.o(i.main) refers to _printf_percent.o(.ARM.Collect$$_printf_percent$$00000000) for _printf_percent
    main.o(i.main) refers to _printf_d.o(.ARM.Collect$$_printf_percent$$00000009) for _printf_d
    main.o(i.main) refers to _printf_dec.o(.text) for _printf_int_dec
    main.o(i.main) refers to bsp.o(i.bsp_Init) for bsp_Init
    main.o(i.main) refers to main.o(i.PrintfLogo) for PrintfLogo
    main.o(i.main) refers to main.o(i.PrintfHelp) for PrintfHelp
    main.o(i.main) refers to bsp_adc.o(i.bsp_InitAdcVolMeter) for bsp_InitAdcVolMeter
    main.o(i.main) refers to bsp_dac.o(i.bsp_InitDac1) for bsp_InitDac1
    main.o(i.main) refers to noretval__2printf.o(.text) for __2printf
    main.o(i.main) refers to bsp_timer.o(i.bsp_StartAutoTimer) for bsp_StartAutoTimer
    main.o(i.main) refers to bsp.o(i.bsp_Idle) for bsp_Idle
    main.o(i.main) refers to bsp_timer.o(i.bsp_CheckTimer) for bsp_CheckTimer
    main.o(i.main) refers to bsp_led.o(i.bsp_LedToggle) for bsp_LedToggle
    main.o(i.main) refers to bsp_key.o(i.bsp_GetKey) for bsp_GetKey
    main.o(i.main) refers to stm32f10x_dac.o(i.DAC_SetChannel1Data) for DAC_SetChannel1Data
    main.o(i.main) refers to main.o(i.DAC_Dsiap) for DAC_Dsiap
    bsp.o(i.bsp_Init) refers to misc.o(i.NVIC_PriorityGroupConfig) for NVIC_PriorityGroupConfig
    bsp.o(i.bsp_Init) refers to bsp_led.o(i.bsp_InitLed) for bsp_InitLed
    bsp.o(i.bsp_Init) refers to bsp_key.o(i.bsp_InitKey) for bsp_InitKey
    bsp.o(i.bsp_Init) refers to bsp_beep.o(i.bsp_InitBeep) for bsp_InitBeep
    bsp.o(i.bsp_Init) refers to bsp_uart.o(i.bsp_InitUart1) for bsp_InitUart1
    bsp.o(i.bsp_Init) refers to bsp_timer.o(i.bsp_InitTimer) for bsp_InitTimer
    bsp.o(i.bsp_RunPer10ms) refers to bsp_key.o(i.bsp_KeyScan) for bsp_KeyScan
    bsp.o(i.delay_ms) refers to bsp_timer.o(i.bsp_DelayMS) for bsp_DelayMS
    bsp.o(i.delay_us) refers to bsp_timer.o(i.bsp_DelayUS) for bsp_DelayUS
    bsp_timer.o(i.SysTick_Handler) refers to bsp_timer.o(i.SysTick_ISR) for SysTick_ISR
    bsp_timer.o(i.SysTick_ISR) refers to bsp_timer.o(i.bsp_SoftTimerDec) for bsp_SoftTimerDec
    bsp_timer.o(i.SysTick_ISR) refers to bsp.o(i.bsp_RunPer1ms) for bsp_RunPer1ms
    bsp_timer.o(i.SysTick_ISR) refers to bsp.o(i.bsp_RunPer10ms) for bsp_RunPer10ms
    bsp_timer.o(i.SysTick_ISR) refers to bsp_timer.o(.data) for s_uiDelayCount
    bsp_timer.o(i.SysTick_ISR) refers to bsp_timer.o(.bss) for s_tTmr
    bsp_timer.o(i.bsp_CheckRunTime) refers to bsp_timer.o(i.__set_PRIMASK) for __set_PRIMASK
    bsp_timer.o(i.bsp_CheckRunTime) refers to bsp_timer.o(.data) for g_iRunTime
    bsp_timer.o(i.bsp_CheckTimer) refers to bsp_timer.o(.bss) for s_tTmr
    bsp_timer.o(i.bsp_DelayMS) refers to bsp_timer.o(i.__set_PRIMASK) for __set_PRIMASK
    bsp_timer.o(i.bsp_DelayMS) refers to bsp.o(i.bsp_Idle) for bsp_Idle
    bsp_timer.o(i.bsp_DelayMS) refers to bsp_timer.o(.data) for s_uiDelayCount
    bsp_timer.o(i.bsp_DelayUS) refers to system_stm32f10x.o(.data) for SystemCoreClock
    bsp_timer.o(i.bsp_GetRunTime) refers to bsp_timer.o(i.__set_PRIMASK) for __set_PRIMASK
[...]
    ../fplib/dmul.s                          0x00000000   Number         0  dmul.o ABSOLUTE
    ../fplib/dnaninf.s                       0x00000000   Number         0  dnaninf.o ABSOLUTE
    ../fplib/dretinf.s                       0x00000000   Number         0  dretinf.o ABSOLUTE
    ../fplib/f2d.s                           0x00000000   Number         0  f2d.o ABSOLUTE
    ../fplib/fdiv.s                          0x00000000   Number         0  fdiv.o ABSOLUTE
    ../fplib/ffixu.s                         0x00000000   Number         0  ffixu.o ABSOLUTE
    ../fplib/fflt.s                          0x00000000   Number         0  fflt_clz.o ABSOLUTE
    ../fplib/fmul.s                          0x00000000   Number         0  fmul.o ABSOLUTE
    ../fplib/fnaninf.s                       0x00000000   Number         0  fnaninf.o ABSOLUTE
    ../fplib/fpinit.s                        0x00000000   Number         0  fpinit.o ABSOLUTE
    ../fplib/fretinf.s                       0x00000000   Number         0  fretinf.o ABSOLUTE
    ../fplib/istatus.s                       0x00000000   Number         0  istatus.o ABSOLUTE
    ../fplib/printf1.s                       0x00000000   Number         0  printf1.o ABSOLUTE
    ../fplib/usenofp.s                       0x00000000   Number         0  usenofp.o ABSOLUTE
    ../mathlib/fpclassify.c                  0x00000000   Number         0  fpclassify.o ABSOLUTE
    ..\Libraries\CMSIS\core_cm3.c            0x00000000   Number         0  core_cm3.o ABSOLUTE
    ..\Libraries\CMSIS\startup\startup_stm32f10x_hd.s 0x00000000   Number         0  startup_stm32f10x_hd.o ABSOLUTE
    ..\Libraries\CMSIS\system_stm32f10x.c    0x00000000   Number         0  system_stm32f10x.o ABSOLUTE
    ..\Libraries\STM32F10x_StdPeriph_Driver\src\misc.c 0x00000000   Number         0  misc.o ABSOLUTE
    ..\Libraries\STM32F10x_StdPeriph_Driver\src\stm32f10x_adc.c 0x00000000   Number         0  stm32f10x_adc.o ABSOLUTE
    ..\Libraries\STM32F10x_StdPeriph_Driver\src\stm32f10x_dac.c 0x00000000   Number         0  stm32f10x_dac.o ABSOLUTE
    ..\Libraries\STM32F10x_StdPeriph_Driver\src\stm32f10x_exti.c 0x00000000   Number         0  stm32f10x_exti.o ABSOLUTE
    ..\Libraries\STM32F10x_StdPeriph_Driver\src\stm32f10x_gpio.c 0x00000000   Number         0  stm32f10x_gpio.o ABSOLUTE
    ..\Libraries\STM32F10x_StdPeriph_Driver\src\stm32f10x_iwdg.c 0x00000000   Number         0  stm32f10x_iwdg.o ABSOLUTE
    ..\Libraries\STM32F10x_StdPeriph_Driver\src\stm32f10x_rcc.c 0x00000000   Number         0  stm32f10x_rcc.o ABSOLUTE
    ..\Libraries\STM32F10x_StdPeriph_Driver\src\stm32f10x_tim.c 0x00000000   Number         0  stm32f10x_tim.o ABSOLUTE
    ..\Libraries\STM32F10x_StdPeriph_Driver\src\stm32f10x_usart.c 0x00000000   Number         0  stm32f10x_usart.o ABSOLUTE
    ..\Libraries\STM32F10x_StdPeriph_Driver\src\stm32f10x_wwdg.c 0x00000000   Number         0  stm32f10x_wwdg.o ABSOLUTE
    ..\User\bsp\bsp.c                        0x00000000   Number         0  bsp.o ABSOLUTE
    ..\User\bsp\src\bsp_adc.c                0x00000000   Number         0  bsp_adc.o ABSOLUTE
    ..\User\bsp\src\bsp_adc_led.c            0x00000000   Number         0  bsp_adc_led.o ABSOLUTE
    ..\User\bsp\src\bsp_adc_temp.c           0x00000000   Number         0  bsp_adc_temp.o ABSOLUTE
    ..\User\bsp\src\bsp_beep.c               0x00000000   Number         0  bsp_beep.o ABSOLUTE
    ..\User\bsp\src\bsp_dac.c                0x00000000   Number         0  bsp_dac.o ABSOLUTE
    ..\User\bsp\src\bsp_exti.c               0x00000000   Number         0  bsp_exti.o ABSOLUTE
    ..\User\bsp\src\bsp_iwdg.c               0x00000000   Number         0  bsp_iwdg.o ABSOLUTE
    ..\User\bsp\src\bsp_key.c                0x00000000   Number         0  bsp_key.o ABSOLUTE
    ..\User\bsp\src\bsp_led.c                0x00000000   Number         0  bsp_led.o ABSOLUTE
    ..\User\bsp\src\bsp_tim_pwm.c            0x00000000   Number         0  bsp_tim_pwm.o ABSOLUTE
    ..\User\bsp\src\bsp_timer.c              0x00000000   Number         0  bsp_timer.o ABSOLUTE
    ..\User\bsp\src\bsp_tpad.c               0x00000000   Number         0  bsp_tpad.o ABSOLUTE
    ..\User\bsp\src\bsp_uart.c               0x00000000   Number         0  bsp_uart.o ABSOLUTE
    ..\User\bsp\src\bsp_wwdg.c               0x00000000   Number         0  bsp_wwdg.o ABSOLUTE
    ..\User\main.c                           0x00000000   Number         0  main.o ABSOLUTE
    ..\User\system\stm32f10x_assert.c        0x00000000   Number         0  stm32f10x_assert.o ABSOLUTE
    ..\User\system\stm32f10x_it.c            0x00000000   Number         0  stm32f10x_it.o ABSOLUTE
    ..\\Libraries\\CMSIS\\core_cm3.c         0x00000000   Number         0  core_cm3.o ABSOLUTE
    dc.s                                     0x00000000   Number         0  dc.o ABSOLUTE
    RESET                                    0x08000000   Section      304  startup_stm32f10x_hd.o(RESET)
    !!!main                                  0x08000130   Section        8  __main.o(!!!main)
    !!!scatter                               0x08000138   Section       52  __scatter.o(!!!scatter)
    !!handler_copy                           0x0800016c   Section       26  __scatter_copy.o(!!handler_copy)
    !!handler_zi                             0x08000188   Section       28  __scatter_zi.o(!!handler_zi)
    .ARM.Collect$$_printf_percent$$00000000  0x080001a4   Section        0  _printf_percent.o(.ARM.Collect$$_printf_percent$$00000000)
    .ARM.Collect$$_printf_percent$$00000003  0x080001a4   Section        6  _printf_f.o(.ARM.Collect$$_printf_percent$$00000003)
    .ARM.Collect$$_printf_percent$$00000009  0x080001aa   Section        6  _printf_d.o(.ARM.Collect$$_printf_percent$$00000009)
    .ARM.Collect$$_printf_percent$$0000000C  0x080001b0   Section        6  _printf_x.o(.ARM.Collect$$_printf_percent$$0000000C)
    .ARM.Collect$$_printf_percent$$00000014  0x080001b6   Section        6  _printf_s.o(.ARM.Collect$$_printf_percent$$00000014)
    .ARM.Collect$$_printf_percent$$00000017  0x080001bc   Section        4  _printf_percent_end.o(.ARM.Collect$$_printf_percent$$00000017)
    .ARM.Collect$$libinit$$00000000          0x080001c0   Section        2  libinit.o(.ARM.Collect$$libinit$$00000000)
    .ARM.Collect$$libinit$$00000002          0x080001c2   Section        0  libinit2.o(.ARM.Collect$$libinit$$00000002)
    .ARM.Collect$$libinit$$00000004          0x080001c2   Section        0  libinit2.o(.ARM.Collect$$libinit$$00000004)
    .ARM.Collect$$libinit$$0000000A          0x080001c2   Section        0  libinit2.o(.ARM.Collect$$libinit$$0000000A)
    .ARM.Collect$$libinit$$0000000C          0x080001c2   Section        0  libinit2.o(.ARM.Collect$$libinit$$0000000C)
    .ARM.Collect$$libinit$$0000000E          0x080001c2   Section        0  libinit2.o(.ARM.Collect$$libinit$$0000000E)
    .ARM.Collect$$libinit$$0000000F          0x080001c2   Section        6  libinit2.o(.ARM.Collect$$libinit$$0000000F)
    .ARM.Collect$$libinit$$00000011          0x080001c8   Section        0  libinit2.o(.ARM.Collect$$libinit$$00000011)
    .ARM.Collect$$libinit$$00000013          0x080001c8   Section        0  libinit2.o(.ARM.Collect$$libinit$$00000013)
    .ARM.Collect$$libinit$$00000015          0x080001c8   Section        0  libinit2.o(.ARM.Collect$$libinit$$00000015)
    .ARM.Collect$$libinit$$00000016          0x080001c8   Section       10  libinit2.o(.ARM.Collect$$libinit$$00000016)
    .ARM.Collect$$libinit$$00000017          0x080001d2   Section        0  libinit2.o(.ARM.Collect$$libinit$$00000017)
    .ARM.Collect$$libinit$$00000019          0x080001d2   Section        0  libinit2.o(.ARM.Collect$$libinit$$00000019)
    .ARM.Collect$$libinit$$0000001B          0x080001d2   Section        0  libinit2.o(.ARM.Collect$$libinit$$0000001B)
    .ARM.Collect$$libinit$$0000001D          0x080001d2   Section        0  libinit2.o(.ARM.Collect$$libinit$$0000001D)
    .ARM.Collect$$libinit$$0000001F          0x080001d2   Section        0  libinit2.o(.ARM.Collect$$libinit$$0000001F)
    .ARM.Collect$$libinit$$00000021          0x080001d2   Section        0  libinit2.o(.ARM.Collect$$libinit$$00000021)
    .ARM.Collect$$libinit$$00000023          0x080001d2   Section        0  libinit2.o(.ARM.Collect$$libinit$$00000023)
    .ARM.Collect$$libinit$$00000025          0x080001d2   Section        0  libinit2.o(.ARM.Collect$$libinit$$00000025)
    .ARM.Collect$$libinit$$0000002C          0x080001d2   Section        0  libinit2.o(.ARM.Collect$$libinit$$0000002C)
    .ARM.Collect$$libinit$$0000002E          0x080001d2   Section        0  libinit2.o(.ARM.Collect$$libinit$$0000002E)
    .ARM.Collect$$libinit$$00000030          0x080001d2   Section        0  libinit2.o(.ARM.Collect$$libinit$$00000030)
    .ARM.Collect$$libinit$$00000032          0x080001d2   Section        0  libinit2.o(.ARM.Collect$$libinit$$00000032)
    .ARM.Collect$$libinit$$00000033          0x080001d2   Section        2  libinit2.o(.ARM.Collect$$libinit$$00000033)
    .ARM.Collect$$libshutdown$$00000000      0x080001d4   Section        2  libshutdown.o(.ARM.Collect$$libshutdown$$00000000)
    .ARM.Collect$$libshutdown$$00000002      0x080001d6   Section        0  libshutdown2.o(.ARM.Collect$$libshutdown$$00000002)
    .ARM.Collect$$libshutdown$$00000004      0x080001d6   Section        0  libshutdown2.o(.ARM.Collect$$libshutdown$$00000004)
    .ARM.Collect$$libshutdown$$00000007      0x080001d6   Section        0  libshutdown2.o(.ARM.Collect$$libshutdown$$00000007)
    .ARM.Collect$$libshutdown$$0000000A      0x080001d6   Section        0  libshutdown2.o(.ARM.Collect$$libshutdown$$0000000A)
    .ARM.Collect$$libshutdown$$0000000C      0x080001d6   Section        0  libshutdown2.o(.ARM.Collect$$libshutdown$$0000000C)
    .ARM.Collect$$libshutdown$$0000000F      0x080001d6   Section        0  libshutdown2.o(.ARM.Collect$$libshutdown$$0000000F)
    .ARM.Collect$$libshutdown$$00000010      0x080001d6   Section        2  libshutdown2.o(.ARM.Collect$$libshutdown$$00000010)
    .ARM.Collect$$rtentry$$00000000          0x080001d8   Section        0  __rtentry.o(.ARM.Collect$$rtentry$$00000000)
    .ARM.Collect$$rtentry$$00000002          0x080001d8   Section        0  __rtentry2.o(.ARM.Collect$$rtentry$$00000002)
    .ARM.Collect$$rtentry$$00000004          0x080001d8   Section        6  __rtentry4.o(.ARM.Collect$$rtentry$$00000004)
    .ARM.Collect$$rtentry$$00000009          0x080001de   Section        0  __rtentry2.o(.ARM.Collect$$rtentry$$00000009)
    .ARM.Collect$$rtentry$$0000000A          0x080001de   Section        4  __rtentry2.o(.ARM.Collect$$rtentry$$0000000A)
    .ARM.Collect$$rtentry$$0000000C          0x080001e2   Section        0  __rtentry2.o(.ARM.Collect$$rtentry$$0000000C)
    .ARM.Collect$$rtentry$$0000000D          0x080001e2   Section        8  __rtentry2.o(.ARM.Collect$$rtentry$$0000000D)
    .ARM.Collect$$rtexit$$00000000           0x080001ea   Section        2  rtexit.o(.ARM.Collect$$rtexit$$00000000)
    .ARM.Collect$$rtexit$$00000002           0x080001ec   Section        0  rtexit2.o(.ARM.Collect$$rtexit$$00000002)
    .ARM.Collect$$rtexit$$00000003           0x080001ec   Section        4  rtexit2.o(.ARM.Collect$$rtexit$$00000003)
    .ARM.Collect$$rtexit$$00000004           0x080001f0   Section        6  rtexit2.o(.ARM.Collect$$rtexit$$00000004)
    .text                                    0x080001f8   Section       64  startup_stm32f10x_hd.o(.text)
    .text                                    0x08000238   Section        2  use_no_semi_2.o(.text)
    .text                                    0x0800023c   Section        0  noretval__2printf.o(.text)
    .text                                    0x08000254   Section        0  _printf_pad.o(.text)
    .text                                    0x080002a2   Section        0  _printf_str.o(.text)
    .text                                    0x080002f4   Section        0  _printf_dec.o(.text)
    .text                                    0x0800036c   Section        0  _printf_hex_int.o(.text)
    .text                                    0x080003c4   Section        0  __printf_flags_wp.o(.text)
    .text                                    0x080004fc   Section        0  heapauxi.o(.text)
    .text                                    0x08000502   Section        2  use_no_semi.o(.text)
    .text                                    0x08000504   Section        0  _printf_intcommon.o(.text)
    .text                                    0x080005b6   Section        0  _printf_fp_dec.o(.text)
    _fp_digits                               0x080005b9   Thumb Code   432  _printf_fp_dec.o(.text)
    .text                                    0x080009d4   Section        0  _printf_char.o(.text)
    .text                                    0x08000a00   Section        0  _printf_char_file.o(.text)
    .text                                    0x08000a24   Section        8  rt_locale_intlibspace.o(.text)
    .text                                    0x08000a2c   Section      138  lludiv10.o(.text)
    .text                                    0x08000ab8   Section        0  _printf_char_common.o(.text)
    _printf_input_char                       0x08000ab9   Thumb Code    10  _printf_char_common.o(.text)
    .text                                    0x08000ae8   Section        0  _printf_fp_infnan.o(.text)
    .text                                    0x08000b68   Section        0  bigflt0.o(.text)
    .text                                    0x08000c4c   Section        0  ferror.o(.text)
    .text                                    0x08000c54   Section        8  libspace.o(.text)
    .text                                    0x08000c5c   Section       74  sys_stackheap_outer.o(.text)
    .text                                    0x08000ca6   Section        0  exit.o(.text)
    .text                                    0x08000cb8   Section      128  strcmpv7m.o(.text)
    CL$$btod_d2e                             0x08000d38   Section       62  btod.o(CL$$btod_d2e)
    CL$$btod_d2e_denorm_low                  0x08000d76   Section       70  btod.o(CL$$btod_d2e_denorm_low)
    CL$$btod_d2e_norm_op1                    0x08000dbc   Section       96  btod.o(CL$$btod_d2e_norm_op1)
    CL$$btod_div_common                      0x08000e1c   Section      824  btod.o(CL$$btod_div_common)
    CL$$btod_e2e                             0x08001154   Section      220  btod.o(CL$$btod_e2e)
    CL$$btod_ediv                            0x08001230   Section       42  btod.o(CL$$btod_ediv)
    CL$$btod_emul                            0x0800125a   Section       42  btod.o(CL$$btod_emul)
    CL$$btod_mult_common                     0x08001284   Section      580  btod.o(CL$$btod_mult_common)
    i.ADC_Cmd                                0x080014c8   Section        0  stm32f10x_adc.o(i.ADC_Cmd)
    i.ADC_DeInit                             0x080014e0   Section        0  stm32f10x_adc.o(i.ADC_DeInit)
    i.ADC_GetCalibrationStatus               0x0800153c   Section        0  stm32f10x_adc.o(i.ADC_GetCalibrationStatus)
    i.ADC_GetConversionValue                 0x08001550   Section        0  stm32f10x_adc.o(i.ADC_GetConversionValue)
    i.ADC_GetFlagStatus                      0x08001558   Section        0  stm32f10x_adc.o(i.ADC_GetFlagStatus)
    i.ADC_GetResetCalibrationStatus          0x0800156a   Section        0  stm32f10x_adc.o(i.ADC_GetResetCalibrationStatus)
    i.ADC_Init                               0x08001580   Section        0  stm32f10x_adc.o(i.ADC_Init)
    i.ADC_RegularChannelConfig               0x080015d0   Section        0  stm32f10x_adc.o(i.ADC_RegularChannelConfig)
    i.ADC_ResetCalibration                   0x08001688   Section        0  stm32f10x_adc.o(i.ADC_ResetCalibration)
    i.ADC_SoftwareStartConvCmd               0x08001692   Section        0  stm32f10x_adc.o(i.ADC_SoftwareStartConvCmd)
    i.ADC_StartCalibration                   0x080016a8   Section        0  stm32f10x_adc.o(i.ADC_StartCalibration)
    i.BusFault_Handler                       0x080016b2   Section        0  stm32f10x_it.o(i.BusFault_Handler)
    i.DAC_Cmd                                0x080016b8   Section        0  stm32f10x_dac.o(i.DAC_Cmd)
    i.DAC_Dsiap                              0x080016e0   Section        0  main.o(i.DAC_Dsiap)
    DAC_Dsiap                                0x080016e1   Thumb Code    68  main.o(i.DAC_Dsiap)
    i.DAC_Init                               0x08001758   Section        0  stm32f10x_dac.o(i.DAC_Init)
    i.DAC_SetChannel1Data                    0x0800178c   Section        0  stm32f10x_dac.o(i.DAC_SetChannel1Data)
    i.DebugMon_Handler                       0x080017ac   Section        0  stm32f10x_it.o(i.DebugMon_Handler)
    i.EXTI0_IRQHandler                       0x080017b0   Section        0  bsp_exti.o(i.EXTI0_IRQHandler)
    i.EXTI2_IRQHandler                       0x080017d4   Section        0  bsp_exti.o(i.EXTI2_IRQHandler)
    i.EXTI3_IRQHandler                       0x080017fc   Section        0  bsp_exti.o(i.EXTI3_IRQHandler)
    i.EXTI4_IRQHandler                       0x08001820   Section        0  bsp_exti.o(i.EXTI4_IRQHandler)
    i.EXTI_ClearITPendingBit                 0x08001844   Section        0  stm32f10x_exti.o(i.EXTI_ClearITPendingBit)
    i.EXTI_GetITStatus                       0x08001850   Section        0  stm32f10x_exti.o(i.EXTI_GetITStatus)
    i.GPIO_Init                              0x08001878   Section        0  stm32f10x_gpio.o(i.GPIO_Init)
    i.GPIO_PinRemapConfig                    0x08001990   Section        0  stm32f10x_gpio.o(i.GPIO_PinRemapConfig)
    i.GPIO_SetBits                           0x08001a20   Section        0  stm32f10x_gpio.o(i.GPIO_SetBits)
    i.Get_Adc                                0x08001a24   Section        0  bsp_adc.o(i.Get_Adc)
    Get_Adc                                  0x08001a25   Thumb Code    34  bsp_adc.o(i.Get_Adc)
    i.Get_Adc_Average                        0x08001a46   Section        0  bsp_adc.o(i.Get_Adc_Average)
    Get_Adc_Average                          0x08001a47   Thumb Code    40  bsp_adc.o(i.Get_Adc_Average)
    i.Get_Adc_Volmeter                       0x08001a70   Section        0  bsp_adc.o(i.Get_Adc_Volmeter)
    i.HardFault_Handler                      0x08001a84   Section        0  stm32f10x_it.o(i.HardFault_Handler)
    i.IsKeyDown1                             0x08001aac   Section        0  bsp_key.o(i.IsKeyDown1)
    IsKeyDown1                               0x08001aad   Thumb Code    38  bsp_key.o(i.IsKeyDown1)
    i.IsKeyDown2                             0x08001adc   Section        0  bsp_key.o(i.IsKeyDown2)
    IsKeyDown2                               0x08001add   Thumb Code    38  bsp_key.o(i.IsKeyDown2)
    i.IsKeyDown3                             0x08001b0c   Section        0  bsp_key.o(i.IsKeyDown3)
    IsKeyDown3                               0x08001b0d   Thumb Code    38  bsp_key.o(i.IsKeyDown3)
    i.IsKeyDown4                             0x08001b3c   Section        0  bsp_key.o(i.IsKeyDown4)
    IsKeyDown4                               0x08001b3d   Thumb Code    38  bsp_key.o(i.IsKeyDown4)
    i.IsKeyDown5                             0x08001b6c   Section        0  bsp_key.o(i.IsKeyDown5)
    IsKeyDown5                               0x08001b6d   Thumb Code    38  bsp_key.o(i.IsKeyDown5)
    i.IsKeyDown6                             0x08001b9c   Section        0  bsp_key.o(i.IsKeyDown6)
    IsKeyDown6                               0x08001b9d   Thumb Code    38  bsp_key.o(i.IsKeyDown6)
    i.MemManage_Handler                      0x08001bcc   Section        0  stm32f10x_it.o(i.MemManage_Handler)
    i.NMI_Handler                            0x08001bd0   Section        0  stm32f10x_it.o(i.NMI_Handler)
    i.NVIC_Init                              0x08001bd4   Section        0  misc.o(i.NVIC_Init)
    i.NVIC_PriorityGroupConfig               0x08001c44   Section        0  misc.o(i.NVIC_PriorityGroupConfig)
    i.PendSV_Handler                         0x08001c58   Section        0  stm32f10x_it.o(i.PendSV_Handler)
    i.PrintfHelp                             0x08001c5c   Section        0  main.o(i.PrintfHelp)
    PrintfHelp                               0x08001c5d   Thumb Code    34  main.o(i.PrintfHelp)
    i.PrintfLogo                             0x08001cf8   Section        0  main.o(i.PrintfLogo)
    PrintfLogo                               0x08001cf9   Thumb Code    88  main.o(i.PrintfLogo)
    i.RCC_APB1PeriphClockCmd                 0x08001e84   Section        0  stm32f10x_rcc.o(i.RCC_APB1PeriphClockCmd)
    i.RCC_APB2PeriphClockCmd                 0x08001ea4   Section        0  stm32f10x_rcc.o(i.RCC_APB2PeriphClockCmd)
    i.RCC_APB2PeriphResetCmd                 0x08001ec4   Section        0  stm32f10x_rcc.o(i.RCC_APB2PeriphResetCmd)
    i.RCC_GetClocksFreq                      0x08001ee4   Section        0  stm32f10x_rcc.o(i.RCC_GetClocksFreq)
    i.SVC_Handler                            0x08001fb8   Section        0  stm32f10x_it.o(i.SVC_Handler)
    i.SetSysClock                            0x08001fba   Section        0  system_stm32f10x.o(i.SetSysClock)
    SetSysClock                              0x08001fbb   Thumb Code     8  system_stm32f10x.o(i.SetSysClock)
    i.SetSysClockTo72                        0x08001fc4   Section        0  system_stm32f10x.o(i.SetSysClockTo72)
    SetSysClockTo72                          0x08001fc5   Thumb Code   214  system_stm32f10x.o(i.SetSysClockTo72)
    i.SysTick_Handler                        0x080020a4   Section        0  bsp_timer.o(i.SysTick_Handler)
    i.SysTick_ISR                            0x080020ac   Section        0  bsp_timer.o(i.SysTick_ISR)
    i.SystemInit                             0x08002130   Section        0  system_stm32f10x.o(i.SystemInit)
    i.USART1_IRQHandler                      0x08002190   Section        0  bsp_uart.o(i.USART1_IRQHandler)
    i.USART_Cmd                              0x080021ec   Section        0  stm32f10x_usart.o(i.USART_Cmd)
    i.USART_GetITStatus                      0x08002204   Section        0  stm32f10x_usart.o(i.USART_GetITStatus)
    i.USART_ITConfig                         0x08002258   Section        0  stm32f10x_usart.o(i.USART_ITConfig)
    i.USART_Init                             0x080022a4   Section        0  stm32f10x_usart.o(i.USART_Init)
    i.UsageFault_Handler                     0x0800237c   Section        0  stm32f10x_it.o(i.UsageFault_Handler)
    i.WWDG_ClearFlag                         0x08002380   Section        0  stm32f10x_wwdg.o(i.WWDG_ClearFlag)
    i.WWDG_GetFlagStatus                     0x0800238c   Section        0  stm32f10x_wwdg.o(i.WWDG_GetFlagStatus)
    i.WWDG_IRQHandler                        0x08002398   Section        0  bsp_wwdg.o(i.WWDG_IRQHandler)
    i.WWDG_SetCounter                        0x080023ac   Section        0  stm32f10x_wwdg.o(i.WWDG_SetCounter)
    i.__ARM_fpclassify                       0x080023bc   Section        0  fpclassify.o(i.__ARM_fpclassify)
    i.__set_PRIMASK                          0x080023e4   Section        0  bsp_timer.o(i.__set_PRIMASK)
    __set_PRIMASK                            0x080023e5   Thumb Code     6  bsp_timer.o(i.__set_PRIMASK)
    i._is_digit                              0x080023ea   Section        0  __printf_wp.o(i._is_digit)
    i._sys_exit                              0x080023f8   Section        0  bsp_uart.o(i._sys_exit)
    i.bsp_BeepToggle                         0x080023fc   Section        0  bsp_beep.o(i.bsp_BeepToggle)
    i.bsp_CheckTimer                         0x08002410   Section        0  bsp_timer.o(i.bsp_CheckTimer)
    i.bsp_DetectKey                          0x08002444   Section        0  bsp_key.o(i.bsp_DetectKey)
    bsp_DetectKey                            0x08002445   Thumb Code   198  bsp_key.o(i.bsp_DetectKey)
    i.bsp_GetKey                             0x08002510   Section        0  bsp_key.o(i.bsp_GetKey)
    i.bsp_Idle                               0x08002544   Section        0  bsp.o(i.bsp_Idle)
    i.bsp_Init                               0x08002546   Section        0  bsp.o(i.bsp_Init)
    i.bsp_InitAdc                            0x0800256c   Section        0  bsp_adc.o(i.bsp_InitAdc)
    bsp_InitAdc                              0x0800256d   Thumb Code   220  bsp_adc.o(i.bsp_InitAdc)
    i.bsp_InitAdcVolMeter                    0x08002654   Section        0  bsp_adc.o(i.bsp_InitAdcVolMeter)
    i.bsp_InitBeep                           0x08002688   Section        0  bsp_beep.o(i.bsp_InitBeep)
    i.bsp_InitDac1                           0x080026b4   Section        0  bsp_dac.o(i.bsp_InitDac1)
    i.bsp_InitKey                            0x08002718   Section        0  bsp_key.o(i.bsp_InitKey)
    i.bsp_InitKeyHard                        0x08002724   Section        0  bsp_key.o(i.bsp_InitKeyHard)
    bsp_InitKeyHard                          0x08002725   Thumb Code   100  bsp_key.o(i.bsp_InitKeyHard)
    i.bsp_InitKeyVar                         0x08002794   Section        0  bsp_key.o(i.bsp_InitKeyVar)
    bsp_InitKeyVar                           0x08002795   Thumb Code    96  bsp_key.o(i.bsp_InitKeyVar)
    i.bsp_InitLed                            0x08002814   Section        0  bsp_led.o(i.bsp_InitLed)
    i.bsp_InitTimer                          0x0800286c   Section        0  bsp_timer.o(i.bsp_InitTimer)
    i.bsp_InitUart1                          0x08002908   Section        0  bsp_uart.o(i.bsp_InitUart1)
    i.bsp_KeyScan                            0x080029bc   Section        0  bsp_key.o(i.bsp_KeyScan)
    i.bsp_LedToggle                          0x080029d4   Section        0  bsp_led.o(i.bsp_LedToggle)
    i.bsp_PutKey                             0x08002a00   Section        0  bsp_key.o(i.bsp_PutKey)
    i.bsp_RunPer10ms                         0x08002a20   Section        0  bsp.o(i.bsp_RunPer10ms)
    i.bsp_RunPer1ms                          0x08002a28   Section        0  bsp.o(i.bsp_RunPer1ms)
    i.bsp_SoftTimerDec                       0x08002a2a   Section        0  bsp_timer.o(i.bsp_SoftTimerDec)
    bsp_SoftTimerDec                         0x08002a2b   Thumb Code    28  bsp_timer.o(i.bsp_SoftTimerDec)
    i.bsp_StartAutoTimer                     0x08002a48   Section        0  bsp_timer.o(i.bsp_StartAutoTimer)
    i.fputc                                  0x08002a98   Section        0  bsp_uart.o(i.fputc)
    i.main                                   0x08002ab4   Section        0  main.o(i.main)
    locale$$code                             0x08002b64   Section       44  lc_numeric_c.o(locale$$code)
    x$fpl$d2f                                0x08002b90   Section       98  d2f.o(x$fpl$d2f)
    x$fpl$dmul                               0x08002bf4   Section      340  dmul.o(x$fpl$dmul)
    x$fpl$dnaninf                            0x08002d48   Section      156  dnaninf.o(x$fpl$dnaninf)
    x$fpl$dretinf                            0x08002de4   Section       12  dretinf.o(x$fpl$dretinf)
    x$fpl$f2d                                0x08002df0   Section       86  f2d.o(x$fpl$f2d)
    x$fpl$ffltu                              0x08002e48   Section       38  fflt_clz.o(x$fpl$ffltu)
    x$fpl$fnaninf                            0x08002e6e   Section      140  fnaninf.o(x$fpl$fnaninf)
    x$fpl$fretinf                            0x08002efa   Section       10  fretinf.o(x$fpl$fretinf)
    x$fpl$printf1                            0x08002f04   Section        4  printf1.o(x$fpl$printf1)
    .constdata                               0x08002f08   Section       40  _printf_hex_int.o(.constdata)
    x$fpl$usenofp                            0x08002f08   Section        0  usenofp.o(x$fpl$usenofp)
    uc_hextab                                0x08002f08   Data          20  _printf_hex_int.o(.constdata)
    lc_hextab                                0x08002f1c   Data          20  _printf_hex_int.o(.constdata)
    .constdata                               0x08002f30   Section       17  __printf_flags_wp.o(.constdata)
    maptable                                 0x08002f30   Data          17  __printf_flags_wp.o(.constdata)
    .constdata                               0x08002f44   Section      148  bigflt0.o(.constdata)
    tenpwrs_x                                0x08002f44   Data          60  bigflt0.o(.constdata)
    tenpwrs_i                                0x08002f80   Data          64  bigflt0.o(.constdata)
    .conststring                             0x08002fd8   Section       81  main.o(.conststring)
    locale$$data                             0x0800304c   Section       28  lc_numeric_c.o(locale$$data)
    __lcnum_c_name                           0x08003050   Data           2  lc_numeric_c.o(locale$$data)
    __lcnum_c_start                          0x08003058   Data           0  lc_numeric_c.o(locale$$data)
    __lcnum_c_point                          0x08003064   Data           0  lc_numeric_c.o(locale$$data)
    __lcnum_c_thousands                      0x08003066   Data           0  lc_numeric_c.o(locale$$data)
    __lcnum_c_grouping                       0x08003067   Data           0  lc_numeric_c.o(locale$$data)
    __lcnum_c_end                            0x08003068   Data           0  lc_numeric_c.o(locale$$data)
    .data                                    0x20000000   Section        4  main.o(.data)
    .data                                    0x20000004   Section       13  bsp_timer.o(.data)
    s_uiDelayCount                           0x20000004   Data           4  bsp_timer.o(.data)
    s_ucTimeOutFlag                          0x20000008   Data           1  bsp_timer.o(.data)
    s_count                                  0x20000010   Data           1  bsp_timer.o(.data)
    .data                                    0x20000014   Section        4  bsp_uart.o(.data)
    .data                                    0x20000018   Section       20  system_stm32f10x.o(.data)
    .data                                    0x2000002c   Section       20  stm32f10x_rcc.o(.data)
    APBAHBPrescTable                         0x2000002c   Data          16  stm32f10x_rcc.o(.data)
    ADCPrescTable                            0x2000003c   Data           4  stm32f10x_rcc.o(.data)
    .bss                                     0x20000040   Section     1024  main.o(.bss)
    .bss                                     0x20000440   Section       48  bsp_timer.o(.bss)
    s_tTmr                                   0x20000440   Data          48  bsp_timer.o(.bss)
    .bss                                     0x20000470   Section      109  bsp_key.o(.bss)
    s_tBtn                                   0x20000470   Data          96  bsp_key.o(.bss)
    s_tKey                                   0x200004d0   Data          13  bsp_key.o(.bss)
    .bss                                     0x200004e0   Section       96  libspace.o(.bss)
    HEAP                                     0x20000540   Section      512  startup_stm32f10x_hd.o(HEAP)
    Heap_Mem                                 0x20000540   Data         512  startup_stm32f10x_hd.o(HEAP)
    STACK                                    0x20000740   Section     1024  startup_stm32f10x_hd.o(STACK)
    Stack_Mem                                0x20000740   Data        1024  startup_stm32f10x_hd.o(STACK)
    __initial_sp                             0x20000b40   Data           0  startup_stm32f10x_hd.o(STACK)

    Global Symbols

    Symbol Name                              Value     Ov Type        Size  Object(Section)

    BuildAttributes$$THM_ISAv4$P$D$K$B$S$PE$A:L22UL41UL21$X:L11$S22US41US21$IEEE1$IW$USESV6$~STKCKD$USESV7$~SHL$OTIME$ROPI$IEEEJ$EBA8$UX$STANDARDLIB$REQ8$PRES8$EABIv2 0x00000000   Number         0  anon$$obj.o ABSOLUTE
    __ARM_use_no_argv                        0x00000000   Number         0  main.o ABSOLUTE
    _printf_flags                            0x00000000   Number         0  printf_stubs.o ABSOLUTE
    _printf_return_value                     0x00000000   Number         0  printf_stubs.o ABSOLUTE
    _printf_sizespec                         0x00000000   Number         0  printf_stubs.o ABSOLUTE
    _printf_widthprec                        0x00000000   Number         0  printf_stubs.o ABSOLUTE
    __ARM_exceptions_init                     - Undefined Weak Reference
    __alloca_initialize                       - Undefined Weak Reference
    __arm_preinit_                            - Undefined Weak Reference
    __cpp_initialize__aeabi_                  - Undefined Weak Reference
    __cxa_finalize                            - Undefined Weak Reference
    __sigvec_lookup                           - Undefined Weak Reference
    _atexit_init                              - Undefined Weak Reference
    _call_atexit_fns                          - Undefined Weak Reference
    _clock_init                               - Undefined Weak Reference
    _fp_trap_init                             - Undefined Weak Reference
    _fp_trap_shutdown                         - Undefined Weak Reference
    _get_lc_collate                           - Undefined Weak Reference
    _get_lc_ctype                             - Undefined Weak Reference
    _get_lc_monetary                          - Undefined Weak Reference
    _get_lc_time                              - Undefined Weak Reference
    _getenv_init                              - Undefined Weak Reference
    _handle_redirection                       - Undefined Weak Reference
    _init_alloc                               - Undefined Weak Reference
    _init_user_alloc                          - Undefined Weak Reference
    _initio                                   - Undefined Weak Reference
    _mutex_acquire                            - Undefined Weak Reference
    _mutex_release                            - Undefined Weak Reference
    _printf_mbtowc                            - Undefined Weak Reference
    _printf_truncate_signed                   - Undefined Weak Reference
    _printf_truncate_unsigned                 - Undefined Weak Reference
    _rand_init                                - Undefined Weak Reference
    _signal_finish                            - Undefined Weak Reference
    _signal_init                              - Undefined Weak Reference
    _terminate_alloc                          - Undefined Weak Reference
    _terminate_user_alloc                     - Undefined Weak Reference
    _terminateio                              - Undefined Weak Reference
    __Vectors_Size                           0x00000130   Number         0  startup_stm32f10x_hd.o ABSOLUTE
    __Vectors                                0x08000000   Data           4  startup_stm32f10x_hd.o(RESET)
    __Vectors_End                            0x08000130   Data           0  startup_stm32f10x_hd.o(RESET)
    __main                                   0x08000131   Thumb Code     8  __main.o(!!!main)
    __scatterload                            0x08000139   Thumb Code     0  __scatter.o(!!!scatter)
    __scatterload_rt2                        0x08000139   Thumb Code    44  __scatter.o(!!!scatter)
    __scatterload_rt2_thumb_only             0x08000139   Thumb Code     0  __scatter.o(!!!scatter)
    __scatterload_null                       0x08000147   Thumb Code     0  __scatter.o(!!!scatter)
    __scatterload_copy                       0x0800016d   Thumb Code    26  __scatter_copy.o(!!handler_copy)
    __scatterload_zeroinit                   0x08000189   Thumb Code    28  __scatter_zi.o(!!handler_zi)
    _printf_f                                0x080001a5   Thumb Code     0  _printf_f.o(.ARM.Collect$$_printf_percent$$00000003)
    _printf_percent                          0x080001a5   Thumb Code     0  _printf_percent.o(.ARM.Collect$$_printf_percent$$00000000)
    _printf_d                                0x080001ab   Thumb Code     0  _printf_d.o(.ARM.Collect$$_printf_percent$$00000009)
    _printf_x                                0x080001b1   Thumb Code     0  _printf_x.o(.ARM.Collect$$_printf_percent$$0000000C)
    _printf_s                                0x080001b7   Thumb Code     0  _printf_s.o(.ARM.Collect$$_printf_percent$$00000014)
    _printf_percent_end                      0x080001bd   Thumb Code     0  _printf_percent_end.o(.ARM.Collect$$_printf_percent$$00000017)
    __rt_lib_init                            0x080001c1   Thumb Code     0  libinit.o(.ARM.Collect$$libinit$$00000000)
    __rt_lib_init_fp_1                       0x080001c3   Thumb Code     0  libinit2.o(.ARM.Collect$$libinit$$00000002)
    __rt_lib_init_heap_1                     0x080001c3   Thumb Code     0  libinit2.o(.ARM.Collect$$libinit$$0000000A)
    __rt_lib_init_lc_common                  0x080001c3   Thumb Code     0  libinit2.o(.ARM.Collect$$libinit$$0000000F)
    __rt_lib_init_preinit_1                  0x080001c3   Thumb Code     0  libinit2.o(.ARM.Collect$$libinit$$00000004)
    __rt_lib_init_rand_1                     0x080001c3   Thumb Code     0  libinit2.o(.ARM.Collect$$libinit$$0000000E)
    __rt_lib_init_user_alloc_1               0x080001c3   Thumb Code     0  libinit2.o(.ARM.Collect$$libinit$$0000000C)
    __rt_lib_init_lc_collate_1               0x080001c9   Thumb Code     0  libinit2.o(.ARM.Collect$$libinit$$00000011)
    __rt_lib_init_lc_ctype_1                 0x080001c9   Thumb Code     0  libinit2.o(.ARM.Collect$$libinit$$00000013)
    __rt_lib_init_lc_monetary_1              0x080001c9   Thumb Code     0  libinit2.o(.ARM.Collect$$libinit$$00000015)
    __rt_lib_init_lc_numeric_2               0x080001c9   Thumb Code     0  libinit2.o(.ARM.Collect$$libinit$$00000016)
    __rt_lib_init_alloca_1                   0x080001d3   Thumb Code     0  libinit2.o(.ARM.Collect$$libinit$$0000002E)
    __rt_lib_init_argv_1                     0x080001d3   Thumb Code     0  libinit2.o(.ARM.Collect$$libinit$$0000002C)
    __rt_lib_init_atexit_1                   0x080001d3   Thumb Code     0  libinit2.o(.ARM.Collect$$libinit$$0000001B)
    __rt_lib_init_clock_1                    0x080001d3   Thumb Code     0  libinit2.o(.ARM.Collect$$libinit$$00000021)
    __rt_lib_init_cpp_1                      0x080001d3   Thumb Code     0  libinit2.o(.ARM.Collect$$libinit$$00000032)
    __rt_lib_init_exceptions_1               0x080001d3   Thumb Code     0  libinit2.o(.ARM.Collect$$libinit$$00000030)
    __rt_lib_init_fp_trap_1                  0x080001d3   Thumb Code     0  libinit2.o(.ARM.Collect$$libinit$$0000001F)
    __rt_lib_init_getenv_1                   0x080001d3   Thumb Code     0  libinit2.o(.ARM.Collect$$libinit$$00000023)
    __rt_lib_init_lc_numeric_1               0x080001d3   Thumb Code     0  libinit2.o(.ARM.Collect$$libinit$$00000017)
    __rt_lib_init_lc_time_1                  0x080001d3   Thumb Code     0  libinit2.o(.ARM.Collect$$libinit$$00000019)
    __rt_lib_init_return                     0x080001d3   Thumb Code     0  libinit2.o(.ARM.Collect$$libinit$$00000033)
    __rt_lib_init_signal_1                   0x080001d3   Thumb Code     0  libinit2.o(.ARM.Collect$$libinit$$0000001D)
    __rt_lib_init_stdio_1                    0x080001d3   Thumb Code     0  libinit2.o(.ARM.Collect$$libinit$$00000025)
    __rt_lib_shutdown                        0x080001d5   Thumb Code     0  libshutdown.o(.ARM.Collect$$libshutdown$$00000000)
    __rt_lib_shutdown_cpp_1                  0x080001d7   Thumb Code     0  libshutdown2.o(.ARM.Collect$$libshutdown$$00000002)
    __rt_lib_shutdown_fp_trap_1              0x080001d7   Thumb Code     0  libshutdown2.o(.ARM.Collect$$libshutdown$$00000007)
    __rt_lib_shutdown_heap_1                 0x080001d7   Thumb Code     0  libshutdown2.o(.ARM.Collect$$libshutdown$$0000000F)
    __rt_lib_shutdown_return                 0x080001d7   Thumb Code     0  libshutdown2.o(.ARM.Collect$$libshutdown$$00000010)
    __rt_lib_shutdown_signal_1               0x080001d7   Thumb Code     0  libshutdown2.o(.ARM.Collect$$libshutdown$$0000000A)
    __rt_lib_shutdown_stdio_1                0x080001d7   Thumb Code     0  libshutdown2.o(.ARM.Collect$$libshutdown$$00000004)
    __rt_lib_shutdown_user_alloc_1           0x080001d7   Thumb Code     0  libshutdown2.o(.ARM.Collect$$libshutdown$$0000000C)
    __rt_entry                               0x080001d9   Thumb Code     0  __rtentry.o(.ARM.Collect$$rtentry$$00000000)
    __rt_entry_presh_1                       0x080001d9   Thumb Code     0  __rtentry2.o(.ARM.Collect$$rtentry$$00000002)
    __rt_entry_sh                            0x080001d9   Thumb Code     0  __rtentry4.o(.ARM.Collect$$rtentry$$00000004)
    __rt_entry_li                            0x080001df   Thumb Code     0  __rtentry2.o(.ARM.Collect$$rtentry$$0000000A)
    __rt_entry_postsh_1                      0x080001df   Thumb Code     0  __rtentry2.o(.ARM.Collect$$rtentry$$00000009)
    __rt_entry_main                          0x080001e3   Thumb Code     0  __rtentry2.o(.ARM.Collect$$rtentry$$0000000D)
    __rt_entry_postli_1                      0x080001e3   Thumb Code     0  __rtentry2.o(.ARM.Collect$$rtentry$$0000000C)
    __rt_exit                                0x080001eb   Thumb Code     0  rtexit.o(.ARM.Collect$$rtexit$$00000000)
    __rt_exit_ls                             0x080001ed   Thumb Code     0  rtexit2.o(.ARM.Collect$$rtexit$$00000003)
    __rt_exit_prels_1                        0x080001ed   Thumb Code     0  rtexit2.o(.ARM.Collect$$rtexit$$00000002)
    __rt_exit_exit                           0x080001f1   Thumb Code     0  rtexit2.o(.ARM.Collect$$rtexit$$00000004)
    Reset_Handler                            0x080001f9   Thumb Code     8  startup_stm32f10x_hd.o(.text)
    ADC1_2_IRQHandler                        0x08000213   Thumb Code     0  startup_stm32f10x_hd.o(.text)
    ADC3_IRQHandler                          0x08000213   Thumb Code     0  startup_stm32f10x_hd.o(.text)
    CAN1_RX1_IRQHandler                      0x08000213   Thumb Code     0  startup_stm32f10x_hd.o(.text)
    CAN1_SCE_IRQHandler                      0x08000213   Thumb Code     0  startup_stm32f10x_hd.o(.text)
    DMA1_Channel1_IRQHandler                 0x08000213   Thumb Code     0  startup_stm32f10x_hd.o(.text)
    DMA1_Channel2_IRQHandler                 0x08000213   Thumb Code     0  startup_stm32f10x_hd.o(.text)
    DMA1_Channel3_IRQHandler                 0x08000213   Thumb Code     0  startup_stm32f10x_hd.o(.text)
    DMA1_Channel4_IRQHandler                 0x08000213   Thumb Code     0  startup_stm32f10x_hd.o(.text)
    DMA1_Channel5_IRQHandler                 0x08000213   Thumb Code     0  startup_stm32f10x_hd.o(.text)
    DMA1_Channel6_IRQHandler                 0x08000213   Thumb Code     0  startup_stm32f10x_hd.o(.text)
    DMA1_Channel7_IRQHandler                 0x08000213   Thumb Code     0  startup_stm32f10x_hd.o(.text)
    DMA2_Channel1_IRQHandler                 0x08000213   Thumb Code     0  startup_stm32f10x_hd.o(.text)
    DMA2_Channel2_IRQHandler                 0x08000213   Thumb Code     0  startup_stm32f10x_hd.o(.text)
    DMA2_Channel3_IRQHandler                 0x08000213   Thumb Code     0  startup_stm32f10x_hd.o(.text)
    DMA2_Channel4_5_IRQHandler               0x08000213   Thumb Code     0  startup_stm32f10x_hd.o(.text)
    EXTI15_10_IRQHandler                     0x08000213   Thumb Code     0  startup_stm32f10x_hd.o(.text)
    EXTI1_IRQHandler                         0x08000213   Thumb Code     0  startup_stm32f10x_hd.o(.text)
    EXTI9_5_IRQHandler                       0x08000213   Thumb Code     0  startup_stm32f10x_hd.o(.text)
    FLASH_IRQHandler                         0x08000213   Thumb Code     0  startup_stm32f10x_hd.o(.text)
    FSMC_IRQHandler                          0x08000213   Thumb Code     0  startup_stm32f10x_hd.o(.text)
    I2C1_ER_IRQHandler                       0x08000213   Thumb Code     0  startup_stm32f10x_hd.o(.text)
    I2C1_EV_IRQHandler                       0x08000213   Thumb Code     0  startup_stm32f10x_hd.o(.text)
    I2C2_ER_IRQHandler                       0x08000213   Thumb Code     0  startup_stm32f10x_hd.o(.text)
    I2C2_EV_IRQHandler                       0x08000213   Thumb Code     0  startup_stm32f10x_hd.o(.text)
    PVD_IRQHandler                           0x08000213   Thumb Code     0  startup_stm32f10x_hd.o(.text)
    RCC_IRQHandler                           0x08000213   Thumb Code     0  startup_stm32f10x_hd.o(.text)
    RTCAlarm_IRQHandler                      0x08000213   Thumb Code     0  startup_stm32f10x_hd.o(.text)
    RTC_IRQHandler                           0x08000213   Thumb Code     0  startup_stm32f10x_hd.o(.text)
    SDIO_IRQHandler                          0x08000213   Thumb Code     0  startup_stm32f10x_hd.o(.text)
    SPI1_IRQHandler                          0x08000213   Thumb Code     0  startup_stm32f10x_hd.o(.text)
    SPI2_IRQHandler                          0x08000213   Thumb Code     0  startup_stm32f10x_hd.o(.text)
    SPI3_IRQHandler                          0x08000213   Thumb Code     0  startup_stm32f10x_hd.o(.text)
    TAMPER_IRQHandler                        0x08000213   Thumb Code     0  startup_stm32f10x_hd.o(.text)
    TIM1_BRK_IRQHandler                      0x08000213   Thumb Code     0  startup_stm32f10x_hd.o(.text)
    TIM1_CC_IRQHandler                       0x08000213   Thumb Code     0  startup_stm32f10x_hd.o(.text)
    TIM1_TRG_COM_IRQHandler                  0x08000213   Thumb Code     0  startup_stm32f10x_hd.o(.text)
    TIM1_UP_IRQHandler                       0x08000213   Thumb Code     0  startup_stm32f10x_hd.o(.text)
    TIM2_IRQHandler                          0x08000213   Thumb Code     0  startup_stm32f10x_hd.o(.text)
    TIM3_IRQHandler                          0x08000213   Thumb Code     0  startup_stm32f10x_hd.o(.text)
    TIM4_IRQHandler                          0x08000213   Thumb Code     0  startup_stm32f10x_hd.o(.text)
    TIM5_IRQHandler                          0x08000213   Thumb Code     0  startup_stm32f10x_hd.o(.text)
    TIM6_IRQHandler                          0x08000213   Thumb Code     0  startup_stm32f10x_hd.o(.text)
    TIM7_IRQHandler                          0x08000213   Thumb Code     0  startup_stm32f10x_hd.o(.text)
    TIM8_BRK_IRQHandler                      0x08000213   Thumb Code     0  startup_stm32f10x_hd.o(.text)
    TIM8_CC_IRQHandler                       0x08000213   Thumb Code     0  startup_stm32f10x_hd.o(.text)
    TIM8_TRG_COM_IRQHandler                  0x08000213   Thumb Code     0  startup_stm32f10x_hd.o(.text)
    TIM8_UP_IRQHandler                       0x08000213   Thumb Code     0  startup_stm32f10x_hd.o(.text)
    UART4_IRQHandler                         0x08000213   Thumb Code     0  startup_stm32f10x_hd.o(.text)
    UART5_IRQHandler                         0x08000213   Thumb Code     0  startup_stm32f10x_hd.o(.text)
    USART2_IRQHandler                        0x08000213   Thumb Code     0  startup_stm32f10x_hd.o(.text)
    USART3_IRQHandler                        0x08000213   Thumb Code     0  startup_stm32f10x_hd.o(.text)
    USBWakeUp_IRQHandler                     0x08000213   Thumb Code     0  startup_stm32f10x_hd.o(.text)
    USB_HP_CAN1_TX_IRQHandler                0x08000213   Thumb Code     0  startup_stm32f10x_hd.o(.text)
    USB_LP_CAN1_RX0_IRQHandler               0x08000213   Thumb Code     0  startup_stm32f10x_hd.o(.text)
    __user_initial_stackheap                 0x08000215   Thumb Code     0  startup_stm32f10x_hd.o(.text)
    __use_no_semihosting                     0x08000239   Thumb Code     2  use_no_semi_2.o(.text)
    __2printf                                0x0800023d   Thumb Code    20  noretval__2printf.o(.text)
    _printf_pre_padding                      0x08000255   Thumb Code    44  _printf_pad.o(.text)
    _printf_post_padding                     0x08000281   Thumb Code    34  _printf_pad.o(.text)
    _printf_str                              0x080002a3   Thumb Code    82  _printf_str.o(.text)
    _printf_int_dec                          0x080002f5   Thumb Code   104  _printf_dec.o(.text)
    _printf_int_hex                          0x0800036d   Thumb Code    84  _printf_hex_int.o(.text)
    _printf_longlong_hex                     0x0800036d   Thumb Code     0  _printf_hex_int.o(.text)
    __printf                                 0x080003c5   Thumb Code   308  __printf_flags_wp.o(.text)
    __use_two_region_memory                  0x080004fd   Thumb Code     2  heapauxi.o(.text)
    __rt_heap_escrow$2region                 0x080004ff   Thumb Code     2  heapauxi.o(.text)
    __rt_heap_expand$2region                 0x08000501   Thumb Code     2  heapauxi.o(.text)
    __I$use$semihosting                      0x08000503   Thumb Code     0  use_no_semi.o(.text)
    __use_no_semihosting_swi                 0x08000503   Thumb Code     2  use_no_semi.o(.text)
    _printf_int_common                       0x08000505   Thumb Code   178  _printf_intcommon.o(.text)
    __lib_sel_fp_printf                      0x080005b7   Thumb Code     2  _printf_fp_dec.o(.text)
    _printf_fp_dec_real                      0x08000769   Thumb Code   620  _printf_fp_dec.o(.text)
    _printf_cs_common                        0x080009d5   Thumb Code    20  _printf_char.o(.text)
    _printf_char                             0x080009e9   Thumb Code    16  _printf_char.o(.text)
    _printf_string                           0x080009f9   Thumb Code     8  _printf_char.o(.text)
    _printf_char_file                        0x08000a01   Thumb Code    32  _printf_char_file.o(.text)
    __rt_locale                              0x08000a25   Thumb Code     8  rt_locale_intlibspace.o(.text)
    _ll_udiv10                               0x08000a2d   Thumb Code   138  lludiv10.o(.text)
    _printf_char_common                      0x08000ac3   Thumb Code    32  _printf_char_common.o(.text)
    _printf_fp_infnan                        0x08000ae9   Thumb Code   112  _printf_fp_infnan.o(.text)
    _btod_etento                             0x08000b69   Thumb Code   224  bigflt0.o(.text)
    ferror                                   0x08000c4d   Thumb Code     8  ferror.o(.text)
    __user_libspace                          0x08000c55   Thumb Code     8  libspace.o(.text)
    __user_perproc_libspace                  0x08000c55   Thumb Code     0  libspace.o(.text)
    __user_perthread_libspace                0x08000c55   Thumb Code     0  libspace.o(.text)
    __user_setup_stackheap                   0x08000c5d   Thumb Code    74  sys_stackheap_outer.o(.text)
    exit                                     0x08000ca7   Thumb Code    18  exit.o(.text)
    strcmp                                   0x08000cb9   Thumb Code   128  strcmpv7m.o(.text)
    _btod_d2e                                0x08000d39   Thumb Code    62  btod.o(CL$$btod_d2e)
    _d2e_denorm_low                          0x08000d77   Thumb Code    70  btod.o(CL$$btod_d2e_denorm_low)
    _d2e_norm_op1                            0x08000dbd   Thumb Code    96  btod.o(CL$$btod_d2e_norm_op1)
    __btod_div_common                        0x08000e1d   Thumb Code   696  btod.o(CL$$btod_div_common)
    _e2e                                     0x08001155   Thumb Code   220  btod.o(CL$$btod_e2e)
    _btod_ediv                               0x08001231   Thumb Code    42  btod.o(CL$$btod_ediv)
    _btod_emul                               0x0800125b   Thumb Code    42  btod.o(CL$$btod_emul)
    __btod_mult_common                       0x08001285   Thumb Code   580  btod.o(CL$$btod_mult_common)
    ADC_Cmd                                  0x080014c9   Thumb Code    22  stm32f10x_adc.o(i.ADC_Cmd)
    ADC_DeInit                               0x080014e1   Thumb Code    78  stm32f10x_adc.o(i.ADC_DeInit)
    ADC_GetCalibrationStatus                 0x0800153d   Thumb Code    20  stm32f10x_adc.o(i.ADC_GetCalibrationStatus)
    ADC_GetConversionValue                   0x08001551   Thumb Code     8  stm32f10x_adc.o(i.ADC_GetConversionValue)
    ADC_GetFlagStatus                        0x08001559   Thumb Code    18  stm32f10x_adc.o(i.ADC_GetFlagStatus)
    ADC_GetResetCalibrationStatus            0x0800156b   Thumb Code    20  stm32f10x_adc.o(i.ADC_GetResetCalibrationStatus)
    ADC_Init                                 0x08001581   Thumb Code    70  stm32f10x_adc.o(i.ADC_Init)
    ADC_RegularChannelConfig                 0x080015d1   Thumb Code   184  stm32f10x_adc.o(i.ADC_RegularChannelConfig)
    ADC_ResetCalibration                     0x08001689   Thumb Code    10  stm32f10x_adc.o(i.ADC_ResetCalibration)
    ADC_SoftwareStartConvCmd                 0x08001693   Thumb Code    22  stm32f10x_adc.o(i.ADC_SoftwareStartConvCmd)
    ADC_StartCalibration                     0x080016a9   Thumb Code    10  stm32f10x_adc.o(i.ADC_StartCalibration)
    BusFault_Handler                         0x080016b3   Thumb Code     4  stm32f10x_it.o(i.BusFault_Handler)
    DAC_Cmd                                  0x080016b9   Thumb Code    34  stm32f10x_dac.o(i.DAC_Cmd)
    DAC_Init                                 0x08001759   Thumb Code    46  stm32f10x_dac.o(i.DAC_Init)
    DAC_SetChannel1Data                      0x0800178d   Thumb Code    26  stm32f10x_dac.o(i.DAC_SetChannel1Data)
    DebugMon_Handler                         0x080017ad   Thumb Code     2  stm32f10x_it.o(i.DebugMon_Handler)
    EXTI0_IRQHandler                         0x080017b1   Thumb Code    30  bsp_exti.o(i.EXTI0_IRQHandler)
    EXTI2_IRQHandler                         0x080017d5   Thumb Code    36  bsp_exti.o(i.EXTI2_IRQHandler)
    EXTI3_IRQHandler                         0x080017fd   Thumb Code    30  bsp_exti.o(i.EXTI3_IRQHandler)
    EXTI4_IRQHandler                         0x08001821   Thumb Code    30  bsp_exti.o(i.EXTI4_IRQHandler)
    EXTI_ClearITPendingBit                   0x08001845   Thumb Code     6  stm32f10x_exti.o(i.EXTI_ClearITPendingBit)
    EXTI_GetITStatus                         0x08001851   Thumb Code    34  stm32f10x_exti.o(i.EXTI_GetITStatus)
    GPIO_Init                                0x08001879   Thumb Code   278  stm32f10x_gpio.o(i.GPIO_Init)
    GPIO_PinRemapConfig                      0x08001991   Thumb Code   138  stm32f10x_gpio.o(i.GPIO_PinRemapConfig)
    GPIO_SetBits                             0x08001a21   Thumb Code     4  stm32f10x_gpio.o(i.GPIO_SetBits)
    Get_Adc_Volmeter                         0x08001a71   Thumb Code    16  bsp_adc.o(i.Get_Adc_Volmeter)
    HardFault_Handler                        0x08001a85   Thumb Code    34  stm32f10x_it.o(i.HardFault_Handler)
    MemManage_Handler                        0x08001bcd   Thumb Code     4  stm32f10x_it.o(i.MemManage_Handler)
    NMI_Handler                              0x08001bd1   Thumb Code     2  stm32f10x_it.o(i.NMI_Handler)
    NVIC_Init                                0x08001bd5   Thumb Code   100  misc.o(i.NVIC_Init)
    NVIC_PriorityGroupConfig                 0x08001c45   Thumb Code    10  misc.o(i.NVIC_PriorityGroupConfig)
    PendSV_Handler                           0x08001c59   Thumb Code     2  stm32f10x_it.o(i.PendSV_Handler)
    RCC_APB1PeriphClockCmd                   0x08001e85   Thumb Code    26  stm32f10x_rcc.o(i.RCC_APB1PeriphClockCmd)
    RCC_APB2PeriphClockCmd                   0x08001ea5   Thumb Code    26  stm32f10x_rcc.o(i.RCC_APB2PeriphClockCmd)
    RCC_APB2PeriphResetCmd                   0x08001ec5   Thumb Code    26  stm32f10x_rcc.o(i.RCC_APB2PeriphResetCmd)
    RCC_GetClocksFreq                        0x08001ee5   Thumb Code   192  stm32f10x_rcc.o(i.RCC_GetClocksFreq)
    SVC_Handler                              0x08001fb9   Thumb Code     2  stm32f10x_it.o(i.SVC_Handler)
    SysTick_Handler                          0x080020a5   Thumb Code     8  bsp_timer.o(i.SysTick_Handler)
    SysTick_ISR                              0x080020ad   Thumb Code   110  bsp_timer.o(i.SysTick_ISR)
    SystemInit                               0x08002131   Thumb Code    78  system_stm32f10x.o(i.SystemInit)
    USART1_IRQHandler                        0x08002191   Thumb Code    74  bsp_uart.o(i.USART1_IRQHandler)
    USART_Cmd                                0x080021ed   Thumb Code    24  stm32f10x_usart.o(i.USART_Cmd)
    USART_GetITStatus                        0x08002205   Thumb Code    84  stm32f10x_usart.o(i.USART_GetITStatus)
    USART_ITConfig                           0x08002259   Thumb Code    74  stm32f10x_usart.o(i.USART_ITConfig)
    USART_Init                               0x080022a5   Thumb Code   210  stm32f10x_usart.o(i.USART_Init)
    UsageFault_Handler                       0x0800237d   Thumb Code     4  stm32f10x_it.o(i.UsageFault_Handler)
    WWDG_ClearFlag                           0x08002381   Thumb Code     8  stm32f10x_wwdg.o(i.WWDG_ClearFlag)
    WWDG_GetFlagStatus                       0x0800238d   Thumb Code     8  stm32f10x_wwdg.o(i.WWDG_GetFlagStatus)
    WWDG_IRQHandler                          0x08002399   Thumb Code    20  bsp_wwdg.o(i.WWDG_IRQHandler)
    WWDG_SetCounter                          0x080023ad   Thumb Code    10  stm32f10x_wwdg.o(i.WWDG_SetCounter)
    __ARM_fpclassify                         0x080023bd   Thumb Code    40  fpclassify.o(i.__ARM_fpclassify)
    _is_digit                                0x080023eb   Thumb Code    14  __printf_wp.o(i._is_digit)
    _sys_exit                                0x080023f9   Thumb Code     4  bsp_uart.o(i._sys_exit)
    bsp_BeepToggle                           0x080023fd   Thumb Code    14  bsp_beep.o(i.bsp_BeepToggle)
    bsp_CheckTimer                           0x08002411   Thumb Code    48  bsp_timer.o(i.bsp_CheckTimer)
    bsp_GetKey                               0x08002511   Thumb Code    46  bsp_key.o(i.bsp_GetKey)
    bsp_Idle                                 0x08002545   Thumb Code     2  bsp.o(i.bsp_Idle)
    bsp_Init                                 0x08002547   Thumb Code    36  bsp.o(i.bsp_Init)
    bsp_InitAdcVolMeter                      0x08002655   Thumb Code    42  bsp_adc.o(i.bsp_InitAdcVolMeter)
    bsp_InitBeep                             0x08002689   Thumb Code    38  bsp_beep.o(i.bsp_InitBeep)
    bsp_InitDac1                             0x080026b5   Thumb Code    94  bsp_dac.o(i.bsp_InitDac1)
    bsp_InitKey                              0x08002719   Thumb Code    12  bsp_key.o(i.bsp_InitKey)
    bsp_InitLed                              0x08002815   Thumb Code    80  bsp_led.o(i.bsp_InitLed)
    bsp_InitTimer                            0x0800286d   Thumb Code   138  bsp_timer.o(i.bsp_InitTimer)
    bsp_InitUart1                            0x08002909   Thumb Code   170  bsp_uart.o(i.bsp_InitUart1)
    bsp_KeyScan                              0x080029bd   Thumb Code    22  bsp_key.o(i.bsp_KeyScan)
    bsp_LedToggle                            0x080029d5   Thumb Code    36  bsp_led.o(i.bsp_LedToggle)
    bsp_PutKey                               0x08002a01   Thumb Code    28  bsp_key.o(i.bsp_PutKey)
    bsp_RunPer10ms                           0x08002a21   Thumb Code     8  bsp.o(i.bsp_RunPer10ms)
    bsp_RunPer1ms                            0x08002a29   Thumb Code     2  bsp.o(i.bsp_RunPer1ms)
    bsp_StartAutoTimer                       0x08002a49   Thumb Code    74  bsp_timer.o(i.bsp_StartAutoTimer)
    fputc                                    0x08002a99   Thumb Code    24  bsp_uart.o(i.fputc)
    main                                     0x08002ab5   Thumb Code   154  main.o(i.main)
    _get_lc_numeric                          0x08002b65   Thumb Code    44  lc_numeric_c.o(locale$$code)
    __aeabi_d2f                              0x08002b91   Thumb Code     0  d2f.o(x$fpl$d2f)
    _d2f                                     0x08002b91   Thumb Code    98  d2f.o(x$fpl$d2f)
    __aeabi_dmul                             0x08002bf5   Thumb Code     0  dmul.o(x$fpl$dmul)
    _dmul                                    0x08002bf5   Thumb Code   332  dmul.o(x$fpl$dmul)
    __fpl_dnaninf                            0x08002d49   Thumb Code   156  dnaninf.o(x$fpl$dnaninf)
    __fpl_dretinf                            0x08002de5   Thumb Code    12  dretinf.o(x$fpl$dretinf)
    __aeabi_f2d                              0x08002df1   Thumb Code     0  f2d.o(x$fpl$f2d)
    _f2d                                     0x08002df1   Thumb Code    86  f2d.o(x$fpl$f2d)
    __aeabi_ui2f                             0x08002e49   Thumb Code     0  fflt_clz.o(x$fpl$ffltu)
    _ffltu                                   0x08002e49   Thumb Code    38  fflt_clz.o(x$fpl$ffltu)
    __fpl_fnaninf                            0x08002e6f   Thumb Code   140  fnaninf.o(x$fpl$fnaninf)
    __fpl_fretinf                            0x08002efb   Thumb Code    10  fretinf.o(x$fpl$fretinf)
    _printf_fp_dec                           0x08002f05   Thumb Code     4  printf1.o(x$fpl$printf1)
    __I$use$fp                               0x08002f08   Number         0  usenofp.o(x$fpl$usenofp)
    Region$$Table$$Base                      0x0800302c   Number         0  anon$$obj.o(Region$$Table)
    Region$$Table$$Limit                     0x0800304c   Number         0  anon$$obj.o(Region$$Table)
    ReceiveState                             0x20000000   Data           1  main.o(.data)
    RxCounter                                0x20000002   Data           2  main.o(.data)
    g_iRunTime                               0x2000000c   Data           4  bsp_timer.o(.data)
    __stdout                                 0x20000014   Data           4  bsp_uart.o(.data)
    SystemCoreClock                          0x20000018   Data           4  system_stm32f10x.o(.data)
    AHBPrescTable                            0x2000001c   Data          16  system_stm32f10x.o(.data)
    USART_RX_BUF                             0x20000040   Data        1024  main.o(.bss)
    __libspace_start                         0x200004e0   Data          96  libspace.o(.bss)
    __temporary_stack_top$libspace           0x20000540   Data           0  libspace.o(.bss)



==============================================================================

Memory Map of the image

  Image Entry point : 0x08000131

  Load Region LR_IROM1 (Base: 0x08000000, Size: 0x000030a8, Max: 0x00080000, ABSOLUTE)

    Execution Region ER_IROM1 (Exec base: 0x08000000, Load base: 0x08000000, Size: 0x00003068, Max: 0x00080000, ABSOLUTE)

    Exec Addr    Load Addr    Size         Type   Attr      Idx    E Section Name        Object

    0x08000000   0x08000000   0x00000130   Data   RO         1029    RESET               startup_stm32f10x_hd.o
    0x08000130   0x08000130   0x00000008   Code   RO         2626  * !!!main             c_w.l(__main.o)
    0x08000138   0x08000138   0x00000034   Code   RO         2888    !!!scatter          c_w.l(__scatter.o)
    0x0800016c   0x0800016c   0x0000001a   Code   RO         2890    !!handler_copy      c_w.l(__scatter_copy.o)
    0x08000186   0x08000186   0x00000002   PAD
    0x08000188   0x08000188   0x0000001c   Code   RO         2892    !!handler_zi        c_w.l(__scatter_zi.o)
    0x080001a4   0x080001a4   0x00000000   Code   RO         2623    .ARM.Collect$$_printf_percent$$00000000  c_w.l(_printf_percent.o)
    0x080001a4   0x080001a4   0x00000006   Code   RO         2622    .ARM.Collect$$_printf_percent$$00000003  c_w.l(_printf_f.o)
    0x080001aa   0x080001aa   0x00000006   Code   RO         2621    .ARM.Collect$$_printf_percent$$00000009  c_w.l(_printf_d.o)
    0x080001b0   0x080001b0   0x00000006   Code   RO         2620    .ARM.Collect$$_printf_percent$$0000000C  c_w.l(_printf_x.o)
    0x080001b6   0x080001b6   0x00000006   Code   RO         2619    .ARM.Collect$$_printf_percent$$00000014  c_w.l(_printf_s.o)
    0x080001bc   0x080001bc   0x00000004   Code   RO         2677    .ARM.Collect$$_printf_percent$$00000017  c_w.l(_printf_percent_end.o)
    0x080001c0   0x080001c0   0x00000002   Code   RO         2765    .ARM.Collect$$libinit$$00000000  c_w.l(libinit.o)
    0x080001c2   0x080001c2   0x00000000   Code   RO         2767    .ARM.Collect$$libinit$$00000002  c_w.l(libinit2.o)
    0x080001c2   0x080001c2   0x00000000   Code   RO         2769    .ARM.Collect$$libinit$$00000004  c_w.l(libinit2.o)
    0x080001c2   0x080001c2   0x00000000   Code   RO         2772    .ARM.Collect$$libinit$$0000000A  c_w.l(libinit2.o)
    0x080001c2   0x080001c2   0x00000000   Code   RO         2774    .ARM.Collect$$libinit$$0000000C  c_w.l(libinit2.o)
    0x080001c2   0x080001c2   0x00000000   Code   RO         2776    .ARM.Collect$$libinit$$0000000E  c_w.l(libinit2.o)
    0x080001c2   0x080001c2   0x00000006   Code   RO         2777    .ARM.Collect$$libinit$$0000000F  c_w.l(libinit2.o)
    0x080001c8   0x080001c8   0x00000000   Code   RO         2779    .ARM.Collect$$libinit$$00000011  c_w.l(libinit2.o)
    0x080001c8   0x080001c8   0x00000000   Code   RO         2781    .ARM.Collect$$libinit$$00000013  c_w.l(libinit2.o)
    0x080001c8   0x080001c8   0x00000000   Code   RO         2783    .ARM.Collect$$libinit$$00000015  c_w.l(libinit2.o)
    0x080001c8   0x080001c8   0x0000000a   Code   RO         2784    .ARM.Collect$$libinit$$00000016  c_w.l(libinit2.o)
    0x080001d2   0x080001d2   0x00000000   Code   RO         2785    .ARM.Collect$$libinit$$00000017  c_w.l(libinit2.o)
    0x080001d2   0x080001d2   0x00000000   Code   RO         2787    .ARM.Collect$$libinit$$00000019  c_w.l(libinit2.o)
    0x080001d2   0x080001d2   0x00000000   Code   RO         2789    .ARM.Collect$$libinit$$0000001B  c_w.l(libinit2.o)
    0x080001d2   0x080001d2   0x00000000   Code   RO         2791    .ARM.Collect$$libinit$$0000001D  c_w.l(libinit2.o)
    0x080001d2   0x080001d2   0x00000000   Code   RO         2793    .ARM.Collect$$libinit$$0000001F  c_w.l(libinit2.o)
    0x080001d2   0x080001d2   0x00000000   Code   RO         2795    .ARM.Collect$$libinit$$00000021  c_w.l(libinit2.o)
    0x080001d2   0x080001d2   0x00000000   Code   RO         2797    .ARM.Collect$$libinit$$00000023  c_w.l(libinit2.o)
    0x080001d2   0x080001d2   0x00000000   Code   RO         2799    .ARM.Collect$$libinit$$00000025  c_w.l(libinit2.o)
    0x080001d2   0x080001d2   0x00000000   Code   RO         2803    .ARM.Collect$$libinit$$0000002C  c_w.l(libinit2.o)
    0x080001d2   0x080001d2   0x00000000   Code   RO         2805    .ARM.Collect$$libinit$$0000002E  c_w.l(libinit2.o)
    0x080001d2   0x080001d2   0x00000000   Code   RO         2807    .ARM.Collect$$libinit$$00000030  c_w.l(libinit2.o)
    0x080001d2   0x080001d2   0x00000000   Code   RO         2809    .ARM.Collect$$libinit$$00000032  c_w.l(libinit2.o)
    0x080001d2   0x080001d2   0x00000002   Code   RO         2810    .ARM.Collect$$libinit$$00000033  c_w.l(libinit2.o)
    0x080001d4   0x080001d4   0x00000002   Code   RO         2838    .ARM.Collect$$libshutdown$$00000000  c_w.l(libshutdown.o)
    0x080001d6   0x080001d6   0x00000000   Code   RO         2847    .ARM.Collect$$libshutdown$$00000002  c_w.l(libshutdown2.o)
    0x080001d6   0x080001d6   0x00000000   Code   RO         2849    .ARM.Collect$$libshutdown$$00000004  c_w.l(libshutdown2.o)
    0x080001d6   0x080001d6   0x00000000   Code   RO         2852    .ARM.Collect$$libshutdown$$00000007  c_w.l(libshutdown2.o)
    0x080001d6   0x080001d6   0x00000000   Code   RO         2855    .ARM.Collect$$libshutdown$$0000000A  c_w.l(libshutdown2.o)
    0x080001d6   0x080001d6   0x00000000   Code   RO         2857    .ARM.Collect$$libshutdown$$0000000C  c_w.l(libshutdown2.o)
    0x080001d6   0x080001d6   0x00000000   Code   RO         2860    .ARM.Collect$$libshutdown$$0000000F  c_w.l(libshutdown2.o)
    0x080001d6   0x080001d6   0x00000002   Code   RO         2861    .ARM.Collect$$libshutdown$$00000010  c_w.l(libshutdown2.o)
    0x080001d8   0x080001d8   0x00000000   Code   RO         2668    .ARM.Collect$$rtentry$$00000000  c_w.l(__rtentry.o)
    0x080001d8   0x080001d8   0x00000000   Code   RO         2688    .ARM.Collect$$rtentry$$00000002  c_w.l(__rtentry2.o)
    0x080001d8   0x080001d8   0x00000006   Code   RO         2700    .ARM.Collect$$rtentry$$00000004  c_w.l(__rtentry4.o)
    0x080001de   0x080001de   0x00000000   Code   RO         2690    .ARM.Collect$$rtentry$$00000009  c_w.l(__rtentry2.o)
    0x080001de   0x080001de   0x00000004   Code   RO         2691    .ARM.Collect$$rtentry$$0000000A  c_w.l(__rtentry2.o)
    0x080001e2   0x080001e2   0x00000000   Code   RO         2693    .ARM.Collect$$rtentry$$0000000C  c_w.l(__rtentry2.o)
    0x080001e2   0x080001e2   0x00000008   Code   RO         2694    .ARM.Collect$$rtentry$$0000000D  c_w.l(__rtentry2.o)
    0x080001ea   0x080001ea   0x00000002   Code   RO         2811    .ARM.Collect$$rtexit$$00000000  c_w.l(rtexit.o)
    0x080001ec   0x080001ec   0x00000000   Code   RO         2818    .ARM.Collect$$rtexit$$00000002  c_w.l(rtexit2.o)
    0x080001ec   0x080001ec   0x00000004   Code   RO         2819    .ARM.Collect$$rtexit$$00000003  c_w.l(rtexit2.o)
    0x080001f0   0x080001f0   0x00000006   Code   RO         2820    .ARM.Collect$$rtexit$$00000004  c_w.l(rtexit2.o)
    0x080001f6   0x080001f6   0x00000002   PAD
    0x080001f8   0x080001f8   0x00000040   Code   RO         1030    .text               startup_stm32f10x_hd.o
    0x08000238   0x08000238   0x00000002   Code   RO         2564    .text               c_w.l(use_no_semi_2.o)
    0x0800023a   0x0800023a   0x00000002   PAD
    0x0800023c   0x0800023c   0x00000018   Code   RO         2568    .text               c_w.l(noretval__2printf.o)
    0x08000254   0x08000254   0x0000004e   Code   RO         2572    .text               c_w.l(_printf_pad.o)
    0x080002a2   0x080002a2   0x00000052   Code   RO         2574    .text               c_w.l(_printf_str.o)
    0x080002f4   0x080002f4   0x00000078   Code   RO         2576    .text               c_w.l(_printf_dec.o)
    0x0800036c   0x0800036c   0x00000058   Code   RO         2581    .text               c_w.l(_printf_hex_int.o)
    0x080003c4   0x080003c4   0x00000138   Code   RO         2611    .text               c_w.l(__printf_flags_wp.o)
    0x080004fc   0x080004fc   0x00000006   Code   RO         2624    .text               c_w.l(heapauxi.o)
    0x08000502   0x08000502   0x00000002   Code   RO         2666    .text               c_w.l(use_no_semi.o)
    0x08000504   0x08000504   0x000000b2   Code   RO         2669    .text               c_w.l(_printf_intcommon.o)
    0x080005b6   0x080005b6   0x0000041e   Code   RO         2671    .text               c_w.l(_printf_fp_dec.o)
    0x080009d4   0x080009d4   0x0000002c   Code   RO         2673    .text               c_w.l(_printf_char.o)
    0x08000a00   0x08000a00   0x00000024   Code   RO         2675    .text               c_w.l(_printf_char_file.o)
    0x08000a24   0x08000a24   0x00000008   Code   RO         2705    .text               c_w.l(rt_locale_intlibspace.o)
    0x08000a2c   0x08000a2c   0x0000008a   Code   RO         2707    .text               c_w.l(lludiv10.o)
    0x08000ab6   0x08000ab6   0x00000002   PAD
    0x08000ab8   0x08000ab8   0x00000030   Code   RO         2709    .text               c_w.l(_printf_char_common.o)
    0x08000ae8   0x08000ae8   0x00000080   Code   RO         2711    .text               c_w.l(_printf_fp_infnan.o)
    0x08000b68   0x08000b68   0x000000e4   Code   RO         2713    .text               c_w.l(bigflt0.o)
    0x08000c4c   0x08000c4c   0x00000008   Code   RO         2738    .text               c_w.l(ferror.o)
    0x08000c54   0x08000c54   0x00000008   Code   RO         2749    .text               c_w.l(libspace.o)
    0x08000c5c   0x08000c5c   0x0000004a   Code   RO         2752    .text               c_w.l(sys_stackheap_outer.o)
    0x08000ca6   0x08000ca6   0x00000012   Code   RO         2756    .text               c_w.l(exit.o)
    0x08000cb8   0x08000cb8   0x00000080   Code   RO         2758    .text               c_w.l(strcmpv7m.o)
    0x08000d38   0x08000d38   0x0000003e   Code   RO         2716    CL$$btod_d2e        c_w.l(btod.o)
    0x08000d76   0x08000d76   0x00000046   Code   RO         2718    CL$$btod_d2e_denorm_low  c_w.l(btod.o)
    0x08000dbc   0x08000dbc   0x00000060   Code   RO         2717    CL$$btod_d2e_norm_op1  c_w.l(btod.o)
    0x08000e1c   0x08000e1c   0x00000338   Code   RO         2726    CL$$btod_div_common  c_w.l(btod.o)
    0x08001154   0x08001154   0x000000dc   Code   RO         2723    CL$$btod_e2e        c_w.l(btod.o)
    0x08001230   0x08001230   0x0000002a   Code   RO         2720    CL$$btod_ediv       c_w.l(btod.o)
    0x0800125a   0x0800125a   0x0000002a   Code   RO         2719    CL$$btod_emul       c_w.l(btod.o)
    0x08001284   0x08001284   0x00000244   Code   RO         2725    CL$$btod_mult_common  c_w.l(btod.o)
    0x080014c8   0x080014c8   0x00000016   Code   RO         2268    i.ADC_Cmd           stm32f10x_adc.o
    0x080014de   0x080014de   0x00000002   PAD
    0x080014e0   0x080014e0   0x0000005c   Code   RO         2270    i.ADC_DeInit        stm32f10x_adc.o
    0x0800153c   0x0800153c   0x00000014   Code   RO         2276    i.ADC_GetCalibrationStatus  stm32f10x_adc.o
    0x08001550   0x08001550   0x00000008   Code   RO         2277    i.ADC_GetConversionValue  stm32f10x_adc.o
    0x08001558   0x08001558   0x00000012   Code   RO         2279    i.ADC_GetFlagStatus  stm32f10x_adc.o
    0x0800156a   0x0800156a   0x00000014   Code   RO         2282    i.ADC_GetResetCalibrationStatus  stm32f10x_adc.o
    0x0800157e   0x0800157e   0x00000002   PAD
    0x08001580   0x08001580   0x00000050   Code   RO         2286    i.ADC_Init          stm32f10x_adc.o
    0x080015d0   0x080015d0   0x000000b8   Code   RO         2290    i.ADC_RegularChannelConfig  stm32f10x_adc.o
    0x08001688   0x08001688   0x0000000a   Code   RO         2291    i.ADC_ResetCalibration  stm32f10x_adc.o
    0x08001692   0x08001692   0x00000016   Code   RO         2293    i.ADC_SoftwareStartConvCmd  stm32f10x_adc.o
    0x080016a8   0x080016a8   0x0000000a   Code   RO         2295    i.ADC_StartCalibration  stm32f10x_adc.o
    0x080016b2   0x080016b2   0x00000004   Code   RO          925    i.BusFault_Handler  stm32f10x_it.o
    0x080016b6   0x080016b6   0x00000002   PAD
    0x080016b8   0x080016b8   0x00000028   Code   RO         2484    i.DAC_Cmd           stm32f10x_dac.o
    0x080016e0   0x080016e0   0x00000078   Code   RO            1    i.DAC_Dsiap         main.o
    0x08001758   0x08001758   0x00000034   Code   RO         2489    i.DAC_Init          stm32f10x_dac.o
    0x0800178c   0x0800178c   0x00000020   Code   RO         2490    i.DAC_SetChannel1Data  stm32f10x_dac.o
    0x080017ac   0x080017ac   0x00000002   Code   RO          926    i.DebugMon_Handler  stm32f10x_it.o
    0x080017ae   0x080017ae   0x00000002   PAD
    0x080017b0   0x080017b0   0x00000024   Code   RO          488    i.EXTI0_IRQHandler  bsp_exti.o
    0x080017d4   0x080017d4   0x00000028   Code   RO          489    i.EXTI2_IRQHandler  bsp_exti.o
    0x080017fc   0x080017fc   0x00000024   Code   RO          490    i.EXTI3_IRQHandler  bsp_exti.o
    0x08001820   0x08001820   0x00000024   Code   RO          491    i.EXTI4_IRQHandler  bsp_exti.o
    0x08001844   0x08001844   0x0000000c   Code   RO         2209    i.EXTI_ClearITPendingBit  stm32f10x_exti.o
    0x08001850   0x08001850   0x00000028   Code   RO         2213    i.EXTI_GetITStatus  stm32f10x_exti.o
    0x08001878   0x08001878   0x00000116   Code   RO         1076    i.GPIO_Init         stm32f10x_gpio.o
    0x0800198e   0x0800198e   0x00000002   PAD
    0x08001990   0x08001990   0x00000090   Code   RO         1078    i.GPIO_PinRemapConfig  stm32f10x_gpio.o
    0x08001a20   0x08001a20   0x00000004   Code   RO         1084    i.GPIO_SetBits      stm32f10x_gpio.o
    0x08001a24   0x08001a24   0x00000022   Code   RO          754    i.Get_Adc           bsp_adc.o
    0x08001a46   0x08001a46   0x00000028   Code   RO          755    i.Get_Adc_Average   bsp_adc.o
    0x08001a6e   0x08001a6e   0x00000002   PAD
    0x08001a70   0x08001a70   0x00000014   Code   RO          757    i.Get_Adc_Volmeter  bsp_adc.o
    0x08001a84   0x08001a84   0x00000028   Code   RO          927    i.HardFault_Handler  stm32f10x_it.o
    0x08001aac   0x08001aac   0x00000030   Code   RO          387    i.IsKeyDown1        bsp_key.o
    0x08001adc   0x08001adc   0x00000030   Code   RO          388    i.IsKeyDown2        bsp_key.o
    0x08001b0c   0x08001b0c   0x00000030   Code   RO          389    i.IsKeyDown3        bsp_key.o
    0x08001b3c   0x08001b3c   0x00000030   Code   RO          390    i.IsKeyDown4        bsp_key.o
    0x08001b6c   0x08001b6c   0x00000030   Code   RO          391    i.IsKeyDown5        bsp_key.o
    0x08001b9c   0x08001b9c   0x00000030   Code   RO          392    i.IsKeyDown6        bsp_key.o
    0x08001bcc   0x08001bcc   0x00000004   Code   RO          928    i.MemManage_Handler  stm32f10x_it.o
    0x08001bd0   0x08001bd0   0x00000002   Code   RO          929    i.NMI_Handler       stm32f10x_it.o
    0x08001bd2   0x08001bd2   0x00000002   PAD
    0x08001bd4   0x08001bd4   0x00000070   Code   RO         1034    i.NVIC_Init         misc.o
    0x08001c44   0x08001c44   0x00000014   Code   RO         1035    i.NVIC_PriorityGroupConfig  misc.o
    0x08001c58   0x08001c58   0x00000002   Code   RO          930    i.PendSV_Handler    stm32f10x_it.o
    0x08001c5a   0x08001c5a   0x00000002   PAD
    0x08001c5c   0x08001c5c   0x0000009c   Code   RO            2    i.PrintfHelp        main.o
    0x08001cf8   0x08001cf8   0x0000018c   Code   RO            3    i.PrintfLogo        main.o
    0x08001e84   0x08001e84   0x00000020   Code   RO         1186    i.RCC_APB1PeriphClockCmd  stm32f10x_rcc.o
    0x08001ea4   0x08001ea4   0x00000020   Code   RO         1188    i.RCC_APB2PeriphClockCmd  stm32f10x_rcc.o
    0x08001ec4   0x08001ec4   0x00000020   Code   RO         1189    i.RCC_APB2PeriphResetCmd  stm32f10x_rcc.o
    0x08001ee4   0x08001ee4   0x000000d4   Code   RO         1196    i.RCC_GetClocksFreq  stm32f10x_rcc.o
    0x08001fb8   0x08001fb8   0x00000002   Code   RO          931    i.SVC_Handler       stm32f10x_it.o
    0x08001fba   0x08001fba   0x00000008   Code   RO          993    i.SetSysClock       system_stm32f10x.o
    0x08001fc2   0x08001fc2   0x00000002   PAD
    0x08001fc4   0x08001fc4   0x000000e0   Code   RO          994    i.SetSysClockTo72   system_stm32f10x.o
    0x080020a4   0x080020a4   0x00000008   Code   RO          225    i.SysTick_Handler   bsp_timer.o
    0x080020ac   0x080020ac   0x00000084   Code   RO          226    i.SysTick_ISR       bsp_timer.o
    0x08002130   0x08002130   0x00000060   Code   RO          996    i.SystemInit        system_stm32f10x.o
    0x08002190   0x08002190   0x0000005c   Code   RO          576    i.USART1_IRQHandler  bsp_uart.o
    0x080021ec   0x080021ec   0x00000018   Code   RO         1388    i.USART_Cmd         stm32f10x_usart.o
    0x08002204   0x08002204   0x00000054   Code   RO         1392    i.USART_GetITStatus  stm32f10x_usart.o
    0x08002258   0x08002258   0x0000004a   Code   RO         1394    i.USART_ITConfig    stm32f10x_usart.o
    0x080022a2   0x080022a2   0x00000002   PAD
    0x080022a4   0x080022a4   0x000000d8   Code   RO         1395    i.USART_Init        stm32f10x_usart.o
    0x0800237c   0x0800237c   0x00000004   Code   RO          932    i.UsageFault_Handler  stm32f10x_it.o
    0x08002380   0x08002380   0x0000000c   Code   RO         1606    i.WWDG_ClearFlag    stm32f10x_wwdg.o
    0x0800238c   0x0800238c   0x0000000c   Code   RO         1610    i.WWDG_GetFlagStatus  stm32f10x_wwdg.o
    0x08002398   0x08002398   0x00000014   Code   RO          643    i.WWDG_IRQHandler   bsp_wwdg.o
    0x080023ac   0x080023ac   0x00000010   Code   RO         1611    i.WWDG_SetCounter   stm32f10x_wwdg.o
    0x080023bc   0x080023bc   0x00000028   Code   RO         2747    i.__ARM_fpclassify  m_ws.l(fpclassify.o)
    0x080023e4   0x080023e4   0x00000006   Code   RO          227    i.__set_PRIMASK     bsp_timer.o
    0x080023ea   0x080023ea   0x0000000e   Code   RO         2609    i._is_digit         c_w.l(__printf_wp.o)
    0x080023f8   0x080023f8   0x00000004   Code   RO          579    i._sys_exit         bsp_uart.o
    0x080023fc   0x080023fc   0x00000014   Code   RO          353    i.bsp_BeepToggle    bsp_beep.o
    0x08002410   0x08002410   0x00000034   Code   RO          229    i.bsp_CheckTimer    bsp_timer.o
    0x08002444   0x08002444   0x000000cc   Code   RO          394    i.bsp_DetectKey     bsp_key.o
    0x08002510   0x08002510   0x00000034   Code   RO          395    i.bsp_GetKey        bsp_key.o
    0x08002544   0x08002544   0x00000002   Code   RO          179    i.bsp_Idle          bsp.o
    0x08002546   0x08002546   0x00000024   Code   RO          180    i.bsp_Init          bsp.o
    0x0800256a   0x0800256a   0x00000002   PAD
    0x0800256c   0x0800256c   0x000000e8   Code   RO          758    i.bsp_InitAdc       bsp_adc.o
    0x08002654   0x08002654   0x00000034   Code   RO          760    i.bsp_InitAdcVolMeter  bsp_adc.o
    0x08002688   0x08002688   0x0000002c   Code   RO          354    i.bsp_InitBeep      bsp_beep.o
    0x080026b4   0x080026b4   0x00000064   Code   RO          902    i.bsp_InitDac1      bsp_dac.o
    0x08002718   0x08002718   0x0000000c   Code   RO          398    i.bsp_InitKey       bsp_key.o
    0x08002724   0x08002724   0x00000070   Code   RO          399    i.bsp_InitKeyHard   bsp_key.o
    0x08002794   0x08002794   0x00000080   Code   RO          400    i.bsp_InitKeyVar    bsp_key.o
    0x08002814   0x08002814   0x00000058   Code   RO          315    i.bsp_InitLed       bsp_led.o
    0x0800286c   0x0800286c   0x0000009c   Code   RO          233    i.bsp_InitTimer     bsp_timer.o
    0x08002908   0x08002908   0x000000b4   Code   RO          580    i.bsp_InitUart1     bsp_uart.o
    0x080029bc   0x080029bc   0x00000016   Code   RO          401    i.bsp_KeyScan       bsp_key.o
    0x080029d2   0x080029d2   0x00000002   PAD
    0x080029d4   0x080029d4   0x0000002c   Code   RO          319    i.bsp_LedToggle     bsp_led.o
    0x08002a00   0x08002a00   0x00000020   Code   RO          402    i.bsp_PutKey        bsp_key.o
    0x08002a20   0x08002a20   0x00000008   Code   RO          181    i.bsp_RunPer10ms    bsp.o
    0x08002a28   0x08002a28   0x00000002   Code   RO          182    i.bsp_RunPer1ms     bsp.o
    0x08002a2a   0x08002a2a   0x0000001c   Code   RO          234    i.bsp_SoftTimerDec  bsp_timer.o
    0x08002a46   0x08002a46   0x00000002   PAD
    0x08002a48   0x08002a48   0x00000050   Code   RO          235    i.bsp_StartAutoTimer  bsp_timer.o
    0x08002a98   0x08002a98   0x0000001c   Code   RO          581    i.fputc             bsp_uart.o
    0x08002ab4   0x08002ab4   0x000000b0   Code   RO            4    i.main              main.o
    0x08002b64   0x08002b64   0x0000002c   Code   RO         2743    locale$$code        c_w.l(lc_numeric_c.o)
    0x08002b90   0x08002b90   0x00000062   Code   RO         2628    x$fpl$d2f           fz_ws.l(d2f.o)
    0x08002bf2   0x08002bf2   0x00000002   PAD
    0x08002bf4   0x08002bf4   0x00000154   Code   RO         2644    x$fpl$dmul          fz_ws.l(dmul.o)
    0x08002d48   0x08002d48   0x0000009c   Code   RO         2678    x$fpl$dnaninf       fz_ws.l(dnaninf.o)
    0x08002de4   0x08002de4   0x0000000c   Code   RO         2680    x$fpl$dretinf       fz_ws.l(dretinf.o)
    0x08002df0   0x08002df0   0x00000056   Code   RO         2646    x$fpl$f2d           fz_ws.l(f2d.o)
    0x08002e46   0x08002e46   0x00000002   PAD
    0x08002e48   0x08002e48   0x00000026   Code   RO         2656    x$fpl$ffltu         fz_ws.l(fflt_clz.o)
    0x08002e6e   0x08002e6e   0x0000008c   Code   RO         2682    x$fpl$fnaninf       fz_ws.l(fnaninf.o)
    0x08002efa   0x08002efa   0x0000000a   Code   RO         2684    x$fpl$fretinf       fz_ws.l(fretinf.o)
    0x08002f04   0x08002f04   0x00000004   Code   RO         2664    x$fpl$printf1       fz_ws.l(printf1.o)
    0x08002f08   0x08002f08   0x00000000   Code   RO         2686    x$fpl$usenofp       fz_ws.l(usenofp.o)
    0x08002f08   0x08002f08   0x00000028   Data   RO         2582    .constdata          c_w.l(_printf_hex_int.o)
    0x08002f30   0x08002f30   0x00000011   Data   RO         2612    .constdata          c_w.l(__printf_flags_wp.o)
    0x08002f41   0x08002f41   0x00000003   PAD
    0x08002f44   0x08002f44   0x00000094   Data   RO         2714    .constdata          c_w.l(bigflt0.o)
    0x08002fd8   0x08002fd8   0x00000051   Data   RO            6    .conststring        main.o
    0x08003029   0x08003029   0x00000003   PAD
    0x0800302c   0x0800302c   0x00000020   Data   RO         2886    Region$$Table       anon$$obj.o
    0x0800304c   0x0800304c   0x0000001c   Data   RO         2742    locale$$data        c_w.l(lc_numeric_c.o)


    Execution Region RW_IRAM1 (Exec base: 0x20000000, Load base: 0x08003068, Size: 0x00000b40, Max: 0x00010000, ABSOLUTE)

    Exec Addr    Load Addr    Size         Type   Attr      Idx    E Section Name        Object

    0x20000000   0x08003068   0x00000004   Data   RW            7    .data               main.o
    0x20000004   0x0800306c   0x0000000d   Data   RW          239    .data               bsp_timer.o
    0x20000011   0x08003079   0x00000003   PAD
    0x20000014   0x0800307c   0x00000004   Data   RW          582    .data               bsp_uart.o
    0x20000018   0x08003080   0x00000014   Data   RW          997    .data               system_stm32f10x.o
    0x2000002c   0x08003094   0x00000014   Data   RW         1216    .data               stm32f10x_rcc.o
    0x20000040        -       0x00000400   Zero   RW            5    .bss                main.o
    0x20000440        -       0x00000030   Zero   RW          238    .bss                bsp_timer.o
    0x20000470        -       0x0000006d   Zero   RW          404    .bss                bsp_key.o
    0x200004dd   0x080030a8   0x00000003   PAD
    0x200004e0        -       0x00000060   Zero   RW         2750    .bss                c_w.l(libspace.o)
    0x20000540        -       0x00000200   Zero   RW         1028    HEAP                startup_stm32f10x_hd.o
    0x20000740        -       0x00000400   Zero   RW         1027    STACK               startup_stm32f10x_hd.o


==============================================================================

Image component sizes


      Code (inc. data)   RO Data    RW Data    ZI Data      Debug   Object Name

        48          0          0          0          0       1595   bsp.o
       378         26          0          0          0       3005   bsp_adc.o
        64         12          0          0          0        884   bsp_beep.o
       100          6          0          0          0        551   bsp_dac.o
       148         22          0          0          0       1824   bsp_exti.o
       850        120          0          0        109       6454   bsp_key.o
       132         16          0          0          0        946   bsp_led.o
       462         50          0         13         48      19286   bsp_timer.o
       304         32          0          4          0       3814   bsp_uart.o
        20          0          0          0          0        446   bsp_wwdg.o
         0          0          0          0          0         32   core_cm3.o
       848        504         81          4       1024     251677   main.o
       132         22          0          0          0       1587   misc.o
        64         26        304          0       1536        808   startup_stm32f10x_hd.o
       486         24          0          0          0       8762   stm32f10x_adc.o
       124         18          0          0          0       2467   stm32f10x_dac.o
        52         12          0          0          0       1156   stm32f10x_exti.o
       426          6          0          0          0       3393   stm32f10x_gpio.o
        60          6          0          0          0       3384   stm32f10x_it.o
       308         38          0         20          0       5071   stm32f10x_rcc.o
       398          6          0          0          0       4522   stm32f10x_usart.o
        40         14          0          0          0       1504   stm32f10x_wwdg.o
       328         28          0         20          0       2121   system_stm32f10x.o

    ----------------------------------------------------------------------
      5798        988        420         64       2720     325289   Object Totals
         0          0         32          0          0          0   (incl. Generated)
        26          0          3          3          3          0   (incl. Padding)

    ----------------------------------------------------------------------

      Code (inc. data)   RO Data    RW Data    ZI Data      Debug   Library Member Name

         8          0          0          0          0         68   __main.o
       312          4         17          0          0         92   __printf_flags_wp.o
        14          0          0          0          0         68   __printf_wp.o
         0          0          0          0          0          0   __rtentry.o
        12          0          0          0          0          0   __rtentry2.o
         6          0          0          0          0          0   __rtentry4.o
        52          8          0          0          0          0   __scatter.o
        26          0          0          0          0          0   __scatter_copy.o
        28          0          0          0          0          0   __scatter_zi.o
        44          0          0          0          0        108   _printf_char.o
        48          6          0          0          0         96   _printf_char_common.o
        36          4          0          0          0         80   _printf_char_file.o
         6          0          0          0          0          0   _printf_d.o
       120         16          0          0          0         92   _printf_dec.o
         6          0          0          0          0          0   _printf_f.o
      1054          0          0          0          0        216   _printf_fp_dec.o
       128         16          0          0          0         84   _printf_fp_infnan.o
        88          4         40          0          0         88   _printf_hex_int.o
       178          0          0          0          0         88   _printf_intcommon.o
        78          0          0          0          0        108   _printf_pad.o
         0          0          0          0          0          0   _printf_percent.o
         4          0          0          0          0          0   _printf_percent_end.o
         6          0          0          0          0          0   _printf_s.o
        82          0          0          0          0         80   _printf_str.o
         6          0          0          0          0          0   _printf_x.o
       228          4        148          0          0         96   bigflt0.o
      1936        128          0          0          0        672   btod.o
        18          0          0          0          0         80   exit.o
         8          0          0          0          0         68   ferror.o
         6          0          0          0          0        152   heapauxi.o
        44         10         28          0          0         76   lc_numeric_c.o
         2          0          0          0          0          0   libinit.o
        18          0          0          0          0          0   libinit2.o
         2          0          0          0          0          0   libshutdown.o
         2          0          0          0          0          0   libshutdown2.o
         8          4          0          0         96         68   libspace.o
       138          0          0          0          0         80   lludiv10.o
        24          4          0          0          0         84   noretval__2printf.o
         8          4          0          0          0         68   rt_locale_intlibspace.o
         2          0          0          0          0          0   rtexit.o
        10          0          0          0          0          0   rtexit2.o
       128          0          0          0          0         68   strcmpv7m.o
        74          0          0          0          0         80   sys_stackheap_outer.o
         2          0          0          0          0         68   use_no_semi.o
         2          0          0          0          0         68   use_no_semi_2.o
        98          4          0          0          0         92   d2f.o
       340         12          0          0          0        104   dmul.o
       156          4          0          0          0         92   dnaninf.o
        12          0          0          0          0         68   dretinf.o
        86          4          0          0          0         84   f2d.o
        38          0          0          0          0         68   fflt_clz.o
       140          4          0          0          0         84   fnaninf.o
        10          0          0          0          0         68   fretinf.o
         4          0          0          0          0         68   printf1.o
         0          0          0          0          0          0   usenofp.o
        40          0          0          0          0         68   fpclassify.o

    ----------------------------------------------------------------------
      5938        240        236          0         96       3792   Library Totals
        12          0          3          0          0          0   (incl. Padding)

    ----------------------------------------------------------------------

      Code (inc. data)   RO Data    RW Data    ZI Data      Debug   Library Name

      5002        212        233          0         96       2996   c_w.l
       884         28          0          0          0        728   fz_ws.l
        40          0          0          0          0         68   m_ws.l

    ----------------------------------------------------------------------
      5938        240        236          0         96       3792   Library Totals

    ----------------------------------------------------------------------

==============================================================================


      Code (inc. data)   RO Data    RW Data    ZI Data      Debug   

     11736       1228        656         64       2816     322525   Grand Totals
     11736       1228        656         64       2816     322525   ELF Image Totals
     11736       1228        656         64          0          0   ROM Totals

==============================================================================

    Total RO  Size (Code + RO Data)                12392 (  12.10kB)
    Total RW  Size (RW Data + ZI Data)              2880 (   2.81kB)
    Total ROM Size (Code + RO Data + RW Data)      12456 (  12.16kB)

==============================================================================

