Component: ARM Compiler 5.06 update 6 (build 750) Tool: armlink [4d35ed]

==============================================================================

Section Cross References

    main.o(i.PrintfHelp) refers to noretval__2printf.o(.text) for __2printf
    main.o(i.PrintfHelp) refers to main.o(.conststring) for .conststring
    main.o(i.PrintfLogo) refers to _printf_pad.o(.text) for _printf_pre_padding
    main.o(i.PrintfLogo) refers to _printf_percent.o(.ARM.Collect$$_printf_percent$$00000000) for _printf_percent
    main.o(i.PrintfLogo) refers to _printf_x.o(.ARM.Collect$$_printf_percent$$0000000C) for _printf_x
    main.o(i.PrintfLogo) refers to _printf_hex_int.o(.text) for _printf_longlong_hex
    main.o(i.PrintfLogo) refers to _printf_s.o(.ARM.Collect$$_printf_percent$$00000014) for _printf_s
    main.o(i.PrintfLogo) refers to _printf_str.o(.text) for _printf_str
    main.o(i.PrintfLogo) refers to _printf_d.o(.ARM.Collect$$_printf_percent$$00000009) for _printf_d
    main.o(i.PrintfLogo) refers to _printf_dec.o(.text) for _printf_int_dec
    main.o(i.PrintfLogo) refers to noretval__2printf.o(.text) for __2printf
    main.o(i.TIM7_IRQHandler) refers to stm32f10x_tim.o(i.TIM_GetITStatus) for TIM_GetITStatus
    main.o(i.TIM7_IRQHandler) refers to stm32f10x_tim.o(i.TIM_ClearITPendingBit) for TIM_ClearITPendingBit
    main.o(i.TIM7_IRQHandler) refers to bsp_led.o(i.bsp_LedToggle) for bsp_LedToggle
    main.o(i.main) refers to bsp.o(i.bsp_Init) for bsp_Init
    main.o(i.main) refers to main.o(i.PrintfLogo) for PrintfLogo
    main.o(i.main) refers to main.o(i.PrintfHelp) for PrintfHelp
    main.o(i.main) refers to bsp.o(i.bsp_Idle) for bsp_Idle
    main.o(i.main) refers to bsp_key.o(i.bsp_GetKey) for bsp_GetKey
    main.o(i.main) refers to bsp_tim_pwm.o(i.bsp_SetTIMforInt) for bsp_SetTIMforInt
    main.o(i.main) refers to noretval__2printf.o(.text) for __2printf
    main.o(i.main) refers to stm32f10x_tim.o(i.TIM_ITConfig) for TIM_ITConfig
    main.o(i.main) refers to bsp_led.o(i.bsp_LedOff) for bsp_LedOff
    bsp.o(i.bsp_Init) refers to misc.o(i.NVIC_PriorityGroupConfig) for NVIC_PriorityGroupConfig
    bsp.o(i.bsp_Init) refers to bsp_led.o(i.bsp_InitLed) for bsp_InitLed
    bsp.o(i.bsp_Init) refers to bsp_key.o(i.bsp_InitKey) for bsp_InitKey
    bsp.o(i.bsp_Init) refers to bsp_beep.o(i.bsp_InitBeep) for bsp_InitBeep
    bsp.o(i.bsp_Init) refers to bsp_uart.o(i.bsp_InitUart1) for bsp_InitUart1
    bsp.o(i.bsp_Init) refers to bsp_timer.o(i.bsp_InitTimer) for bsp_InitTimer
    bsp.o(i.bsp_RunPer10ms) refers to bsp_key.o(i.bsp_KeyScan) for bsp_KeyScan
    bsp.o(i.delay_ms) refers to bsp_timer.o(i.bsp_DelayMS) for bsp_DelayMS
    bsp.o(i.delay_us) refers to bsp_timer.o(i.bsp_DelayUS) for bsp_DelayUS
    bsp_led.o(i.bsp_InitLed) refers to stm32f10x_rcc.o(i.RCC_APB2PeriphClockCmd) for RCC_APB2PeriphClockCmd
    bsp_led.o(i.bsp_InitLed) refers to bsp_led.o(i.bsp_LedToggle) for bsp_LedToggle
    bsp_led.o(i.bsp_InitLed) refers to stm32f10x_gpio.o(i.GPIO_SetBits) for GPIO_SetBits
    bsp_led.o(i.bsp_InitLed) refers to stm32f10x_gpio.o(i.GPIO_Init) for GPIO_Init
    bsp_timer.o(i.SysTick_Handler) refers to bsp_timer.o(i.SysTick_ISR) for SysTick_ISR
    bsp_timer.o(i.SysTick_ISR) refers to bsp_timer.o(i.bsp_SoftTimerDec) for bsp_SoftTimerDec
    bsp_timer.o(i.SysTick_ISR) refers to bsp.o(i.bsp_RunPer1ms) for bsp_RunPer1ms
    bsp_timer.o(i.SysTick_ISR) refers to bsp.o(i.bsp_RunPer10ms) for bsp_RunPer10ms
    bsp_timer.o(i.SysTick_ISR) refers to bsp_timer.o(.data) for s_uiDelayCount
    bsp_timer.o(i.SysTick_ISR) refers to bsp_timer.o(.bss) for s_tTmr
    bsp_timer.o(i.bsp_CheckRunTime) refers to bsp_timer.o(i.__set_PRIMASK) for __set_PRIMASK
    bsp_timer.o(i.bsp_CheckRunTime) refers to bsp_timer.o(.data) for g_iRunTime
    bsp_timer.o(i.bsp_CheckTimer) refers to bsp_timer.o(.bss) for s_tTmr
    bsp_timer.o(i.bsp_DelayMS) refers to bsp_timer.o(i.__set_PRIMASK) for __set_PRIMASK
    bsp_timer.o(i.bsp_DelayMS) refers to bsp.o(i.bsp_Idle) for bsp_Idle
    bsp_timer.o(i.bsp_DelayMS) refers to bsp_timer.o(.data) for s_uiDelayCount
    bsp_timer.o(i.bsp_DelayUS) refers to system_stm32f10x.o(.data) for SystemCoreClock
    bsp_timer.o(i.bsp_GetRunTime) refers to bsp_timer.o(i.__set_PRIMASK) for __set_PRIMASK
    bsp_timer.o(i.bsp_GetRunTime) refers to bsp_timer.o(.data) for g_iRunTime
    bsp_timer.o(i.bsp_InitTimer) refers to bsp_timer.o(.bss) for s_tTmr
    bsp_timer.o(i.bsp_InitTimer) refers to system_stm32f10x.o(.data) for SystemCoreClock
    bsp_timer.o(i.bsp_StartAutoTimer) refers to bsp_timer.o(i.__set_PRIMASK) for __set_PRIMASK
    bsp_timer.o(i.bsp_StartAutoTimer) refers to bsp_timer.o(.bss) for s_tTmr
    bsp_timer.o(i.bsp_StartTimer) refers to bsp_timer.o(i.__set_PRIMASK) for __set_PRIMASK
    bsp_timer.o(i.bsp_StartTimer) refers to bsp_timer.o(.bss) for s_tTmr
    bsp_timer.o(i.bsp_StopTimer) refers to bsp_timer.o(i.__set_PRIMASK) for __set_PRIMASK
[...]
    rtexit2.o(.ARM.exidx) refers to rtexit2.o(.ARM.Collect$$rtexit$$00000003) for .ARM.Collect$$rtexit$$00000003
    rtexit2.o(.ARM.exidx) refers to rtexit2.o(.ARM.Collect$$rtexit$$00000004) for .ARM.Collect$$rtexit$$00000004
    argv_veneer.o(.emb_text) refers to no_argv.o(.text) for __ARM_get_argv
    _get_argv_nomalloc.o(.text) refers (Special) to hrguard.o(.text) for __heap_region$guard
    _get_argv_nomalloc.o(.text) refers to defsig_rtmem_outer.o(.text) for __rt_SIGRTMEM
    _get_argv_nomalloc.o(.text) refers to sys_command.o(.text) for _sys_command_string
    libshutdown.o(.ARM.Collect$$libshutdown$$00000000) refers (Special) to libshutdown2.o(.ARM.Collect$$libshutdown$$00000002) for __rt_lib_shutdown_cpp_1
    libshutdown.o(.ARM.Collect$$libshutdown$$00000000) refers (Special) to libshutdown2.o(.ARM.Collect$$libshutdown$$00000007) for __rt_lib_shutdown_fp_trap_1
    libshutdown.o(.ARM.Collect$$libshutdown$$00000000) refers (Special) to libshutdown2.o(.ARM.Collect$$libshutdown$$0000000F) for __rt_lib_shutdown_heap_1
    libshutdown.o(.ARM.Collect$$libshutdown$$00000000) refers (Special) to libshutdown2.o(.ARM.Collect$$libshutdown$$00000010) for __rt_lib_shutdown_return
    libshutdown.o(.ARM.Collect$$libshutdown$$00000000) refers (Special) to libshutdown2.o(.ARM.Collect$$libshutdown$$0000000A) for __rt_lib_shutdown_signal_1
    libshutdown.o(.ARM.Collect$$libshutdown$$00000000) refers (Special) to libshutdown2.o(.ARM.Collect$$libshutdown$$00000004) for __rt_lib_shutdown_stdio_1
    libshutdown.o(.ARM.Collect$$libshutdown$$00000000) refers (Special) to libshutdown2.o(.ARM.Collect$$libshutdown$$0000000C) for __rt_lib_shutdown_user_alloc_1
    sys_command.o(.text) refers (Special) to use_no_semi.o(.text) for __I$use$semihosting
    sys_command.o(.text) refers (Special) to indicate_semi.o(.text) for __semihosting_library_function
    defsig_rtmem_outer.o(.text) refers to defsig_rtmem_inner.o(.text) for __rt_SIGRTMEM_inner
    defsig_rtmem_outer.o(.text) refers to defsig_exit.o(.text) for __sig_exit
    defsig_rtmem_formal.o(.text) refers to rt_raise.o(.text) for __rt_raise
    rt_raise.o(.text) refers to __raise.o(.text) for __raise
    rt_raise.o(.text) refers to bsp_uart.o(i._sys_exit) for _sys_exit
    defsig_exit.o(.text) refers to bsp_uart.o(i._sys_exit) for _sys_exit
    defsig_rtmem_inner.o(.text) refers to defsig_general.o(.text) for __default_signal_display
    __raise.o(.text) refers to defsig.o(CL$$defsig) for __default_signal_handler
    defsig_general.o(.text) refers to sys_wrch.o(.text) for _ttywrch
    sys_wrch.o(.text) refers (Special) to use_no_semi.o(.text) for __I$use$semihosting
    sys_wrch.o(.text) refers (Special) to indicate_semi.o(.text) for __semihosting_library_function
    defsig.o(CL$$defsig) refers to defsig_rtmem_inner.o(.text) for __rt_SIGRTMEM_inner
    defsig_abrt_inner.o(.text) refers to defsig_general.o(.text) for __default_signal_display
    defsig_fpe_inner.o(.text) refers to defsig_general.o(.text) for __default_signal_display
    defsig_rtred_inner.o(.text) refers to defsig_general.o(.text) for __default_signal_display
    defsig_stak_inner.o(.text) refers to defsig_general.o(.text) for __default_signal_display
    defsig_pvfn_inner.o(.text) refers to defsig_general.o(.text) for __default_signal_display
    defsig_cppl_inner.o(.text) refers to defsig_general.o(.text) for __default_signal_display
    defsig_segv_inner.o(.text) refers to defsig_general.o(.text) for __default_signal_display
    defsig_other.o(.text) refers to defsig_general.o(.text) for __default_signal_display


==============================================================================

Removing Unused input sections from the image.

    Removing bsp.o(i.delay_ms), (12 bytes).
    Removing bsp.o(i.delay_us), (12 bytes).
    Removing bsp_led.o(i.bsp_IsLedOn), (64 bytes).
    Removing bsp_led.o(i.bsp_LedOn), (32 bytes).
    Removing bsp_timer.o(i.__set_PRIMASK), (6 bytes).
    Removing bsp_timer.o(i.bsp_CheckRunTime), (44 bytes).
    Removing bsp_timer.o(i.bsp_CheckTimer), (52 bytes).
    Removing bsp_timer.o(i.bsp_DelayMS), (68 bytes).
    Removing bsp_timer.o(i.bsp_DelayUS), (84 bytes).
    Removing bsp_timer.o(i.bsp_GetRunTime), (28 bytes).
    Removing bsp_timer.o(i.bsp_StartAutoTimer), (80 bytes).
    Removing bsp_timer.o(i.bsp_StartTimer), (76 bytes).
    Removing bsp_timer.o(i.bsp_StopTimer), (60 bytes).
    Removing bsp_beep.o(i.bsp_BeepOff), (12 bytes).
    Removing bsp_beep.o(i.bsp_BeepOn), (12 bytes).
    Removing bsp_beep.o(i.bsp_BeepToggle), (20 bytes).
    Removing bsp_beep.o(i.bsp_IsBeepOn), (28 bytes).
    Removing bsp_key.o(i.bsp_ClearKey), (16 bytes).
    Removing bsp_key.o(i.bsp_GetKey2), (52 bytes).
    Removing bsp_key.o(i.bsp_GetKeyState), (16 bytes).
    Removing bsp_key.o(i.bsp_SetKeyParam), (36 bytes).
    Removing bsp_uart.o(i.USART1_Send_Data), (60 bytes).
    Removing bsp_uart.o(i.Uart0_STA_Clr), (20 bytes).
    Removing bsp_iwdg.o(i.IWDG_Feed), (8 bytes).
    Removing bsp_iwdg.o(i.bsp_InitIwdg), (188 bytes).
    Removing core_cm3.o(.emb_text), (32 bytes).
    Removing system_stm32f10x.o(i.SystemCoreClockUpdate), (164 bytes).
    Removing misc.o(i.NVIC_SetVectorTable), (20 bytes).
    Removing misc.o(i.NVIC_SystemLPConfig), (32 bytes).
    Removing misc.o(i.SysTick_CLKSourceConfig), (40 bytes).
    Removing stm32f10x_gpio.o(i.GPIO_AFIODeInit), (20 bytes).
    Removing stm32f10x_gpio.o(i.GPIO_DeInit), (200 bytes).
    Removing stm32f10x_gpio.o(i.GPIO_ETH_MediaInterfaceConfig), (12 bytes).
    Removing stm32f10x_gpio.o(i.GPIO_EXTILineConfig), (64 bytes).
    Removing stm32f10x_gpio.o(i.GPIO_EventOutputCmd), (12 bytes).
    Removing stm32f10x_gpio.o(i.GPIO_EventOutputConfig), (32 bytes).
    Removing stm32f10x_gpio.o(i.GPIO_PinLockConfig), (18 bytes).
    Removing stm32f10x_gpio.o(i.GPIO_ReadInputData), (8 bytes).
    Removing stm32f10x_gpio.o(i.GPIO_ReadInputDataBit), (18 bytes).
    Removing stm32f10x_gpio.o(i.GPIO_ReadOutputData), (8 bytes).
    Removing stm32f10x_gpio.o(i.GPIO_ReadOutputDataBit), (18 bytes).
    Removing stm32f10x_gpio.o(i.GPIO_ResetBits), (4 bytes).
    Removing stm32f10x_gpio.o(i.GPIO_StructInit), (16 bytes).
    Removing stm32f10x_gpio.o(i.GPIO_Write), (4 bytes).
    Removing stm32f10x_gpio.o(i.GPIO_WriteBit), (10 bytes).
    Removing stm32f10x_rcc.o(i.RCC_ADCCLKConfig), (24 bytes).
    Removing stm32f10x_rcc.o(i.RCC_AHBPeriphClockCmd), (32 bytes).
    Removing stm32f10x_rcc.o(i.RCC_APB1PeriphResetCmd), (32 bytes).
    Removing stm32f10x_rcc.o(i.RCC_APB2PeriphResetCmd), (32 bytes).
    Removing stm32f10x_rcc.o(i.RCC_AdjustHSICalibrationValue), (24 bytes).
    Removing stm32f10x_rcc.o(i.RCC_BackupResetCmd), (12 bytes).
    Removing stm32f10x_rcc.o(i.RCC_ClearFlag), (20 bytes).
    Removing stm32f10x_rcc.o(i.RCC_ClearITPendingBit), (12 bytes).
    Removing stm32f10x_rcc.o(i.RCC_ClockSecuritySystemCmd), (12 bytes).
    Removing stm32f10x_rcc.o(i.RCC_DeInit), (76 bytes).
    Removing stm32f10x_rcc.o(i.RCC_GetFlagStatus), (60 bytes).
    Removing stm32f10x_rcc.o(i.RCC_GetITStatus), (24 bytes).
    Removing stm32f10x_rcc.o(i.RCC_GetSYSCLKSource), (16 bytes).
    Removing stm32f10x_rcc.o(i.RCC_HCLKConfig), (24 bytes).
    Removing stm32f10x_rcc.o(i.RCC_HSEConfig), (76 bytes).
    Removing stm32f10x_rcc.o(i.RCC_HSICmd), (12 bytes).
    Removing stm32f10x_rcc.o(i.RCC_ITConfig), (32 bytes).
    Removing stm32f10x_rcc.o(i.RCC_LSEConfig), (52 bytes).
    Removing stm32f10x_rcc.o(i.RCC_LSICmd), (12 bytes).
    Removing stm32f10x_rcc.o(i.RCC_MCOConfig), (12 bytes).
    Removing stm32f10x_rcc.o(i.RCC_PCLK1Config), (24 bytes).
    Removing stm32f10x_rcc.o(i.RCC_PCLK2Config), (24 bytes).
    Removing stm32f10x_rcc.o(i.RCC_PLLCmd), (12 bytes).
    Removing stm32f10x_rcc.o(i.RCC_PLLConfig), (28 bytes).
    Removing stm32f10x_rcc.o(i.RCC_RTCCLKCmd), (12 bytes).
    Removing stm32f10x_rcc.o(i.RCC_RTCCLKConfig), (16 bytes).
    Removing stm32f10x_rcc.o(i.RCC_SYSCLKConfig), (24 bytes).
    Removing stm32f10x_rcc.o(i.RCC_USBCLKConfig), (12 bytes).
    Removing stm32f10x_rcc.o(i.RCC_WaitForHSEStartUp), (56 bytes).
    Removing stm32f10x_usart.o(i.USART_ClearFlag), (18 bytes).
    Removing stm32f10x_usart.o(i.USART_ClearITPendingBit), (30 bytes).
    Removing stm32f10x_usart.o(i.USART_ClockInit), (34 bytes).
    Removing stm32f10x_usart.o(i.USART_ClockStructInit), (12 bytes).
    Removing stm32f10x_usart.o(i.USART_DMACmd), (18 bytes).
    Removing stm32f10x_usart.o(i.USART_DeInit), (156 bytes).
    Removing stm32f10x_usart.o(i.USART_GetFlagStatus), (26 bytes).
    Removing stm32f10x_usart.o(i.USART_HalfDuplexCmd), (24 bytes).
    Removing stm32f10x_usart.o(i.USART_IrDACmd), (24 bytes).
    Removing stm32f10x_usart.o(i.USART_IrDAConfig), (18 bytes).
    Removing stm32f10x_usart.o(i.USART_LINBreakDetectLengthConfig), (18 bytes).
    Removing stm32f10x_usart.o(i.USART_LINCmd), (24 bytes).
    Removing stm32f10x_usart.o(i.USART_OneBitMethodCmd), (24 bytes).
    Removing stm32f10x_usart.o(i.USART_OverSampling8Cmd), (22 bytes).
    Removing stm32f10x_usart.o(i.USART_ReceiveData), (10 bytes).
    Removing stm32f10x_usart.o(i.USART_ReceiverWakeUpCmd), (24 bytes).
    Removing stm32f10x_usart.o(i.USART_SendBreak), (10 bytes).
    Removing stm32f10x_usart.o(i.USART_SendData), (8 bytes).
    Removing stm32f10x_usart.o(i.USART_SetAddress), (18 bytes).
    Removing stm32f10x_usart.o(i.USART_SetGuardTime), (16 bytes).
    Removing stm32f10x_usart.o(i.USART_SetPrescaler), (16 bytes).
    Removing stm32f10x_usart.o(i.USART_SmartCardCmd), (24 bytes).
    Removing stm32f10x_usart.o(i.USART_SmartCardNACKCmd), (24 bytes).
    Removing stm32f10x_usart.o(i.USART_StructInit), (24 bytes).
    Removing stm32f10x_usart.o(i.USART_WakeUpConfig), (18 bytes).
    Removing stm32f10x_iwdg.o(i.IWDG_Enable), (16 bytes).
    Removing stm32f10x_iwdg.o(i.IWDG_GetFlagStatus), (24 bytes).
    Removing stm32f10x_iwdg.o(i.IWDG_ReloadCounter), (16 bytes).
    Removing stm32f10x_iwdg.o(i.IWDG_SetPrescaler), (12 bytes).
    Removing stm32f10x_iwdg.o(i.IWDG_SetReload), (12 bytes).
    Removing stm32f10x_iwdg.o(i.IWDG_WriteAccessCmd), (12 bytes).
    Removing stm32f10x_tim.o(i.TI1_Config), (128 bytes).
    Removing stm32f10x_tim.o(i.TI2_Config), (152 bytes).
    Removing stm32f10x_tim.o(i.TI3_Config), (144 bytes).
    Removing stm32f10x_tim.o(i.TI4_Config), (152 bytes).
    Removing stm32f10x_tim.o(i.TIM_BDTRConfig), (32 bytes).
    Removing stm32f10x_tim.o(i.TIM_BDTRStructInit), (18 bytes).
    Removing stm32f10x_tim.o(i.TIM_CCPreloadControl), (24 bytes).
    Removing stm32f10x_tim.o(i.TIM_CCxCmd), (30 bytes).
    Removing stm32f10x_tim.o(i.TIM_CCxNCmd), (30 bytes).
    Removing stm32f10x_tim.o(i.TIM_ClearFlag), (6 bytes).
    Removing stm32f10x_tim.o(i.TIM_ClearOC1Ref), (18 bytes).
    Removing stm32f10x_tim.o(i.TIM_ClearOC2Ref), (24 bytes).
    Removing stm32f10x_tim.o(i.TIM_ClearOC3Ref), (18 bytes).
    Removing stm32f10x_tim.o(i.TIM_ClearOC4Ref), (24 bytes).
    Removing stm32f10x_tim.o(i.TIM_CounterModeConfig), (18 bytes).
    Removing stm32f10x_tim.o(i.TIM_CtrlPWMOutputs), (30 bytes).
    Removing stm32f10x_tim.o(i.TIM_DMACmd), (18 bytes).
    Removing stm32f10x_tim.o(i.TIM_DMAConfig), (10 bytes).
    Removing stm32f10x_tim.o(i.TIM_DeInit), (488 bytes).
    Removing stm32f10x_tim.o(i.TIM_ETRClockMode1Config), (54 bytes).
    Removing stm32f10x_tim.o(i.TIM_ETRClockMode2Config), (32 bytes).
    Removing stm32f10x_tim.o(i.TIM_ETRConfig), (28 bytes).
    Removing stm32f10x_tim.o(i.TIM_EncoderInterfaceConfig), (66 bytes).
    Removing stm32f10x_tim.o(i.TIM_ForcedOC1Config), (18 bytes).
    Removing stm32f10x_tim.o(i.TIM_ForcedOC2Config), (26 bytes).
    Removing stm32f10x_tim.o(i.TIM_ForcedOC3Config), (18 bytes).
    Removing stm32f10x_tim.o(i.TIM_ForcedOC4Config), (26 bytes).
    Removing stm32f10x_tim.o(i.TIM_GenerateEvent), (4 bytes).
    Removing stm32f10x_tim.o(i.TIM_GetCapture1), (6 bytes).
    Removing stm32f10x_tim.o(i.TIM_GetCapture2), (6 bytes).
    Removing stm32f10x_tim.o(i.TIM_GetCapture3), (6 bytes).
    Removing stm32f10x_tim.o(i.TIM_GetCapture4), (8 bytes).
    Removing stm32f10x_tim.o(i.TIM_GetCounter), (6 bytes).
    Removing stm32f10x_tim.o(i.TIM_GetFlagStatus), (18 bytes).
    Removing stm32f10x_tim.o(i.TIM_GetPrescaler), (6 bytes).
    Removing stm32f10x_tim.o(i.TIM_ICInit), (172 bytes).
    Removing stm32f10x_tim.o(i.TIM_ICStructInit), (18 bytes).
    Removing stm32f10x_tim.o(i.TIM_ITRxExternalClockConfig), (24 bytes).
    Removing stm32f10x_tim.o(i.TIM_InternalClockConfig), (12 bytes).
    Removing stm32f10x_tim.o(i.TIM_OC1FastConfig), (18 bytes).
    Removing stm32f10x_tim.o(i.TIM_OC1Init), (152 bytes).
    Removing stm32f10x_tim.o(i.TIM_OC1NPolarityConfig), (18 bytes).
    Removing stm32f10x_tim.o(i.TIM_OC1PolarityConfig), (18 bytes).
    Removing stm32f10x_tim.o(i.TIM_OC1PreloadConfig), (18 bytes).
    Removing stm32f10x_tim.o(i.TIM_OC2FastConfig), (26 bytes).
    Removing stm32f10x_tim.o(i.TIM_OC2Init), (164 bytes).
    Removing stm32f10x_tim.o(i.TIM_OC2NPolarityConfig), (26 bytes).
    Removing stm32f10x_tim.o(i.TIM_OC2PolarityConfig), (26 bytes).
    Removing stm32f10x_tim.o(i.TIM_OC2PreloadConfig), (26 bytes).
    Removing stm32f10x_tim.o(i.TIM_OC3FastConfig), (18 bytes).
    Removing stm32f10x_tim.o(i.TIM_OC3Init), (160 bytes).
    Removing stm32f10x_tim.o(i.TIM_OC3NPolarityConfig), (26 bytes).
    Removing stm32f10x_tim.o(i.TIM_OC3PolarityConfig), (26 bytes).
    Removing stm32f10x_tim.o(i.TIM_OC3PreloadConfig), (18 bytes).
    Removing stm32f10x_tim.o(i.TIM_OC4FastConfig), (26 bytes).
    Removing stm32f10x_tim.o(i.TIM_OC4Init), (124 bytes).
    Removing stm32f10x_tim.o(i.TIM_OC4PolarityConfig), (26 bytes).
    Removing stm32f10x_tim.o(i.TIM_OC4PreloadConfig), (26 bytes).
    Removing stm32f10x_tim.o(i.TIM_OCStructInit), (20 bytes).
    Removing stm32f10x_tim.o(i.TIM_PWMIConfig), (124 bytes).
    Removing stm32f10x_tim.o(i.TIM_PrescalerConfig), (6 bytes).
    Removing stm32f10x_tim.o(i.TIM_SelectCCDMA), (24 bytes).
    Removing stm32f10x_tim.o(i.TIM_SelectCOM), (24 bytes).
    Removing stm32f10x_tim.o(i.TIM_SelectHallSensor), (24 bytes).
    Removing stm32f10x_tim.o(i.TIM_SelectInputTrigger), (18 bytes).
    Removing stm32f10x_tim.o(i.TIM_SelectMasterSlaveMode), (18 bytes).
    Removing stm32f10x_tim.o(i.TIM_SelectOCxM), (82 bytes).
    Removing stm32f10x_tim.o(i.TIM_SelectOnePulseMode), (18 bytes).
    Removing stm32f10x_tim.o(i.TIM_SelectOutputTrigger), (18 bytes).
    Removing stm32f10x_tim.o(i.TIM_SelectSlaveMode), (18 bytes).
    Removing stm32f10x_tim.o(i.TIM_SetAutoreload), (4 bytes).
    Removing stm32f10x_tim.o(i.TIM_SetClockDivision), (18 bytes).
    Removing stm32f10x_tim.o(i.TIM_SetCompare1), (4 bytes).
    Removing stm32f10x_tim.o(i.TIM_SetCompare2), (4 bytes).
    Removing stm32f10x_tim.o(i.TIM_SetCompare3), (4 bytes).
    Removing stm32f10x_tim.o(i.TIM_SetCompare4), (6 bytes).
    Removing stm32f10x_tim.o(i.TIM_SetCounter), (4 bytes).
    Removing stm32f10x_tim.o(i.TIM_SetIC1Prescaler), (18 bytes).
    Removing stm32f10x_tim.o(i.TIM_SetIC2Prescaler), (26 bytes).
    Removing stm32f10x_tim.o(i.TIM_SetIC3Prescaler), (18 bytes).
    Removing stm32f10x_tim.o(i.TIM_SetIC4Prescaler), (26 bytes).
    Removing stm32f10x_tim.o(i.TIM_TIxExternalClockConfig), (62 bytes).
    Removing stm32f10x_tim.o(i.TIM_TimeBaseStructInit), (18 bytes).
    Removing stm32f10x_tim.o(i.TIM_UpdateDisableConfig), (24 bytes).
    Removing stm32f10x_tim.o(i.TIM_UpdateRequestConfig), (24 bytes).

190 unused section(s) (total 6868 bytes) removed from the image.

==============================================================================

Image Symbol Table

    Local Symbols

    Symbol Name                              Value     Ov Type        Size  Object(Section)

    ../clib/angel/boardlib.s                 0x00000000   Number         0  boardshut.o ABSOLUTE
    ../clib/angel/boardlib.s                 0x00000000   Number         0  boardinit3.o ABSOLUTE
    ../clib/angel/boardlib.s                 0x00000000   Number         0  boardinit2.o ABSOLUTE
    ../clib/angel/boardlib.s                 0x00000000   Number         0  boardinit1.o ABSOLUTE
    ../clib/angel/handlers.s                 0x00000000   Number         0  __scatter_copy.o ABSOLUTE
    ../clib/angel/handlers.s                 0x00000000   Number         0  __scatter_zi.o ABSOLUTE
    ../clib/angel/kernel.s                   0x00000000   Number         0  rtexit2.o ABSOLUTE
    ../clib/angel/kernel.s                   0x00000000   Number         0  rtexit.o ABSOLUTE
    ../clib/angel/kernel.s                   0x00000000   Number         0  __rtentry4.o ABSOLUTE
    ../clib/angel/kernel.s                   0x00000000   Number         0  __rtentry2.o ABSOLUTE
    ../clib/angel/kernel.s                   0x00000000   Number         0  __rtentry.o ABSOLUTE
    ../clib/angel/rt.s                       0x00000000   Number         0  rt_raise.o ABSOLUTE
    ../clib/angel/scatter.s                  0x00000000   Number         0  __scatter.o ABSOLUTE
    ../clib/angel/startup.s                  0x00000000   Number         0  __main.o ABSOLUTE
    ../clib/angel/sys.s                      0x00000000   Number         0  indicate_semi.o ABSOLUTE
    ../clib/angel/sys.s                      0x00000000   Number         0  use_no_semi_2.o ABSOLUTE
    ../clib/angel/sys.s                      0x00000000   Number         0  use_no_semi.o ABSOLUTE
    ../clib/angel/sys.s                      0x00000000   Number         0  libspace.o ABSOLUTE
    ../clib/angel/sys.s                      0x00000000   Number         0  sys_stackheap_outer.o ABSOLUTE
    ../clib/angel/sysapp.c                   0x00000000   Number         0  sys_command.o ABSOLUTE
    ../clib/angel/sysapp.c                   0x00000000   Number         0  sys_wrch.o ABSOLUTE
    ../clib/armsys.c                         0x00000000   Number         0  _get_argv_nomalloc.o ABSOLUTE
    ../clib/armsys.c                         0x00000000   Number         0  no_argv.o ABSOLUTE
    ../clib/armsys.c                         0x00000000   Number         0  argv_veneer.o ABSOLUTE
    ../clib/armsys.c                         0x00000000   Number         0  argv_veneer.o ABSOLUTE
    ../clib/heapalloc.c                      0x00000000   Number         0  hrguard.o ABSOLUTE
    ../clib/heapaux.c                        0x00000000   Number         0  heapauxi.o ABSOLUTE
    ../clib/libinit.s                        0x00000000   Number         0  libinit2.o ABSOLUTE
    ../clib/libinit.s                        0x00000000   Number         0  libshutdown2.o ABSOLUTE
    ../clib/libinit.s                        0x00000000   Number         0  libshutdown.o ABSOLUTE
    ../clib/libinit.s                        0x00000000   Number         0  libinit.o ABSOLUTE
    ../clib/misc.s                           0x00000000   Number         0  printf_stubs.o ABSOLUTE
    ../clib/printf.c                         0x00000000   Number         0  _printf_str.o ABSOLUTE
    ../clib/printf.c                         0x00000000   Number         0  _printf_hex_ll_ptr.o ABSOLUTE
    ../clib/printf.c                         0x00000000   Number         0  _printf_dec.o ABSOLUTE
    ../clib/printf.c                         0x00000000   Number         0  _printf_hex_int_ptr.o ABSOLUTE
    ../clib/printf.c                         0x00000000   Number         0  _printf_hex_ll.o ABSOLUTE
    ../clib/printf.c                         0x00000000   Number         0  _printf_hex_int.o ABSOLUTE
    ../clib/printf.c                         0x00000000   Number         0  _printf_hex_ptr.o ABSOLUTE
    ../clib/printf.c                         0x00000000   Number         0  _printf_hex_int_ll.o ABSOLUTE
    ../clib/printf.c                         0x00000000   Number         0  __printf_flags_ss_wp.o ABSOLUTE
    ../clib/printf.c                         0x00000000   Number         0  __printf.o ABSOLUTE
    ../clib/printf.c                         0x00000000   Number         0  __printf_ss_wp.o ABSOLUTE
    ../clib/printf.c                         0x00000000   Number         0  __printf_flags_wp.o ABSOLUTE
    ../clib/printf.c                         0x00000000   Number         0  __printf_wp.o ABSOLUTE
    ../clib/printf.c                         0x00000000   Number         0  __printf_flags_ss.o ABSOLUTE
    ../clib/printf.c                         0x00000000   Number         0  __printf_ss.o ABSOLUTE
    ../clib/printf.c                         0x00000000   Number         0  __2printf.o ABSOLUTE
    ../clib/printf.c                         0x00000000   Number         0  __printf_nopercent.o ABSOLUTE
    ../clib/printf.c                         0x00000000   Number         0  noretval__2printf.o ABSOLUTE
    ../clib/printf.c                         0x00000000   Number         0  _printf_char_common.o ABSOLUTE
    ../clib/printf.c                         0x00000000   Number         0  __printf_flags.o ABSOLUTE
    ../clib/printf.c                         0x00000000   Number         0  _printf_pad.o ABSOLUTE
    ../clib/printf.c                         0x00000000   Number         0  _printf_char_file.o ABSOLUTE
    ../clib/printf.c                         0x00000000   Number         0  _printf_char.o ABSOLUTE
    ../clib/printf.c                         0x00000000   Number         0  _printf_hex_int_ll_ptr.o ABSOLUTE
    ../clib/printf.c                         0x00000000   Number         0  _printf_intcommon.o ABSOLUTE
    ../clib/printf_percent.s                 0x00000000   Number         0  _printf_percent.o ABSOLUTE
    ../clib/printf_percent.s                 0x00000000   Number         0  _printf_percent_end.o ABSOLUTE
    ../clib/printf_percent.s                 0x00000000   Number         0  _printf_s.o ABSOLUTE
    ../clib/printf_percent.s                 0x00000000   Number         0  _printf_x.o ABSOLUTE
    ../clib/printf_percent.s                 0x00000000   Number         0  _printf_d.o ABSOLUTE
    ../clib/signal.c                         0x00000000   Number         0  __raise.o ABSOLUTE
    ../clib/signal.c                         0x00000000   Number         0  defsig_general.o ABSOLUTE
    ../clib/signal.c                         0x00000000   Number         0  defsig_rtmem_inner.o ABSOLUTE
    ../clib/signal.c                         0x00000000   Number         0  defsig_exit.o ABSOLUTE
    ../clib/signal.c                         0x00000000   Number         0  defsig_rtmem_formal.o ABSOLUTE
    ../clib/signal.c                         0x00000000   Number         0  defsig_other.o ABSOLUTE
    ../clib/signal.c                         0x00000000   Number         0  defsig_segv_inner.o ABSOLUTE
    ../clib/signal.c                         0x00000000   Number         0  defsig_cppl_inner.o ABSOLUTE
    ../clib/signal.c                         0x00000000   Number         0  defsig_pvfn_inner.o ABSOLUTE
    ../clib/signal.c                         0x00000000   Number         0  defsig_stak_inner.o ABSOLUTE
    ../clib/signal.c                         0x00000000   Number         0  defsig_rtred_inner.o ABSOLUTE
    ../clib/signal.c                         0x00000000   Number         0  defsig_fpe_inner.o ABSOLUTE
    ../clib/signal.c                         0x00000000   Number         0  defsig_abrt_inner.o ABSOLUTE
    ../clib/signal.c                         0x00000000   Number         0  defsig_rtmem_outer.o ABSOLUTE
    ../clib/signal.s                         0x00000000   Number         0  defsig.o ABSOLUTE
    ../clib/stdio.c                          0x00000000   Number         0  ferror_locked.o ABSOLUTE
    ../clib/stdio.c                          0x00000000   Number         0  ferror.o ABSOLUTE
    ../clib/stdlib.c                         0x00000000   Number         0  exit.o ABSOLUTE
    ../fplib/fpinit.s                        0x00000000   Number         0  fpinit.o ABSOLUTE
    ..\Libraries\CMSIS\core_cm3.c            0x00000000   Number         0  core_cm3.o ABSOLUTE
    ..\Libraries\CMSIS\startup\startup_stm32f10x_hd.s 0x00000000   Number         0  startup_stm32f10x_hd.o ABSOLUTE
    ..\Libraries\CMSIS\system_stm32f10x.c    0x00000000   Number         0  system_stm32f10x.o ABSOLUTE
    ..\Libraries\STM32F10x_StdPeriph_Driver\src\misc.c 0x00000000   Number         0  misc.o ABSOLUTE
    ..\Libraries\STM32F10x_StdPeriph_Driver\src\stm32f10x_gpio.c 0x00000000   Number         0  stm32f10x_gpio.o ABSOLUTE
    ..\Libraries\STM32F10x_StdPeriph_Driver\src\stm32f10x_iwdg.c 0x00000000   Number         0  stm32f10x_iwdg.o ABSOLUTE
    ..\Libraries\STM32F10x_StdPeriph_Driver\src\stm32f10x_rcc.c 0x00000000   Number         0  stm32f10x_rcc.o ABSOLUTE
    ..\Libraries\STM32F10x_StdPeriph_Driver\src\stm32f10x_tim.c 0x00000000   Number         0  stm32f10x_tim.o ABSOLUTE
    ..\Libraries\STM32F10x_StdPeriph_Driver\src\stm32f10x_usart.c 0x00000000   Number         0  stm32f10x_usart.o ABSOLUTE
    ..\User\bsp\bsp.c                        0x00000000   Number         0  bsp.o ABSOLUTE
    ..\User\bsp\src\bsp_beep.c               0x00000000   Number         0  bsp_beep.o ABSOLUTE
    ..\User\bsp\src\bsp_iwdg.c               0x00000000   Number         0  bsp_iwdg.o ABSOLUTE
    ..\User\bsp\src\bsp_key.c                0x00000000   Number         0  bsp_key.o ABSOLUTE
    ..\User\bsp\src\bsp_led.c                0x00000000   Number         0  bsp_led.o ABSOLUTE
    ..\User\bsp\src\bsp_tim_pwm.c            0x00000000   Number         0  bsp_tim_pwm.o ABSOLUTE
    ..\User\bsp\src\bsp_timer.c              0x00000000   Number         0  bsp_timer.o ABSOLUTE
    ..\User\bsp\src\bsp_uart.c               0x00000000   Number         0  bsp_uart.o ABSOLUTE
    ..\User\main.c                           0x00000000   Number         0  main.o ABSOLUTE
    ..\User\system\stm32f10x_assert.c        0x00000000   Number         0  stm32f10x_assert.o ABSOLUTE
    ..\User\system\stm32f10x_it.c            0x00000000   Number         0  stm32f10x_it.o ABSOLUTE
    ..\\Libraries\\CMSIS\\core_cm3.c         0x00000000   Number         0  core_cm3.o ABSOLUTE
    dc.s                                     0x00000000   Number         0  dc.o ABSOLUTE
    RESET                                    0x08000000   Section      304  startup_stm32f10x_hd.o(RESET)
    !!!main                                  0x08000130   Section        8  __main.o(!!!main)
    !!!scatter                               0x08000138   Section       52  __scatter.o(!!!scatter)
    !!handler_copy                           0x0800016c   Section       26  __scatter_copy.o(!!handler_copy)
    !!handler_zi                             0x08000188   Section       28  __scatter_zi.o(!!handler_zi)
    .ARM.Collect$$_printf_percent$$00000000  0x080001a4   Section        0  _printf_percent.o(.ARM.Collect$$_printf_percent$$00000000)
    .ARM.Collect$$_printf_percent$$00000009  0x080001a4   Section        6  _printf_d.o(.ARM.Collect$$_printf_percent$$00000009)
    .ARM.Collect$$_printf_percent$$0000000C  0x080001aa   Section        6  _printf_x.o(.ARM.Collect$$_printf_percent$$0000000C)
    .ARM.Collect$$_printf_percent$$00000014  0x080001b0   Section        6  _printf_s.o(.ARM.Collect$$_printf_percent$$00000014)
    .ARM.Collect$$_printf_percent$$00000017  0x080001b6   Section        4  _printf_percent_end.o(.ARM.Collect$$_printf_percent$$00000017)
    .ARM.Collect$$libinit$$00000000          0x080001ba   Section        2  libinit.o(.ARM.Collect$$libinit$$00000000)
    .ARM.Collect$$libinit$$00000002          0x080001bc   Section        0  libinit2.o(.ARM.Collect$$libinit$$00000002)
    .ARM.Collect$$libinit$$00000004          0x080001bc   Section        0  libinit2.o(.ARM.Collect$$libinit$$00000004)
    .ARM.Collect$$libinit$$0000000A          0x080001bc   Section        0  libinit2.o(.ARM.Collect$$libinit$$0000000A)
    .ARM.Collect$$libinit$$0000000C          0x080001bc   Section        0  libinit2.o(.ARM.Collect$$libinit$$0000000C)
    .ARM.Collect$$libinit$$0000000E          0x080001bc   Section        0  libinit2.o(.ARM.Collect$$libinit$$0000000E)
    .ARM.Collect$$libinit$$00000011          0x080001bc   Section        0  libinit2.o(.ARM.Collect$$libinit$$00000011)
    .ARM.Collect$$libinit$$00000013          0x080001bc   Section        0  libinit2.o(.ARM.Collect$$libinit$$00000013)
    .ARM.Collect$$libinit$$00000015          0x080001bc   Section        0  libinit2.o(.ARM.Collect$$libinit$$00000015)
    .ARM.Collect$$libinit$$00000017          0x080001bc   Section        0  libinit2.o(.ARM.Collect$$libinit$$00000017)
    .ARM.Collect$$libinit$$00000019          0x080001bc   Section        0  libinit2.o(.ARM.Collect$$libinit$$00000019)
    .ARM.Collect$$libinit$$0000001B          0x080001bc   Section        0  libinit2.o(.ARM.Collect$$libinit$$0000001B)
    .ARM.Collect$$libinit$$0000001D          0x080001bc   Section        0  libinit2.o(.ARM.Collect$$libinit$$0000001D)
    .ARM.Collect$$libinit$$0000001F          0x080001bc   Section        0  libinit2.o(.ARM.Collect$$libinit$$0000001F)
    .ARM.Collect$$libinit$$00000021          0x080001bc   Section        0  libinit2.o(.ARM.Collect$$libinit$$00000021)
    .ARM.Collect$$libinit$$00000023          0x080001bc   Section        0  libinit2.o(.ARM.Collect$$libinit$$00000023)
    .ARM.Collect$$libinit$$00000025          0x080001bc   Section        0  libinit2.o(.ARM.Collect$$libinit$$00000025)
    .ARM.Collect$$libinit$$0000002C          0x080001bc   Section        0  libinit2.o(.ARM.Collect$$libinit$$0000002C)
    .ARM.Collect$$libinit$$0000002E          0x080001bc   Section        0  libinit2.o(.ARM.Collect$$libinit$$0000002E)
    .ARM.Collect$$libinit$$00000030          0x080001bc   Section        0  libinit2.o(.ARM.Collect$$libinit$$00000030)
    .ARM.Collect$$libinit$$00000032          0x080001bc   Section        0  libinit2.o(.ARM.Collect$$libinit$$00000032)
    .ARM.Collect$$libinit$$00000033          0x080001bc   Section        2  libinit2.o(.ARM.Collect$$libinit$$00000033)
    .ARM.Collect$$libshutdown$$00000000      0x080001be   Section        2  libshutdown.o(.ARM.Collect$$libshutdown$$00000000)
    .ARM.Collect$$libshutdown$$00000002      0x080001c0   Section        0  libshutdown2.o(.ARM.Collect$$libshutdown$$00000002)
    .ARM.Collect$$libshutdown$$00000004      0x080001c0   Section        0  libshutdown2.o(.ARM.Collect$$libshutdown$$00000004)
    .ARM.Collect$$libshutdown$$00000007      0x080001c0   Section        0  libshutdown2.o(.ARM.Collect$$libshutdown$$00000007)
    .ARM.Collect$$libshutdown$$0000000A      0x080001c0   Section        0  libshutdown2.o(.ARM.Collect$$libshutdown$$0000000A)
    .ARM.Collect$$libshutdown$$0000000C      0x080001c0   Section        0  libshutdown2.o(.ARM.Collect$$libshutdown$$0000000C)
    .ARM.Collect$$libshutdown$$0000000F      0x080001c0   Section        0  libshutdown2.o(.ARM.Collect$$libshutdown$$0000000F)
    .ARM.Collect$$libshutdown$$00000010      0x080001c0   Section        2  libshutdown2.o(.ARM.Collect$$libshutdown$$00000010)
    .ARM.Collect$$rtentry$$00000000          0x080001c2   Section        0  __rtentry.o(.ARM.Collect$$rtentry$$00000000)
    .ARM.Collect$$rtentry$$00000002          0x080001c2   Section        0  __rtentry2.o(.ARM.Collect$$rtentry$$00000002)
    .ARM.Collect$$rtentry$$00000004          0x080001c2   Section        6  __rtentry4.o(.ARM.Collect$$rtentry$$00000004)
    .ARM.Collect$$rtentry$$00000009          0x080001c8   Section        0  __rtentry2.o(.ARM.Collect$$rtentry$$00000009)
    .ARM.Collect$$rtentry$$0000000A          0x080001c8   Section        4  __rtentry2.o(.ARM.Collect$$rtentry$$0000000A)
    .ARM.Collect$$rtentry$$0000000C          0x080001cc   Section        0  __rtentry2.o(.ARM.Collect$$rtentry$$0000000C)
    .ARM.Collect$$rtentry$$0000000D          0x080001cc   Section        8  __rtentry2.o(.ARM.Collect$$rtentry$$0000000D)
    .ARM.Collect$$rtexit$$00000000           0x080001d4   Section        2  rtexit.o(.ARM.Collect$$rtexit$$00000000)
    .ARM.Collect$$rtexit$$00000002           0x080001d6   Section        0  rtexit2.o(.ARM.Collect$$rtexit$$00000002)
    .ARM.Collect$$rtexit$$00000003           0x080001d6   Section        4  rtexit2.o(.ARM.Collect$$rtexit$$00000003)
    .ARM.Collect$$rtexit$$00000004           0x080001da   Section        6  rtexit2.o(.ARM.Collect$$rtexit$$00000004)
    .text                                    0x080001e0   Section       64  startup_stm32f10x_hd.o(.text)
    .text                                    0x08000220   Section        2  use_no_semi_2.o(.text)
    .text                                    0x08000224   Section        0  noretval__2printf.o(.text)
    .text                                    0x0800023c   Section        0  _printf_pad.o(.text)
    .text                                    0x0800028a   Section        0  _printf_str.o(.text)
    .text                                    0x080002dc   Section        0  _printf_dec.o(.text)
    .text                                    0x08000354   Section        0  _printf_hex_int.o(.text)
    .text                                    0x080003ac   Section        0  __printf_flags_wp.o(.text)
    .text                                    0x080004e4   Section        0  heapauxi.o(.text)
    .text                                    0x080004ea   Section        2  use_no_semi.o(.text)
    .text                                    0x080004ec   Section        0  _printf_intcommon.o(.text)
    .text                                    0x0800059e   Section        0  _printf_char.o(.text)
    .text                                    0x080005cc   Section        0  _printf_char_file.o(.text)
    .text                                    0x080005f0   Section        0  _printf_char_common.o(.text)
    _printf_input_char                       0x080005f1   Thumb Code    10  _printf_char_common.o(.text)
    .text                                    0x08000620   Section        0  ferror.o(.text)
    .text                                    0x08000628   Section       74  sys_stackheap_outer.o(.text)
    .text                                    0x08000672   Section        0  exit.o(.text)
    .text                                    0x08000684   Section        8  libspace.o(.text)
    i.BusFault_Handler                       0x0800068c   Section        0  stm32f10x_it.o(i.BusFault_Handler)
    i.DebugMon_Handler                       0x08000690   Section        0  stm32f10x_it.o(i.DebugMon_Handler)
    i.GPIO_Init                              0x08000692   Section        0  stm32f10x_gpio.o(i.GPIO_Init)
    i.GPIO_PinRemapConfig                    0x080007a8   Section        0  stm32f10x_gpio.o(i.GPIO_PinRemapConfig)
    i.GPIO_SetBits                           0x08000838   Section        0  stm32f10x_gpio.o(i.GPIO_SetBits)
    i.HardFault_Handler                      0x0800083c   Section        0  stm32f10x_it.o(i.HardFault_Handler)
    i.IsKeyDown1                             0x08000864   Section        0  bsp_key.o(i.IsKeyDown1)
    IsKeyDown1                               0x08000865   Thumb Code    38  bsp_key.o(i.IsKeyDown1)
    i.IsKeyDown2                             0x08000894   Section        0  bsp_key.o(i.IsKeyDown2)
    IsKeyDown2                               0x08000895   Thumb Code    38  bsp_key.o(i.IsKeyDown2)
    i.IsKeyDown3                             0x080008c4   Section        0  bsp_key.o(i.IsKeyDown3)
    IsKeyDown3                               0x080008c5   Thumb Code    38  bsp_key.o(i.IsKeyDown3)
    i.IsKeyDown4                             0x080008f4   Section        0  bsp_key.o(i.IsKeyDown4)
    IsKeyDown4                               0x080008f5   Thumb Code    38  bsp_key.o(i.IsKeyDown4)
    i.IsKeyDown5                             0x08000924   Section        0  bsp_key.o(i.IsKeyDown5)
    IsKeyDown5                               0x08000925   Thumb Code    38  bsp_key.o(i.IsKeyDown5)
    i.IsKeyDown6                             0x08000954   Section        0  bsp_key.o(i.IsKeyDown6)
    IsKeyDown6                               0x08000955   Thumb Code    38  bsp_key.o(i.IsKeyDown6)
    i.MemManage_Handler                      0x08000984   Section        0  stm32f10x_it.o(i.MemManage_Handler)
    i.NMI_Handler                            0x08000988   Section        0  stm32f10x_it.o(i.NMI_Handler)
    i.NVIC_Init                              0x0800098c   Section        0  misc.o(i.NVIC_Init)
    i.NVIC_PriorityGroupConfig               0x080009fc   Section        0  misc.o(i.NVIC_PriorityGroupConfig)
    i.PendSV_Handler                         0x08000a10   Section        0  stm32f10x_it.o(i.PendSV_Handler)
    i.PrintfHelp                             0x08000a14   Section        0  main.o(i.PrintfHelp)
    PrintfHelp                               0x08000a15   Thumb Code    28  main.o(i.PrintfHelp)
    i.PrintfLogo                             0x08000a4c   Section        0  main.o(i.PrintfLogo)
    PrintfLogo                               0x08000a4d   Thumb Code    88  main.o(i.PrintfLogo)
    i.RCC_APB1PeriphClockCmd                 0x08000bd8   Section        0  stm32f10x_rcc.o(i.RCC_APB1PeriphClockCmd)
    i.RCC_APB2PeriphClockCmd                 0x08000bf8   Section        0  stm32f10x_rcc.o(i.RCC_APB2PeriphClockCmd)
    i.RCC_GetClocksFreq                      0x08000c18   Section        0  stm32f10x_rcc.o(i.RCC_GetClocksFreq)
    i.SVC_Handler                            0x08000cec   Section        0  stm32f10x_it.o(i.SVC_Handler)
    i.SetSysClock                            0x08000cee   Section        0  system_stm32f10x.o(i.SetSysClock)
    SetSysClock                              0x08000cef   Thumb Code     8  system_stm32f10x.o(i.SetSysClock)
    i.SetSysClockTo72                        0x08000cf8   Section        0  system_stm32f10x.o(i.SetSysClockTo72)
    SetSysClockTo72                          0x08000cf9   Thumb Code   214  system_stm32f10x.o(i.SetSysClockTo72)
    i.SysTick_Handler                        0x08000dd8   Section        0  bsp_timer.o(i.SysTick_Handler)
    i.SysTick_ISR                            0x08000de0   Section        0  bsp_timer.o(i.SysTick_ISR)
    i.SystemInit                             0x08000e64   Section        0  system_stm32f10x.o(i.SystemInit)
    i.TIM7_IRQHandler                        0x08000ec4   Section        0  main.o(i.TIM7_IRQHandler)
    i.TIM_ARRPreloadConfig                   0x08000ee4   Section        0  stm32f10x_tim.o(i.TIM_ARRPreloadConfig)
    i.TIM_ClearITPendingBit                  0x08000efc   Section        0  stm32f10x_tim.o(i.TIM_ClearITPendingBit)
    i.TIM_Cmd                                0x08000f02   Section        0  stm32f10x_tim.o(i.TIM_Cmd)
    i.TIM_GetITStatus                        0x08000f1a   Section        0  stm32f10x_tim.o(i.TIM_GetITStatus)
    i.TIM_ITConfig                           0x08000f3c   Section        0  stm32f10x_tim.o(i.TIM_ITConfig)
    i.TIM_TimeBaseInit                       0x08000f50   Section        0  stm32f10x_tim.o(i.TIM_TimeBaseInit)
    i.USART1_IRQHandler                      0x08000ff4   Section        0  bsp_uart.o(i.USART1_IRQHandler)
    i.USART_Cmd                              0x08001050   Section        0  stm32f10x_usart.o(i.USART_Cmd)
    i.USART_GetITStatus                      0x08001068   Section        0  stm32f10x_usart.o(i.USART_GetITStatus)
    i.USART_ITConfig                         0x080010bc   Section        0  stm32f10x_usart.o(i.USART_ITConfig)
    i.USART_Init                             0x08001108   Section        0  stm32f10x_usart.o(i.USART_Init)
    i.UsageFault_Handler                     0x080011e0   Section        0  stm32f10x_it.o(i.UsageFault_Handler)
    i._is_digit                              0x080011e4   Section        0  __printf_wp.o(i._is_digit)
    i._sys_exit                              0x080011f2   Section        0  bsp_uart.o(i._sys_exit)
    i.bsp_DetectKey                          0x080011f8   Section        0  bsp_key.o(i.bsp_DetectKey)
    bsp_DetectKey                            0x080011f9   Thumb Code   198  bsp_key.o(i.bsp_DetectKey)
    i.bsp_GetKey                             0x080012c4   Section        0  bsp_key.o(i.bsp_GetKey)
    i.bsp_GetRCCofTIM                        0x080012f8   Section        0  bsp_tim_pwm.o(i.bsp_GetRCCofTIM)
    i.bsp_Idle                               0x08001368   Section        0  bsp.o(i.bsp_Idle)
    i.bsp_Init                               0x0800136a   Section        0  bsp.o(i.bsp_Init)
    i.bsp_InitBeep                           0x08001390   Section        0  bsp_beep.o(i.bsp_InitBeep)
    i.bsp_InitKey                            0x080013bc   Section        0  bsp_key.o(i.bsp_InitKey)
    i.bsp_InitKeyHard                        0x080013c8   Section        0  bsp_key.o(i.bsp_InitKeyHard)
    bsp_InitKeyHard                          0x080013c9   Thumb Code   100  bsp_key.o(i.bsp_InitKeyHard)
    i.bsp_InitKeyVar                         0x08001438   Section        0  bsp_key.o(i.bsp_InitKeyVar)
    bsp_InitKeyVar                           0x08001439   Thumb Code    96  bsp_key.o(i.bsp_InitKeyVar)
    i.bsp_InitLed                            0x080014b8   Section        0  bsp_led.o(i.bsp_InitLed)
    i.bsp_InitTimer                          0x08001510   Section        0  bsp_timer.o(i.bsp_InitTimer)
    i.bsp_InitUart1                          0x080015ac   Section        0  bsp_uart.o(i.bsp_InitUart1)
    i.bsp_KeyScan                            0x08001660   Section        0  bsp_key.o(i.bsp_KeyScan)
    i.bsp_LedOff                             0x08001678   Section        0  bsp_led.o(i.bsp_LedOff)
    i.bsp_LedToggle                          0x08001698   Section        0  bsp_led.o(i.bsp_LedToggle)
    i.bsp_PutKey                             0x080016c4   Section        0  bsp_key.o(i.bsp_PutKey)
    i.bsp_RunPer10ms                         0x080016e4   Section        0  bsp.o(i.bsp_RunPer10ms)
    i.bsp_RunPer1ms                          0x080016ec   Section        0  bsp.o(i.bsp_RunPer1ms)
    i.bsp_SetTIMforInt                       0x080016f0   Section        0  bsp_tim_pwm.o(i.bsp_SetTIMforInt)
    i.bsp_SoftTimerDec                       0x080018dc   Section        0  bsp_timer.o(i.bsp_SoftTimerDec)
    bsp_SoftTimerDec                         0x080018dd   Thumb Code    28  bsp_timer.o(i.bsp_SoftTimerDec)
    i.fputc                                  0x080018f8   Section        0  bsp_uart.o(i.fputc)
    i.main                                   0x08001914   Section        0  main.o(i.main)
    .constdata                               0x080019bc   Section       40  _printf_hex_int.o(.constdata)
    uc_hextab                                0x080019bc   Data          20  _printf_hex_int.o(.constdata)
    lc_hextab                                0x080019d0   Data          20  _printf_hex_int.o(.constdata)
    .constdata                               0x080019e4   Section       17  __printf_flags_wp.o(.constdata)
    maptable                                 0x080019e4   Data          17  __printf_flags_wp.o(.constdata)
    .conststring                             0x080019f8   Section      191  main.o(.conststring)
    .data                                    0x20000000   Section        4  main.o(.data)
    .data                                    0x20000004   Section       13  bsp_timer.o(.data)
    s_uiDelayCount                           0x20000004   Data           4  bsp_timer.o(.data)
    s_ucTimeOutFlag                          0x20000008   Data           1  bsp_timer.o(.data)
    s_count                                  0x20000010   Data           1  bsp_timer.o(.data)
    .data                                    0x20000014   Section        4  bsp_uart.o(.data)
    .data                                    0x20000018   Section       20  system_stm32f10x.o(.data)
    .data                                    0x2000002c   Section       20  stm32f10x_rcc.o(.data)
    APBAHBPrescTable                         0x2000002c   Data          16  stm32f10x_rcc.o(.data)
    ADCPrescTable                            0x2000003c   Data           4  stm32f10x_rcc.o(.data)
    .bss                                     0x20000040   Section     1024  main.o(.bss)
    .bss                                     0x20000440   Section       48  bsp_timer.o(.bss)
    s_tTmr                                   0x20000440   Data          48  bsp_timer.o(.bss)
    .bss                                     0x20000470   Section      109  bsp_key.o(.bss)
    s_tBtn                                   0x20000470   Data          96  bsp_key.o(.bss)
    s_tKey                                   0x200004d0   Data          13  bsp_key.o(.bss)
    .bss                                     0x200004e0   Section       96  libspace.o(.bss)
    HEAP                                     0x20000540   Section      512  startup_stm32f10x_hd.o(HEAP)
    Heap_Mem                                 0x20000540   Data         512  startup_stm32f10x_hd.o(HEAP)
    STACK                                    0x20000740   Section     1024  startup_stm32f10x_hd.o(STACK)
    Stack_Mem                                0x20000740   Data        1024  startup_stm32f10x_hd.o(STACK)
    __initial_sp                             0x20000b40   Data           0  startup_stm32f10x_hd.o(STACK)

    Global Symbols

    Symbol Name                              Value     Ov Type        Size  Object(Section)

    BuildAttributes$$THM_ISAv4$P$D$K$B$S$PE$A:L22UL41UL21$X:L11$S22US41US21$IEEE1$IW$USESV6$~STKCKD$USESV7$~SHL$OSPACE$ROPI$EBA8$UX$STANDARDLIB$REQ8$PRES8$EABIv2 0x00000000   Number         0  anon$$obj.o ABSOLUTE
    __ARM_use_no_argv                        0x00000000   Number         0  main.o ABSOLUTE
    _printf_flags                            0x00000000   Number         0  printf_stubs.o ABSOLUTE
    _printf_return_value                     0x00000000   Number         0  printf_stubs.o ABSOLUTE
    _printf_sizespec                         0x00000000   Number         0  printf_stubs.o ABSOLUTE
    _printf_widthprec                        0x00000000   Number         0  printf_stubs.o ABSOLUTE
    __ARM_exceptions_init                     - Undefined Weak Reference
    __alloca_initialize                       - Undefined Weak Reference
    __arm_preinit_                            - Undefined Weak Reference
    __cpp_initialize__aeabi_                  - Undefined Weak Reference
    __cxa_finalize                            - Undefined Weak Reference
    __rt_locale                               - Undefined Weak Reference
    __sigvec_lookup                           - Undefined Weak Reference
    _atexit_init                              - Undefined Weak Reference
    _call_atexit_fns                          - Undefined Weak Reference
    _clock_init                               - Undefined Weak Reference
    _fp_trap_init                             - Undefined Weak Reference
    _fp_trap_shutdown                         - Undefined Weak Reference
    _get_lc_collate                           - Undefined Weak Reference
    _get_lc_ctype                             - Undefined Weak Reference
    _get_lc_monetary                          - Undefined Weak Reference
    _get_lc_numeric                           - Undefined Weak Reference
    _get_lc_time                              - Undefined Weak Reference
    _getenv_init                              - Undefined Weak Reference
    _handle_redirection                       - Undefined Weak Reference
    _init_alloc                               - Undefined Weak Reference
    _init_user_alloc                          - Undefined Weak Reference
    _initio                                   - Undefined Weak Reference
    _mutex_acquire                            - Undefined Weak Reference
    _mutex_release                            - Undefined Weak Reference
    _printf_mbtowc                            - Undefined Weak Reference
    _printf_truncate_signed                   - Undefined Weak Reference
    _printf_truncate_unsigned                 - Undefined Weak Reference
    _rand_init                                - Undefined Weak Reference
    _signal_finish                            - Undefined Weak Reference
    _signal_init                              - Undefined Weak Reference
    _terminate_alloc                          - Undefined Weak Reference
    _terminate_user_alloc                     - Undefined Weak Reference
    _terminateio                              - Undefined Weak Reference
    __Vectors_Size                           0x00000130   Number         0  startup_stm32f10x_hd.o ABSOLUTE
    __Vectors                                0x08000000   Data           4  startup_stm32f10x_hd.o(RESET)
    __Vectors_End                            0x08000130   Data           0  startup_stm32f10x_hd.o(RESET)
    __main                                   0x08000131   Thumb Code     8  __main.o(!!!main)
    __scatterload                            0x08000139   Thumb Code     0  __scatter.o(!!!scatter)
    __scatterload_rt2                        0x08000139   Thumb Code    44  __scatter.o(!!!scatter)
    __scatterload_rt2_thumb_only             0x08000139   Thumb Code     0  __scatter.o(!!!scatter)
    __scatterload_null                       0x08000147   Thumb Code     0  __scatter.o(!!!scatter)
    __scatterload_copy                       0x0800016d   Thumb Code    26  __scatter_copy.o(!!handler_copy)
    __scatterload_zeroinit                   0x08000189   Thumb Code    28  __scatter_zi.o(!!handler_zi)
    _printf_d                                0x080001a5   Thumb Code     0  _printf_d.o(.ARM.Collect$$_printf_percent$$00000009)
    _printf_percent                          0x080001a5   Thumb Code     0  _printf_percent.o(.ARM.Collect$$_printf_percent$$00000000)
    _printf_x                                0x080001ab   Thumb Code     0  _printf_x.o(.ARM.Collect$$_printf_percent$$0000000C)
    _printf_s                                0x080001b1   Thumb Code     0  _printf_s.o(.ARM.Collect$$_printf_percent$$00000014)
    _printf_percent_end                      0x080001b7   Thumb Code     0  _printf_percent_end.o(.ARM.Collect$$_printf_percent$$00000017)
    __rt_lib_init                            0x080001bb   Thumb Code     0  libinit.o(.ARM.Collect$$libinit$$00000000)
    __rt_lib_init_alloca_1                   0x080001bd   Thumb Code     0  libinit2.o(.ARM.Collect$$libinit$$0000002E)
    __rt_lib_init_argv_1                     0x080001bd   Thumb Code     0  libinit2.o(.ARM.Collect$$libinit$$0000002C)
    __rt_lib_init_atexit_1                   0x080001bd   Thumb Code     0  libinit2.o(.ARM.Collect$$libinit$$0000001B)
    __rt_lib_init_clock_1                    0x080001bd   Thumb Code     0  libinit2.o(.ARM.Collect$$libinit$$00000021)
    __rt_lib_init_cpp_1                      0x080001bd   Thumb Code     0  libinit2.o(.ARM.Collect$$libinit$$00000032)
    __rt_lib_init_exceptions_1               0x080001bd   Thumb Code     0  libinit2.o(.ARM.Collect$$libinit$$00000030)
    __rt_lib_init_fp_1                       0x080001bd   Thumb Code     0  libinit2.o(.ARM.Collect$$libinit$$00000002)
    __rt_lib_init_fp_trap_1                  0x080001bd   Thumb Code     0  libinit2.o(.ARM.Collect$$libinit$$0000001F)
    __rt_lib_init_getenv_1                   0x080001bd   Thumb Code     0  libinit2.o(.ARM.Collect$$libinit$$00000023)
    __rt_lib_init_heap_1                     0x080001bd   Thumb Code     0  libinit2.o(.ARM.Collect$$libinit$$0000000A)
    __rt_lib_init_lc_collate_1               0x080001bd   Thumb Code     0  libinit2.o(.ARM.Collect$$libinit$$00000011)
    __rt_lib_init_lc_ctype_1                 0x080001bd   Thumb Code     0  libinit2.o(.ARM.Collect$$libinit$$00000013)
    __rt_lib_init_lc_monetary_1              0x080001bd   Thumb Code     0  libinit2.o(.ARM.Collect$$libinit$$00000015)
    __rt_lib_init_lc_numeric_1               0x080001bd   Thumb Code     0  libinit2.o(.ARM.Collect$$libinit$$00000017)
    __rt_lib_init_lc_time_1                  0x080001bd   Thumb Code     0  libinit2.o(.ARM.Collect$$libinit$$00000019)
    __rt_lib_init_preinit_1                  0x080001bd   Thumb Code     0  libinit2.o(.ARM.Collect$$libinit$$00000004)
    __rt_lib_init_rand_1                     0x080001bd   Thumb Code     0  libinit2.o(.ARM.Collect$$libinit$$0000000E)
    __rt_lib_init_return                     0x080001bd   Thumb Code     0  libinit2.o(.ARM.Collect$$libinit$$00000033)
    __rt_lib_init_signal_1                   0x080001bd   Thumb Code     0  libinit2.o(.ARM.Collect$$libinit$$0000001D)
    __rt_lib_init_stdio_1                    0x080001bd   Thumb Code     0  libinit2.o(.ARM.Collect$$libinit$$00000025)
    __rt_lib_init_user_alloc_1               0x080001bd   Thumb Code     0  libinit2.o(.ARM.Collect$$libinit$$0000000C)
    __rt_lib_shutdown                        0x080001bf   Thumb Code     0  libshutdown.o(.ARM.Collect$$libshutdown$$00000000)
    __rt_lib_shutdown_cpp_1                  0x080001c1   Thumb Code     0  libshutdown2.o(.ARM.Collect$$libshutdown$$00000002)
    __rt_lib_shutdown_fp_trap_1              0x080001c1   Thumb Code     0  libshutdown2.o(.ARM.Collect$$libshutdown$$00000007)
    __rt_lib_shutdown_heap_1                 0x080001c1   Thumb Code     0  libshutdown2.o(.ARM.Collect$$libshutdown$$0000000F)
    __rt_lib_shutdown_return                 0x080001c1   Thumb Code     0  libshutdown2.o(.ARM.Collect$$libshutdown$$00000010)
    __rt_lib_shutdown_signal_1               0x080001c1   Thumb Code     0  libshutdown2.o(.ARM.Collect$$libshutdown$$0000000A)
    __rt_lib_shutdown_stdio_1                0x080001c1   Thumb Code     0  libshutdown2.o(.ARM.Collect$$libshutdown$$00000004)
    __rt_lib_shutdown_user_alloc_1           0x080001c1   Thumb Code     0  libshutdown2.o(.ARM.Collect$$libshutdown$$0000000C)
    __rt_entry                               0x080001c3   Thumb Code     0  __rtentry.o(.ARM.Collect$$rtentry$$00000000)
    __rt_entry_presh_1                       0x080001c3   Thumb Code     0  __rtentry2.o(.ARM.Collect$$rtentry$$00000002)
    __rt_entry_sh                            0x080001c3   Thumb Code     0  __rtentry4.o(.ARM.Collect$$rtentry$$00000004)
    __rt_entry_li                            0x080001c9   Thumb Code     0  __rtentry2.o(.ARM.Collect$$rtentry$$0000000A)
    __rt_entry_postsh_1                      0x080001c9   Thumb Code     0  __rtentry2.o(.ARM.Collect$$rtentry$$00000009)
    __rt_entry_main                          0x080001cd   Thumb Code     0  __rtentry2.o(.ARM.Collect$$rtentry$$0000000D)
    __rt_entry_postli_1                      0x080001cd   Thumb Code     0  __rtentry2.o(.ARM.Collect$$rtentry$$0000000C)
    __rt_exit                                0x080001d5   Thumb Code     0  rtexit.o(.ARM.Collect$$rtexit$$00000000)
    __rt_exit_ls                             0x080001d7   Thumb Code     0  rtexit2.o(.ARM.Collect$$rtexit$$00000003)
    __rt_exit_prels_1                        0x080001d7   Thumb Code     0  rtexit2.o(.ARM.Collect$$rtexit$$00000002)
    __rt_exit_exit                           0x080001db   Thumb Code     0  rtexit2.o(.ARM.Collect$$rtexit$$00000004)
    Reset_Handler                            0x080001e1   Thumb Code     8  startup_stm32f10x_hd.o(.text)
    ADC1_2_IRQHandler                        0x080001fb   Thumb Code     0  startup_stm32f10x_hd.o(.text)
    ADC3_IRQHandler                          0x080001fb   Thumb Code     0  startup_stm32f10x_hd.o(.text)
    CAN1_RX1_IRQHandler                      0x080001fb   Thumb Code     0  startup_stm32f10x_hd.o(.text)
    CAN1_SCE_IRQHandler                      0x080001fb   Thumb Code     0  startup_stm32f10x_hd.o(.text)
    DMA1_Channel1_IRQHandler                 0x080001fb   Thumb Code     0  startup_stm32f10x_hd.o(.text)
    DMA1_Channel2_IRQHandler                 0x080001fb   Thumb Code     0  startup_stm32f10x_hd.o(.text)
    DMA1_Channel3_IRQHandler                 0x080001fb   Thumb Code     0  startup_stm32f10x_hd.o(.text)
    DMA1_Channel4_IRQHandler                 0x080001fb   Thumb Code     0  startup_stm32f10x_hd.o(.text)
    DMA1_Channel5_IRQHandler                 0x080001fb   Thumb Code     0  startup_stm32f10x_hd.o(.text)
    DMA1_Channel6_IRQHandler                 0x080001fb   Thumb Code     0  startup_stm32f10x_hd.o(.text)
    DMA1_Channel7_IRQHandler                 0x080001fb   Thumb Code     0  startup_stm32f10x_hd.o(.text)
    DMA2_Channel1_IRQHandler                 0x080001fb   Thumb Code     0  startup_stm32f10x_hd.o(.text)
    DMA2_Channel2_IRQHandler                 0x080001fb   Thumb Code     0  startup_stm32f10x_hd.o(.text)
    DMA2_Channel3_IRQHandler                 0x080001fb   Thumb Code     0  startup_stm32f10x_hd.o(.text)
    DMA2_Channel4_5_IRQHandler               0x080001fb   Thumb Code     0  startup_stm32f10x_hd.o(.text)
    EXTI0_IRQHandler                         0x080001fb   Thumb Code     0  startup_stm32f10x_hd.o(.text)
    EXTI15_10_IRQHandler                     0x080001fb   Thumb Code     0  startup_stm32f10x_hd.o(.text)
    EXTI1_IRQHandler                         0x080001fb   Thumb Code     0  startup_stm32f10x_hd.o(.text)
    EXTI2_IRQHandler                         0x080001fb   Thumb Code     0  startup_stm32f10x_hd.o(.text)
    EXTI3_IRQHandler                         0x080001fb   Thumb Code     0  startup_stm32f10x_hd.o(.text)
    EXTI4_IRQHandler                         0x080001fb   Thumb Code     0  startup_stm32f10x_hd.o(.text)
    EXTI9_5_IRQHandler                       0x080001fb   Thumb Code     0  startup_stm32f10x_hd.o(.text)
    FLASH_IRQHandler                         0x080001fb   Thumb Code     0  startup_stm32f10x_hd.o(.text)
    FSMC_IRQHandler                          0x080001fb   Thumb Code     0  startup_stm32f10x_hd.o(.text)
    I2C1_ER_IRQHandler                       0x080001fb   Thumb Code     0  startup_stm32f10x_hd.o(.text)
    I2C1_EV_IRQHandler                       0x080001fb   Thumb Code     0  startup_stm32f10x_hd.o(.text)
    I2C2_ER_IRQHandler                       0x080001fb   Thumb Code     0  startup_stm32f10x_hd.o(.text)
    I2C2_EV_IRQHandler                       0x080001fb   Thumb Code     0  startup_stm32f10x_hd.o(.text)
    PVD_IRQHandler                           0x080001fb   Thumb Code     0  startup_stm32f10x_hd.o(.text)
    RCC_IRQHandler                           0x080001fb   Thumb Code     0  startup_stm32f10x_hd.o(.text)
    RTCAlarm_IRQHandler                      0x080001fb   Thumb Code     0  startup_stm32f10x_hd.o(.text)
    RTC_IRQHandler                           0x080001fb   Thumb Code     0  startup_stm32f10x_hd.o(.text)
    SDIO_IRQHandler                          0x080001fb   Thumb Code     0  startup_stm32f10x_hd.o(.text)
    SPI1_IRQHandler                          0x080001fb   Thumb Code     0  startup_stm32f10x_hd.o(.text)
    SPI2_IRQHandler                          0x080001fb   Thumb Code     0  startup_stm32f10x_hd.o(.text)
    SPI3_IRQHandler                          0x080001fb   Thumb Code     0  startup_stm32f10x_hd.o(.text)
    TAMPER_IRQHandler                        0x080001fb   Thumb Code     0  startup_stm32f10x_hd.o(.text)
    TIM1_BRK_IRQHandler                      0x080001fb   Thumb Code     0  startup_stm32f10x_hd.o(.text)
    TIM1_CC_IRQHandler                       0x080001fb   Thumb Code     0  startup_stm32f10x_hd.o(.text)
    TIM1_TRG_COM_IRQHandler                  0x080001fb   Thumb Code     0  startup_stm32f10x_hd.o(.text)
    TIM1_UP_IRQHandler                       0x080001fb   Thumb Code     0  startup_stm32f10x_hd.o(.text)
    TIM2_IRQHandler                          0x080001fb   Thumb Code     0  startup_stm32f10x_hd.o(.text)
    TIM3_IRQHandler                          0x080001fb   Thumb Code     0  startup_stm32f10x_hd.o(.text)
    TIM4_IRQHandler                          0x080001fb   Thumb Code     0  startup_stm32f10x_hd.o(.text)
    TIM5_IRQHandler                          0x080001fb   Thumb Code     0  startup_stm32f10x_hd.o(.text)
    TIM6_IRQHandler                          0x080001fb   Thumb Code     0  startup_stm32f10x_hd.o(.text)
    TIM8_BRK_IRQHandler                      0x080001fb   Thumb Code     0  startup_stm32f10x_hd.o(.text)
    TIM8_CC_IRQHandler                       0x080001fb   Thumb Code     0  startup_stm32f10x_hd.o(.text)
    TIM8_TRG_COM_IRQHandler                  0x080001fb   Thumb Code     0  startup_stm32f10x_hd.o(.text)
    TIM8_UP_IRQHandler                       0x080001fb   Thumb Code     0  startup_stm32f10x_hd.o(.text)
    UART4_IRQHandler                         0x080001fb   Thumb Code     0  startup_stm32f10x_hd.o(.text)
    UART5_IRQHandler                         0x080001fb   Thumb Code     0  startup_stm32f10x_hd.o(.text)
    USART2_IRQHandler                        0x080001fb   Thumb Code     0  startup_stm32f10x_hd.o(.text)
    USART3_IRQHandler                        0x080001fb   Thumb Code     0  startup_stm32f10x_hd.o(.text)
    USBWakeUp_IRQHandler                     0x080001fb   Thumb Code     0  startup_stm32f10x_hd.o(.text)
    USB_HP_CAN1_TX_IRQHandler                0x080001fb   Thumb Code     0  startup_stm32f10x_hd.o(.text)
    USB_LP_CAN1_RX0_IRQHandler               0x080001fb   Thumb Code     0  startup_stm32f10x_hd.o(.text)
    WWDG_IRQHandler                          0x080001fb   Thumb Code     0  startup_stm32f10x_hd.o(.text)
    __user_initial_stackheap                 0x080001fd   Thumb Code     0  startup_stm32f10x_hd.o(.text)
    __use_no_semihosting                     0x08000221   Thumb Code     2  use_no_semi_2.o(.text)
    __2printf                                0x08000225   Thumb Code    20  noretval__2printf.o(.text)
    _printf_pre_padding                      0x0800023d   Thumb Code    44  _printf_pad.o(.text)
    _printf_post_padding                     0x08000269   Thumb Code    34  _printf_pad.o(.text)
    _printf_str                              0x0800028b   Thumb Code    82  _printf_str.o(.text)
    _printf_int_dec                          0x080002dd   Thumb Code   104  _printf_dec.o(.text)
    _printf_int_hex                          0x08000355   Thumb Code    84  _printf_hex_int.o(.text)
    _printf_longlong_hex                     0x08000355   Thumb Code     0  _printf_hex_int.o(.text)
    __printf                                 0x080003ad   Thumb Code   308  __printf_flags_wp.o(.text)
    __use_two_region_memory                  0x080004e5   Thumb Code     2  heapauxi.o(.text)
    __rt_heap_escrow$2region                 0x080004e7   Thumb Code     2  heapauxi.o(.text)
    __rt_heap_expand$2region                 0x080004e9   Thumb Code     2  heapauxi.o(.text)
    __I$use$semihosting                      0x080004eb   Thumb Code     0  use_no_semi.o(.text)
    __use_no_semihosting_swi                 0x080004eb   Thumb Code     2  use_no_semi.o(.text)
    _printf_int_common                       0x080004ed   Thumb Code   178  _printf_intcommon.o(.text)
    _printf_cs_common                        0x0800059f   Thumb Code    20  _printf_char.o(.text)
    _printf_char                             0x080005b3   Thumb Code    16  _printf_char.o(.text)
    _printf_string                           0x080005c3   Thumb Code     8  _printf_char.o(.text)
    _printf_char_file                        0x080005cd   Thumb Code    32  _printf_char_file.o(.text)
    _printf_char_common                      0x080005fb   Thumb Code    32  _printf_char_common.o(.text)
    ferror                                   0x08000621   Thumb Code     8  ferror.o(.text)
    __user_setup_stackheap                   0x08000629   Thumb Code    74  sys_stackheap_outer.o(.text)
    exit                                     0x08000673   Thumb Code    18  exit.o(.text)
    __user_libspace                          0x08000685   Thumb Code     8  libspace.o(.text)
    __user_perproc_libspace                  0x08000685   Thumb Code     0  libspace.o(.text)
    __user_perthread_libspace                0x08000685   Thumb Code     0  libspace.o(.text)
    BusFault_Handler                         0x0800068d   Thumb Code     4  stm32f10x_it.o(i.BusFault_Handler)
    DebugMon_Handler                         0x08000691   Thumb Code     2  stm32f10x_it.o(i.DebugMon_Handler)
    GPIO_Init                                0x08000693   Thumb Code   278  stm32f10x_gpio.o(i.GPIO_Init)
    GPIO_PinRemapConfig                      0x080007a9   Thumb Code   138  stm32f10x_gpio.o(i.GPIO_PinRemapConfig)
    GPIO_SetBits                             0x08000839   Thumb Code     4  stm32f10x_gpio.o(i.GPIO_SetBits)
    HardFault_Handler                        0x0800083d   Thumb Code    34  stm32f10x_it.o(i.HardFault_Handler)
    MemManage_Handler                        0x08000985   Thumb Code     4  stm32f10x_it.o(i.MemManage_Handler)
    NMI_Handler                              0x08000989   Thumb Code     2  stm32f10x_it.o(i.NMI_Handler)
    NVIC_Init                                0x0800098d   Thumb Code   100  misc.o(i.NVIC_Init)
    NVIC_PriorityGroupConfig                 0x080009fd   Thumb Code    10  misc.o(i.NVIC_PriorityGroupConfig)
    PendSV_Handler                           0x08000a11   Thumb Code     2  stm32f10x_it.o(i.PendSV_Handler)
    RCC_APB1PeriphClockCmd                   0x08000bd9   Thumb Code    26  stm32f10x_rcc.o(i.RCC_APB1PeriphClockCmd)
    RCC_APB2PeriphClockCmd                   0x08000bf9   Thumb Code    26  stm32f10x_rcc.o(i.RCC_APB2PeriphClockCmd)
    RCC_GetClocksFreq                        0x08000c19   Thumb Code   192  stm32f10x_rcc.o(i.RCC_GetClocksFreq)
    SVC_Handler                              0x08000ced   Thumb Code     2  stm32f10x_it.o(i.SVC_Handler)
    SysTick_Handler                          0x08000dd9   Thumb Code     8  bsp_timer.o(i.SysTick_Handler)
    SysTick_ISR                              0x08000de1   Thumb Code   110  bsp_timer.o(i.SysTick_ISR)
    SystemInit                               0x08000e65   Thumb Code    78  system_stm32f10x.o(i.SystemInit)
    TIM7_IRQHandler                          0x08000ec5   Thumb Code    28  main.o(i.TIM7_IRQHandler)
    TIM_ARRPreloadConfig                     0x08000ee5   Thumb Code    24  stm32f10x_tim.o(i.TIM_ARRPreloadConfig)
    TIM_ClearITPendingBit                    0x08000efd   Thumb Code     6  stm32f10x_tim.o(i.TIM_ClearITPendingBit)
    TIM_Cmd                                  0x08000f03   Thumb Code    24  stm32f10x_tim.o(i.TIM_Cmd)
    TIM_GetITStatus                          0x08000f1b   Thumb Code    34  stm32f10x_tim.o(i.TIM_GetITStatus)
    TIM_ITConfig                             0x08000f3d   Thumb Code    18  stm32f10x_tim.o(i.TIM_ITConfig)
    TIM_TimeBaseInit                         0x08000f51   Thumb Code   122  stm32f10x_tim.o(i.TIM_TimeBaseInit)
    USART1_IRQHandler                        0x08000ff5   Thumb Code    74  bsp_uart.o(i.USART1_IRQHandler)
    USART_Cmd                                0x08001051   Thumb Code    24  stm32f10x_usart.o(i.USART_Cmd)
    USART_GetITStatus                        0x08001069   Thumb Code    84  stm32f10x_usart.o(i.USART_GetITStatus)
    USART_ITConfig                           0x080010bd   Thumb Code    74  stm32f10x_usart.o(i.USART_ITConfig)
    USART_Init                               0x08001109   Thumb Code   210  stm32f10x_usart.o(i.USART_Init)
    UsageFault_Handler                       0x080011e1   Thumb Code     4  stm32f10x_it.o(i.UsageFault_Handler)
    _is_digit                                0x080011e5   Thumb Code    14  __printf_wp.o(i._is_digit)
    _sys_exit                                0x080011f3   Thumb Code     4  bsp_uart.o(i._sys_exit)
    bsp_GetKey                               0x080012c5   Thumb Code    46  bsp_key.o(i.bsp_GetKey)
    bsp_GetRCCofTIM                          0x080012f9   Thumb Code    84  bsp_tim_pwm.o(i.bsp_GetRCCofTIM)
    bsp_Idle                                 0x08001369   Thumb Code     2  bsp.o(i.bsp_Idle)
    bsp_Init                                 0x0800136b   Thumb Code    36  bsp.o(i.bsp_Init)
    bsp_InitBeep                             0x08001391   Thumb Code    38  bsp_beep.o(i.bsp_InitBeep)
    bsp_InitKey                              0x080013bd   Thumb Code    12  bsp_key.o(i.bsp_InitKey)
    bsp_InitLed                              0x080014b9   Thumb Code    80  bsp_led.o(i.bsp_InitLed)
    bsp_InitTimer                            0x08001511   Thumb Code   138  bsp_timer.o(i.bsp_InitTimer)
    bsp_InitUart1                            0x080015ad   Thumb Code   170  bsp_uart.o(i.bsp_InitUart1)
    bsp_KeyScan                              0x08001661   Thumb Code    22  bsp_key.o(i.bsp_KeyScan)
    bsp_LedOff                               0x08001679   Thumb Code    24  bsp_led.o(i.bsp_LedOff)
    bsp_LedToggle                            0x08001699   Thumb Code    36  bsp_led.o(i.bsp_LedToggle)
    bsp_PutKey                               0x080016c5   Thumb Code    28  bsp_key.o(i.bsp_PutKey)
    bsp_RunPer10ms                           0x080016e5   Thumb Code     8  bsp.o(i.bsp_RunPer10ms)
    bsp_RunPer1ms                            0x080016ed   Thumb Code     2  bsp.o(i.bsp_RunPer1ms)
    bsp_SetTIMforInt                         0x080016f1   Thumb Code   460  bsp_tim_pwm.o(i.bsp_SetTIMforInt)
    fputc                                    0x080018f9   Thumb Code    24  bsp_uart.o(i.fputc)
    main                                     0x08001915   Thumb Code    88  main.o(i.main)
    Region$$Table$$Base                      0x08001ab8   Number         0  anon$$obj.o(Region$$Table)
    Region$$Table$$Limit                     0x08001ad8   Number         0  anon$$obj.o(Region$$Table)
    ReceiveState                             0x20000000   Data           1  main.o(.data)
    RxCounter                                0x20000002   Data           2  main.o(.data)
    g_iRunTime                               0x2000000c   Data           4  bsp_timer.o(.data)
    __stdout                                 0x20000014   Data           4  bsp_uart.o(.data)
    SystemCoreClock                          0x20000018   Data           4  system_stm32f10x.o(.data)
    AHBPrescTable                            0x2000001c   Data          16  system_stm32f10x.o(.data)
    USART_RX_BUF                             0x20000040   Data        1024  main.o(.bss)
    __libspace_start                         0x200004e0   Data          96  libspace.o(.bss)
    __temporary_stack_top$libspace           0x20000540   Data           0  libspace.o(.bss)



==============================================================================

Memory Map of the image

  Image Entry point : 0x08000131

  Load Region LR_IROM1 (Base: 0x08000000, Size: 0x00001b18, Max: 0x00080000, ABSOLUTE)

    Execution Region ER_IROM1 (Exec base: 0x08000000, Load base: 0x08000000, Size: 0x00001ad8, Max: 0x00080000, ABSOLUTE)

    Exec Addr    Load Addr    Size         Type   Attr      Idx    E Section Name        Object

    0x08000000   0x08000000   0x00000130   Data   RO          663    RESET               startup_stm32f10x_hd.o
    0x08000130   0x08000130   0x00000008   Code   RO         1851  * !!!main             c_w.l(__main.o)
    0x08000138   0x08000138   0x00000034   Code   RO         2021    !!!scatter          c_w.l(__scatter.o)
    0x0800016c   0x0800016c   0x0000001a   Code   RO         2023    !!handler_copy      c_w.l(__scatter_copy.o)
    0x08000186   0x08000186   0x00000002   PAD
    0x08000188   0x08000188   0x0000001c   Code   RO         2025    !!handler_zi        c_w.l(__scatter_zi.o)
    0x080001a4   0x080001a4   0x00000000   Code   RO         1848    .ARM.Collect$$_printf_percent$$00000000  c_w.l(_printf_percent.o)
    0x080001a4   0x080001a4   0x00000006   Code   RO         1847    .ARM.Collect$$_printf_percent$$00000009  c_w.l(_printf_d.o)
    0x080001aa   0x080001aa   0x00000006   Code   RO         1846    .ARM.Collect$$_printf_percent$$0000000C  c_w.l(_printf_x.o)
    0x080001b0   0x080001b0   0x00000006   Code   RO         1845    .ARM.Collect$$_printf_percent$$00000014  c_w.l(_printf_s.o)
    0x080001b6   0x080001b6   0x00000004   Code   RO         1862    .ARM.Collect$$_printf_percent$$00000017  c_w.l(_printf_percent_end.o)
    0x080001ba   0x080001ba   0x00000002   Code   RO         1895    .ARM.Collect$$libinit$$00000000  c_w.l(libinit.o)
    0x080001bc   0x080001bc   0x00000000   Code   RO         1902    .ARM.Collect$$libinit$$00000002  c_w.l(libinit2.o)
    0x080001bc   0x080001bc   0x00000000   Code   RO         1904    .ARM.Collect$$libinit$$00000004  c_w.l(libinit2.o)
    0x080001bc   0x080001bc   0x00000000   Code   RO         1907    .ARM.Collect$$libinit$$0000000A  c_w.l(libinit2.o)
    0x080001bc   0x080001bc   0x00000000   Code   RO         1909    .ARM.Collect$$libinit$$0000000C  c_w.l(libinit2.o)
    0x080001bc   0x080001bc   0x00000000   Code   RO         1911    .ARM.Collect$$libinit$$0000000E  c_w.l(libinit2.o)
    0x080001bc   0x080001bc   0x00000000   Code   RO         1914    .ARM.Collect$$libinit$$00000011  c_w.l(libinit2.o)
    0x080001bc   0x080001bc   0x00000000   Code   RO         1916    .ARM.Collect$$libinit$$00000013  c_w.l(libinit2.o)
    0x080001bc   0x080001bc   0x00000000   Code   RO         1918    .ARM.Collect$$libinit$$00000015  c_w.l(libinit2.o)
    0x080001bc   0x080001bc   0x00000000   Code   RO         1920    .ARM.Collect$$libinit$$00000017  c_w.l(libinit2.o)
    0x080001bc   0x080001bc   0x00000000   Code   RO         1922    .ARM.Collect$$libinit$$00000019  c_w.l(libinit2.o)
    0x080001bc   0x080001bc   0x00000000   Code   RO         1924    .ARM.Collect$$libinit$$0000001B  c_w.l(libinit2.o)
    0x080001bc   0x080001bc   0x00000000   Code   RO         1926    .ARM.Collect$$libinit$$0000001D  c_w.l(libinit2.o)
    0x080001bc   0x080001bc   0x00000000   Code   RO         1928    .ARM.Collect$$libinit$$0000001F  c_w.l(libinit2.o)
    0x080001bc   0x080001bc   0x00000000   Code   RO         1930    .ARM.Collect$$libinit$$00000021  c_w.l(libinit2.o)
    0x080001bc   0x080001bc   0x00000000   Code   RO         1932    .ARM.Collect$$libinit$$00000023  c_w.l(libinit2.o)
    0x080001bc   0x080001bc   0x00000000   Code   RO         1934    .ARM.Collect$$libinit$$00000025  c_w.l(libinit2.o)
    0x080001bc   0x080001bc   0x00000000   Code   RO         1938    .ARM.Collect$$libinit$$0000002C  c_w.l(libinit2.o)
    0x080001bc   0x080001bc   0x00000000   Code   RO         1940    .ARM.Collect$$libinit$$0000002E  c_w.l(libinit2.o)
    0x080001bc   0x080001bc   0x00000000   Code   RO         1942    .ARM.Collect$$libinit$$00000030  c_w.l(libinit2.o)
    0x080001bc   0x080001bc   0x00000000   Code   RO         1944    .ARM.Collect$$libinit$$00000032  c_w.l(libinit2.o)
    0x080001bc   0x080001bc   0x00000002   Code   RO         1945    .ARM.Collect$$libinit$$00000033  c_w.l(libinit2.o)
    0x080001be   0x080001be   0x00000002   Code   RO         1963    .ARM.Collect$$libshutdown$$00000000  c_w.l(libshutdown.o)
    0x080001c0   0x080001c0   0x00000000   Code   RO         1973    .ARM.Collect$$libshutdown$$00000002  c_w.l(libshutdown2.o)
    0x080001c0   0x080001c0   0x00000000   Code   RO         1975    .ARM.Collect$$libshutdown$$00000004  c_w.l(libshutdown2.o)
    0x080001c0   0x080001c0   0x00000000   Code   RO         1978    .ARM.Collect$$libshutdown$$00000007  c_w.l(libshutdown2.o)
    0x080001c0   0x080001c0   0x00000000   Code   RO         1981    .ARM.Collect$$libshutdown$$0000000A  c_w.l(libshutdown2.o)
    0x080001c0   0x080001c0   0x00000000   Code   RO         1983    .ARM.Collect$$libshutdown$$0000000C  c_w.l(libshutdown2.o)
    0x080001c0   0x080001c0   0x00000000   Code   RO         1986    .ARM.Collect$$libshutdown$$0000000F  c_w.l(libshutdown2.o)
    0x080001c0   0x080001c0   0x00000002   Code   RO         1987    .ARM.Collect$$libshutdown$$00000010  c_w.l(libshutdown2.o)
    0x080001c2   0x080001c2   0x00000000   Code   RO         1855    .ARM.Collect$$rtentry$$00000000  c_w.l(__rtentry.o)
    0x080001c2   0x080001c2   0x00000000   Code   RO         1864    .ARM.Collect$$rtentry$$00000002  c_w.l(__rtentry2.o)
    0x080001c2   0x080001c2   0x00000006   Code   RO         1876    .ARM.Collect$$rtentry$$00000004  c_w.l(__rtentry4.o)
    0x080001c8   0x080001c8   0x00000000   Code   RO         1866    .ARM.Collect$$rtentry$$00000009  c_w.l(__rtentry2.o)
    0x080001c8   0x080001c8   0x00000004   Code   RO         1867    .ARM.Collect$$rtentry$$0000000A  c_w.l(__rtentry2.o)
    0x080001cc   0x080001cc   0x00000000   Code   RO         1869    .ARM.Collect$$rtentry$$0000000C  c_w.l(__rtentry2.o)
    0x080001cc   0x080001cc   0x00000008   Code   RO         1870    .ARM.Collect$$rtentry$$0000000D  c_w.l(__rtentry2.o)
    0x080001d4   0x080001d4   0x00000002   Code   RO         1899    .ARM.Collect$$rtexit$$00000000  c_w.l(rtexit.o)
    0x080001d6   0x080001d6   0x00000000   Code   RO         1947    .ARM.Collect$$rtexit$$00000002  c_w.l(rtexit2.o)
    0x080001d6   0x080001d6   0x00000004   Code   RO         1948    .ARM.Collect$$rtexit$$00000003  c_w.l(rtexit2.o)
    0x080001da   0x080001da   0x00000006   Code   RO         1949    .ARM.Collect$$rtexit$$00000004  c_w.l(rtexit2.o)
    0x080001e0   0x080001e0   0x00000040   Code   RO          664    .text               startup_stm32f10x_hd.o
    0x08000220   0x08000220   0x00000002   Code   RO         1790    .text               c_w.l(use_no_semi_2.o)
    0x08000222   0x08000222   0x00000002   PAD
    0x08000224   0x08000224   0x00000018   Code   RO         1794    .text               c_w.l(noretval__2printf.o)
    0x0800023c   0x0800023c   0x0000004e   Code   RO         1798    .text               c_w.l(_printf_pad.o)
    0x0800028a   0x0800028a   0x00000052   Code   RO         1800    .text               c_w.l(_printf_str.o)
    0x080002dc   0x080002dc   0x00000078   Code   RO         1802    .text               c_w.l(_printf_dec.o)
    0x08000354   0x08000354   0x00000058   Code   RO         1807    .text               c_w.l(_printf_hex_int.o)
    0x080003ac   0x080003ac   0x00000138   Code   RO         1837    .text               c_w.l(__printf_flags_wp.o)
    0x080004e4   0x080004e4   0x00000006   Code   RO         1849    .text               c_w.l(heapauxi.o)
    0x080004ea   0x080004ea   0x00000002   Code   RO         1853    .text               c_w.l(use_no_semi.o)
    0x080004ec   0x080004ec   0x000000b2   Code   RO         1856    .text               c_w.l(_printf_intcommon.o)
    0x0800059e   0x0800059e   0x0000002c   Code   RO         1858    .text               c_w.l(_printf_char.o)
    0x080005ca   0x080005ca   0x00000002   PAD
    0x080005cc   0x080005cc   0x00000024   Code   RO         1860    .text               c_w.l(_printf_char_file.o)
    0x080005f0   0x080005f0   0x00000030   Code   RO         1878    .text               c_w.l(_printf_char_common.o)
    0x08000620   0x08000620   0x00000008   Code   RO         1880    .text               c_w.l(ferror.o)
    0x08000628   0x08000628   0x0000004a   Code   RO         1884    .text               c_w.l(sys_stackheap_outer.o)
    0x08000672   0x08000672   0x00000012   Code   RO         1888    .text               c_w.l(exit.o)
    0x08000684   0x08000684   0x00000008   Code   RO         1896    .text               c_w.l(libspace.o)
    0x0800068c   0x0800068c   0x00000004   Code   RO          559    i.BusFault_Handler  stm32f10x_it.o
    0x08000690   0x08000690   0x00000002   Code   RO          560    i.DebugMon_Handler  stm32f10x_it.o
    0x08000692   0x08000692   0x00000116   Code   RO          710    i.GPIO_Init         stm32f10x_gpio.o
    0x080007a8   0x080007a8   0x00000090   Code   RO          712    i.GPIO_PinRemapConfig  stm32f10x_gpio.o
    0x08000838   0x08000838   0x00000004   Code   RO          718    i.GPIO_SetBits      stm32f10x_gpio.o
    0x0800083c   0x0800083c   0x00000028   Code   RO          561    i.HardFault_Handler  stm32f10x_it.o
    0x08000864   0x08000864   0x00000030   Code   RO          367    i.IsKeyDown1        bsp_key.o
    0x08000894   0x08000894   0x00000030   Code   RO          368    i.IsKeyDown2        bsp_key.o
    0x080008c4   0x080008c4   0x00000030   Code   RO          369    i.IsKeyDown3        bsp_key.o
    0x080008f4   0x080008f4   0x00000030   Code   RO          370    i.IsKeyDown4        bsp_key.o
    0x08000924   0x08000924   0x00000030   Code   RO          371    i.IsKeyDown5        bsp_key.o
    0x08000954   0x08000954   0x00000030   Code   RO          372    i.IsKeyDown6        bsp_key.o
    0x08000984   0x08000984   0x00000004   Code   RO          562    i.MemManage_Handler  stm32f10x_it.o
    0x08000988   0x08000988   0x00000002   Code   RO          563    i.NMI_Handler       stm32f10x_it.o
    0x0800098a   0x0800098a   0x00000002   PAD
    0x0800098c   0x0800098c   0x00000070   Code   RO          668    i.NVIC_Init         misc.o
    0x080009fc   0x080009fc   0x00000014   Code   RO          669    i.NVIC_PriorityGroupConfig  misc.o
    0x08000a10   0x08000a10   0x00000002   Code   RO          564    i.PendSV_Handler    stm32f10x_it.o
    0x08000a12   0x08000a12   0x00000002   PAD
    0x08000a14   0x08000a14   0x00000038   Code   RO            1    i.PrintfHelp        main.o
    0x08000a4c   0x08000a4c   0x0000018c   Code   RO            2    i.PrintfLogo        main.o
    0x08000bd8   0x08000bd8   0x00000020   Code   RO          820    i.RCC_APB1PeriphClockCmd  stm32f10x_rcc.o
    0x08000bf8   0x08000bf8   0x00000020   Code   RO          822    i.RCC_APB2PeriphClockCmd  stm32f10x_rcc.o
    0x08000c18   0x08000c18   0x000000d4   Code   RO          830    i.RCC_GetClocksFreq  stm32f10x_rcc.o
    0x08000cec   0x08000cec   0x00000002   Code   RO          565    i.SVC_Handler       stm32f10x_it.o
    0x08000cee   0x08000cee   0x00000008   Code   RO          627    i.SetSysClock       system_stm32f10x.o
    0x08000cf6   0x08000cf6   0x00000002   PAD
    0x08000cf8   0x08000cf8   0x000000e0   Code   RO          628    i.SetSysClockTo72   system_stm32f10x.o
    0x08000dd8   0x08000dd8   0x00000008   Code   RO          241    i.SysTick_Handler   bsp_timer.o
    0x08000de0   0x08000de0   0x00000084   Code   RO          242    i.SysTick_ISR       bsp_timer.o
    0x08000e64   0x08000e64   0x00000060   Code   RO          630    i.SystemInit        system_stm32f10x.o
    0x08000ec4   0x08000ec4   0x00000020   Code   RO            3    i.TIM7_IRQHandler   main.o
    0x08000ee4   0x08000ee4   0x00000018   Code   RO         1244    i.TIM_ARRPreloadConfig  stm32f10x_tim.o
    0x08000efc   0x08000efc   0x00000006   Code   RO         1251    i.TIM_ClearITPendingBit  stm32f10x_tim.o
    0x08000f02   0x08000f02   0x00000018   Code   RO         1256    i.TIM_Cmd           stm32f10x_tim.o
    0x08000f1a   0x08000f1a   0x00000022   Code   RO         1277    i.TIM_GetITStatus   stm32f10x_tim.o
    0x08000f3c   0x08000f3c   0x00000012   Code   RO         1281    i.TIM_ITConfig      stm32f10x_tim.o
    0x08000f4e   0x08000f4e   0x00000002   PAD
    0x08000f50   0x08000f50   0x000000a4   Code   RO         1327    i.TIM_TimeBaseInit  stm32f10x_tim.o
    0x08000ff4   0x08000ff4   0x0000005c   Code   RO          468    i.USART1_IRQHandler  bsp_uart.o
    0x08001050   0x08001050   0x00000018   Code   RO         1022    i.USART_Cmd         stm32f10x_usart.o
    0x08001068   0x08001068   0x00000054   Code   RO         1026    i.USART_GetITStatus  stm32f10x_usart.o
    0x080010bc   0x080010bc   0x0000004a   Code   RO         1028    i.USART_ITConfig    stm32f10x_usart.o
    0x08001106   0x08001106   0x00000002   PAD
    0x08001108   0x08001108   0x000000d8   Code   RO         1029    i.USART_Init        stm32f10x_usart.o
    0x080011e0   0x080011e0   0x00000004   Code   RO          566    i.UsageFault_Handler  stm32f10x_it.o
    0x080011e4   0x080011e4   0x0000000e   Code   RO         1835    i._is_digit         c_w.l(__printf_wp.o)
    0x080011f2   0x080011f2   0x00000004   Code   RO          471    i._sys_exit         bsp_uart.o
    0x080011f6   0x080011f6   0x00000002   PAD
    0x080011f8   0x080011f8   0x000000cc   Code   RO          374    i.bsp_DetectKey     bsp_key.o
    0x080012c4   0x080012c4   0x00000034   Code   RO          375    i.bsp_GetKey        bsp_key.o
    0x080012f8   0x080012f8   0x00000070   Code   RO          535    i.bsp_GetRCCofTIM   bsp_tim_pwm.o
    0x08001368   0x08001368   0x00000002   Code   RO          159    i.bsp_Idle          bsp.o
    0x0800136a   0x0800136a   0x00000024   Code   RO          160    i.bsp_Init          bsp.o
    0x0800138e   0x0800138e   0x00000002   PAD
    0x08001390   0x08001390   0x0000002c   Code   RO          334    i.bsp_InitBeep      bsp_beep.o
    0x080013bc   0x080013bc   0x0000000c   Code   RO          378    i.bsp_InitKey       bsp_key.o
    0x080013c8   0x080013c8   0x00000070   Code   RO          379    i.bsp_InitKeyHard   bsp_key.o
    0x08001438   0x08001438   0x00000080   Code   RO          380    i.bsp_InitKeyVar    bsp_key.o
    0x080014b8   0x080014b8   0x00000058   Code   RO          205    i.bsp_InitLed       bsp_led.o
    0x08001510   0x08001510   0x0000009c   Code   RO          249    i.bsp_InitTimer     bsp_timer.o
    0x080015ac   0x080015ac   0x000000b4   Code   RO          472    i.bsp_InitUart1     bsp_uart.o
    0x08001660   0x08001660   0x00000016   Code   RO          381    i.bsp_KeyScan       bsp_key.o
    0x08001676   0x08001676   0x00000002   PAD
    0x08001678   0x08001678   0x00000020   Code   RO          207    i.bsp_LedOff        bsp_led.o
    0x08001698   0x08001698   0x0000002c   Code   RO          209    i.bsp_LedToggle     bsp_led.o
    0x080016c4   0x080016c4   0x00000020   Code   RO          382    i.bsp_PutKey        bsp_key.o
    0x080016e4   0x080016e4   0x00000008   Code   RO          161    i.bsp_RunPer10ms    bsp.o
    0x080016ec   0x080016ec   0x00000002   Code   RO          162    i.bsp_RunPer1ms     bsp.o
    0x080016ee   0x080016ee   0x00000002   PAD
    0x080016f0   0x080016f0   0x000001ec   Code   RO          536    i.bsp_SetTIMforInt  bsp_tim_pwm.o
    0x080018dc   0x080018dc   0x0000001c   Code   RO          250    i.bsp_SoftTimerDec  bsp_timer.o
    0x080018f8   0x080018f8   0x0000001c   Code   RO          473    i.fputc             bsp_uart.o
    0x08001914   0x08001914   0x000000a8   Code   RO            4    i.main              main.o
    0x080019bc   0x080019bc   0x00000028   Data   RO         1808    .constdata          c_w.l(_printf_hex_int.o)
    0x080019e4   0x080019e4   0x00000011   Data   RO         1838    .constdata          c_w.l(__printf_flags_wp.o)
    0x080019f5   0x080019f5   0x00000003   PAD
    0x080019f8   0x080019f8   0x000000bf   Data   RO            6    .conststring        main.o
    0x08001ab7   0x08001ab7   0x00000001   PAD
    0x08001ab8   0x08001ab8   0x00000020   Data   RO         2019    Region$$Table       anon$$obj.o


    Execution Region RW_IRAM1 (Exec base: 0x20000000, Load base: 0x08001ad8, Size: 0x00000b40, Max: 0x00010000, ABSOLUTE)

    Exec Addr    Load Addr    Size         Type   Attr      Idx    E Section Name        Object

    0x20000000   0x08001ad8   0x00000004   Data   RW            7    .data               main.o
    0x20000004   0x08001adc   0x0000000d   Data   RW          255    .data               bsp_timer.o
    0x20000011   0x08001ae9   0x00000003   PAD
    0x20000014   0x08001aec   0x00000004   Data   RW          474    .data               bsp_uart.o
    0x20000018   0x08001af0   0x00000014   Data   RW          631    .data               system_stm32f10x.o
    0x2000002c   0x08001b04   0x00000014   Data   RW          850    .data               stm32f10x_rcc.o
    0x20000040        -       0x00000400   Zero   RW            5    .bss                main.o
    0x20000440        -       0x00000030   Zero   RW          254    .bss                bsp_timer.o
    0x20000470        -       0x0000006d   Zero   RW          384    .bss                bsp_key.o
    0x200004dd   0x08001b18   0x00000003   PAD
    0x200004e0        -       0x00000060   Zero   RW         1897    .bss                c_w.l(libspace.o)
    0x20000540        -       0x00000200   Zero   RW          662    HEAP                startup_stm32f10x_hd.o
    0x20000740        -       0x00000400   Zero   RW          661    STACK               startup_stm32f10x_hd.o


==============================================================================

Image component sizes


      Code (inc. data)   RO Data    RW Data    ZI Data      Debug   Object Name

        48          0          0          0          0       1611   bsp.o
        44          6          0          0          0        479   bsp_beep.o
       850        120          0          0        109       6514   bsp_key.o
       164         24          0          0          0       1411   bsp_led.o
       604         60          0          0          0       2237   bsp_tim_pwm.o
       324         40          0         13         48      17816   bsp_timer.o
       304         32          0          4          0       3838   bsp_uart.o
         0          0          0          0          0         32   core_cm3.o
       652        420        191          4       1024     258227   main.o
       132         22          0          0          0       1599   misc.o
        64         26        304          0       1536        812   startup_stm32f10x_hd.o
       426          6          0          0          0       3409   stm32f10x_gpio.o
        60          6          0          0          0       3416   stm32f10x_it.o
       276         32          0         20          0       4510   stm32f10x_rcc.o
       270         42          0          0          0       4233   stm32f10x_tim.o
       398          6          0          0          0       4542   stm32f10x_usart.o
       328         28          0         20          0       2141   system_stm32f10x.o

    ----------------------------------------------------------------------
      4962        870        528         64       2720     316827   Object Totals
         0          0         32          0          0          0   (incl. Generated)
        18          0          1          3          3          0   (incl. Padding)

    ----------------------------------------------------------------------

      Code (inc. data)   RO Data    RW Data    ZI Data      Debug   Library Member Name

         8          0          0          0          0         68   __main.o
       312          4         17          0          0         92   __printf_flags_wp.o
        14          0          0          0          0         68   __printf_wp.o
         0          0          0          0          0          0   __rtentry.o
        12          0          0          0          0          0   __rtentry2.o
         6          0          0          0          0          0   __rtentry4.o
        52          8          0          0          0          0   __scatter.o
        26          0          0          0          0          0   __scatter_copy.o
        28          0          0          0          0          0   __scatter_zi.o
        44          0          0          0          0        108   _printf_char.o
        48          6          0          0          0         96   _printf_char_common.o
        36          4          0          0          0         80   _printf_char_file.o
         6          0          0          0          0          0   _printf_d.o
       120         16          0          0          0         92   _printf_dec.o
        88          4         40          0          0         88   _printf_hex_int.o
       178          0          0          0          0         88   _printf_intcommon.o
        78          0          0          0          0        108   _printf_pad.o
         0          0          0          0          0          0   _printf_percent.o
         4          0          0          0          0          0   _printf_percent_end.o
         6          0          0          0          0          0   _printf_s.o
        82          0          0          0          0         80   _printf_str.o
         6          0          0          0          0          0   _printf_x.o
        18          0          0          0          0         80   exit.o
         8          0          0          0          0         68   ferror.o
         6          0          0          0          0        152   heapauxi.o
         2          0          0          0          0          0   libinit.o
         2          0          0          0          0          0   libinit2.o
         2          0          0          0          0          0   libshutdown.o
         2          0          0          0          0          0   libshutdown2.o
         8          4          0          0         96         68   libspace.o
        24          4          0          0          0         84   noretval__2printf.o
         2          0          0          0          0          0   rtexit.o
        10          0          0          0          0          0   rtexit2.o
        74          0          0          0          0         80   sys_stackheap_outer.o
         2          0          0          0          0         68   use_no_semi.o
         2          0          0          0          0         68   use_no_semi_2.o

    ----------------------------------------------------------------------
      1322         50         60          0         96       1636   Library Totals
         6          0          3          0          0          0   (incl. Padding)

    ----------------------------------------------------------------------

      Code (inc. data)   RO Data    RW Data    ZI Data      Debug   Library Name

      1316         50         57          0         96       1636   c_w.l

    ----------------------------------------------------------------------
      1322         50         60          0         96       1636   Library Totals

    ----------------------------------------------------------------------

==============================================================================


      Code (inc. data)   RO Data    RW Data    ZI Data      Debug   

      6284        920        588         64       2816     314611   Grand Totals
      6284        920        588         64       2816     314611   ELF Image Totals
      6284        920        588         64          0          0   ROM Totals

==============================================================================

    Total RO  Size (Code + RO Data)                 6872 (   6.71kB)
    Total RW  Size (RW Data + ZI Data)              2880 (   2.81kB)
    Total ROM Size (Code + RO Data + RW Data)       6936 (   6.77kB)

==============================================================================

