<html>
<body>
<pre>
<h1>µVision Build Log</h1>
<h2>Tool Versions:</h2>
IDE-Version: ¦ÌVision V5.31.0.0
Copyright (C) 2020 ARM Ltd and ARM Germany GmbH. All rights reserved.
License Information: xiaoxiao 86131, dezhilun, LIC=8VRJ7-EU2UT-RAQDM-X1BSR-NE0BY-JZHV8
 
Tool Versions:
Toolchain:       MDK-ARM Plus  Version: 5.31.0.0
Toolchain Path:  C:\Keil_v5\ARM\ARMCC\Bin
C Compiler:      Armcc.exe V5.06 update 6 (build 750)
Assembler:       Armasm.exe V5.06 update 6 (build 750)
Linker/Locator:  ArmLink.exe V5.06 update 6 (build 750)
Library Manager: ArmAr.exe V5.06 update 6 (build 750)
Hex Converter:   FromElf.exe V5.06 update 6 (build 750)
CPU DLL:         SARMCM3.DLL V5.31.0.0
Dialog DLL:      DCM.DLL V1.17.3.0
Target DLL:      STLink\ST-LINKIII-KEIL_SWO.dll V3.0.7.0
Dialog DLL:      TCM.DLL V1.46.0.0
 
<h2>Project:</h2>
E:\Learn\stm32\19_dma\Project\19_dma.uvprojx
Project File Date:  06/16/2023

<h2>Output:</h2>
*** Using Compiler 'V5.06 update 6 (build 750)', folder: 'C:\Keil_v5\ARM\ARMCC\Bin'
Rebuild target 'Flash'
compiling bsp_iwdg.c...
compiling bsp_uart.c...
compiling bsp_key.c...
compiling bsp_beep.c...
compiling bsp_timer.c...
compiling bsp.c...
compiling bsp_led.c...
compiling main.c...
..\User\main.c(48): warning:  #177-D: variable "ucKeyCode"  was declared but never referenced
  	uint8_t ucKeyCode;
..\User\main.c: 1 warning, 0 errors
compiling bsp_wwdg.c...
compiling bsp_tpad.c...
compiling stm32f10x_it.c...
compiling bsp_adc.c...
compiling stm32f10x_assert.c...
compiling bsp_dma.c...
..\User\bsp\src\bsp_dma.c(79): warning:  #1-D: last line of file ends without a newline
  }
..\User\bsp\src\bsp_dma.c: 1 warning, 0 errors
compiling bsp_dac.c...
compiling bsp_tim_pwm.c...
assembling startup_stm32f10x_hd.s...
compiling core_cm3.c...
compiling misc.c...
compiling stm32f10x_gpio.c...
compiling system_stm32f10x.c...
compiling stm32f10x_iwdg.c...
compiling stm32f10x_usart.c...
compiling stm32f10x_rcc.c...
compiling stm32f10x_wwdg.c...
compiling stm32f10x_adc.c...
compiling stm32f10x_dac.c...
compiling stm32f10x_dma.c...
compiling stm32f10x_tim.c...
linking...
Program Size: Code=6604 RO-data=512 RW-data=76 ZI-data=4276  
FromELF: creating hex file...
".\Objects\dma.axf" - 0 Error(s), 2 Warning(s).

<h2>Software Packages used:</h2>

Package Vendor: Keil
                http://www.keil.com/pack/Keil.STM32F1xx_DFP.1.1.0.pack
                Keil.STM32F1xx_DFP.1.1.0
                STMicroelectronics STM32F1 Series Device Support, Drivers and Examples

<h2>Collection of Component include folders:</h2>
  C:\Users\86131\AppData\Local\Arm\Packs\Keil\STM32F1xx_DFP\1.1.0\Device\Include

<h2>Collection of Component Files used:</h2>
Build Time Elapsed:  00:00:05
</pre>
</body>
</html>
