<html>
<body>
<pre>
<h1>礦ision Build Log</h1>
<h2>Tool Versions:</h2>
IDE-Version: μVision V5.31.0.0
Copyright (C) 2020 ARM Ltd and ARM Germany GmbH. All rights reserved.
License Information: xiaoxiao 86131, dezhilun, LIC=8VRJ7-EU2UT-RAQDM-X1BSR-NE0BY-JZHV8
 
Tool Versions:
Toolchain:       MDK-ARM Plus  Version: 5.31.0.0
Toolchain Path:  C:\Keil_v5\ARM\ARMCC\Bin
C Compiler:      Armcc.exe V5.06 update 6 (build 750)
Assembler:       Armasm.exe V5.06 update 6 (build 750)
Linker/Locator:  ArmLink.exe V5.06 update 6 (build 750)
Library Manager: ArmAr.exe V5.06 update 6 (build 750)
Hex Converter:   FromElf.exe V5.06 update 6 (build 750)
CPU DLL:         SARMCM3.DLL V5.31.0.0
Dialog DLL:      DCM.DLL V1.17.3.0
Target DLL:      STLink\ST-LINKIII-KEIL_SWO.dll V3.0.7.0
Dialog DLL:      TCM.DLL V1.46.0.0
 
<h2>Project:</h2>
E:\Learn\stm32\02-1sht30\16.co2\Project\02-sth30.uvprojx
Project File Date:  06/20/2023

<h2>Output:</h2>
*** Using Compiler 'V5.06 update 6 (build 750)', folder: 'C:\Keil_v5\ARM\ARMCC\Bin'
Rebuild target 'Flash'
compiling main.c...
..\User\bsp\inc\bsp_sth30.h(60): warning:  #1-D: last line of file ends without a newline
  /***************************** 德致伦电子 DeZLinc (END OF FILE) *********************************/
..\User\bsp\inc\bsp_i2c_gpio.h(66): warning:  #1-D: last line of file ends without a newline
  /***************************** 德致伦电子 DeZLinc (END OF FILE) *********************************/
..\User\main.c: 2 warnings, 0 errors
compiling bsp_key.c...
..\User\bsp\inc\bsp_sth30.h(60): warning:  #1-D: last line of file ends without a newline
  /***************************** 德致伦电子 DeZLinc (END OF FILE) *********************************/
..\User\bsp\inc\bsp_i2c_gpio.h(66): warning:  #1-D: last line of file ends without a newline
  /***************************** 德致伦电子 DeZLinc (END OF FILE) *********************************/
..\User\bsp\src\bsp_key.c: 2 warnings, 0 errors
compiling bsp_uart.c...
..\User\bsp\inc\bsp_sth30.h(60): warning:  #1-D: last line of file ends without a newline
  /***************************** 德致伦电子 DeZLinc (END OF FILE) *********************************/
..\User\bsp\inc\bsp_i2c_gpio.h(66): warning:  #1-D: last line of file ends without a newline
  /***************************** 德致伦电子 DeZLinc (END OF FILE) *********************************/
..\User\bsp\src\bsp_uart.c: 2 warnings, 0 errors
compiling bsp_exti.c...
..\User\bsp\inc\bsp_sth30.h(60): warning:  #1-D: last line of file ends without a newline
  /***************************** 德致伦电子 DeZLinc (END OF FILE) *********************************/
..\User\bsp\inc\bsp_i2c_gpio.h(66): warning:  #1-D: last line of file ends without a newline
  /***************************** 德致伦电子 DeZLinc (END OF FILE) *********************************/
..\User\bsp\src\bsp_exti.c: 2 warnings, 0 errors
compiling bsp_beep.c...
..\User\bsp\inc\bsp_sth30.h(60): warning:  #1-D: last line of file ends without a newline
  /***************************** 德致伦电子 DeZLinc (END OF FILE) *********************************/
..\User\bsp\inc\bsp_i2c_gpio.h(66): warning:  #1-D: last line of file ends without a newline
  /***************************** 德致伦电子 DeZLinc (END OF FILE) *********************************/
..\User\bsp\src\bsp_beep.c: 2 warnings, 0 errors
compiling bsp.c...
..\User\bsp\inc\bsp_sth30.h(60): warning:  #1-D: last line of file ends without a newline
  /***************************** 德致伦电子 DeZLinc (END OF FILE) *********************************/
..\User\bsp\inc\bsp_i2c_gpio.h(66): warning:  #1-D: last line of file ends without a newline
  /***************************** 德致伦电子 DeZLinc (END OF FILE) *********************************/
..\User\bsp\bsp.c: 2 warnings, 0 errors
compiling bsp_led.c...
..\User\bsp\inc\bsp_sth30.h(60): warning:  #1-D: last line of file ends without a newline
  /***************************** 德致伦电子 DeZLinc (END OF FILE) *********************************/
..\User\bsp\inc\bsp_i2c_gpio.h(66): warning:  #1-D: last line of file ends without a newline
  /***************************** 德致伦电子 DeZLinc (END OF FILE) *********************************/
..\User\bsp\src\bsp_led.c: 2 warnings, 0 errors
compiling bsp_timer.c...
..\User\bsp\inc\bsp_sth30.h(60): warning:  #1-D: last line of file ends without a newline
  /***************************** 德致伦电子 DeZLinc (END OF FILE) *********************************/
..\User\bsp\inc\bsp_i2c_gpio.h(66): warning:  #1-D: last line of file ends without a newline
  /***************************** 德致伦电子 DeZLinc (END OF FILE) *********************************/
..\User\bsp\src\bsp_timer.c: 2 warnings, 0 errors
compiling bsp_wwdg.c...
..\User\bsp\inc\bsp_sth30.h(60): warning:  #1-D: last line of file ends without a newline
  /***************************** 德致伦电子 DeZLinc (END OF FILE) *********************************/
..\User\bsp\inc\bsp_i2c_gpio.h(66): warning:  #1-D: last line of file ends without a newline
  /***************************** 德致伦电子 DeZLinc (END OF FILE) *********************************/
..\User\bsp\src\bsp_wwdg.c: 2 warnings, 0 errors
compiling bsp_iwdg.c...
..\User\bsp\inc\bsp_sth30.h(60): warning:  #1-D: last line of file ends without a newline
  /***************************** 德致伦电子 DeZLinc (END OF FILE) *********************************/
..\User\bsp\inc\bsp_i2c_gpio.h(66): warning:  #1-D: last line of file ends without a newline
  /***************************** 德致伦电子 DeZLinc (END OF FILE) *********************************/
..\User\bsp\src\bsp_iwdg.c: 2 warnings, 0 errors
compiling bsp_adc_temp.c...
..\User\bsp\inc\bsp_sth30.h(60): warning:  #1-D: last line of file ends without a newline
  /***************************** 德致伦电子 DeZLinc (END OF FILE) *********************************/
..\User\bsp\inc\bsp_i2c_gpio.h(66): warning:  #1-D: last line of file ends without a newline
  /***************************** 德致伦电子 DeZLinc (END OF FILE) *********************************/
..\User\bsp\src\bsp_adc_temp.c: 2 warnings, 0 errors
compiling bsp_dac.c...
..\User\bsp\inc\bsp_sth30.h(60): warning:  #1-D: last line of file ends without a newline
  /***************************** 德致伦电子 DeZLinc (END OF FILE) *********************************/
..\User\bsp\inc\bsp_i2c_gpio.h(66): warning:  #1-D: last line of file ends without a newline
  /***************************** 德致伦电子 DeZLinc (END OF FILE) *********************************/
..\User\bsp\src\bsp_dac.c: 2 warnings, 0 errors
compiling bsp_adc.c...
..\User\bsp\inc\bsp_sth30.h(60): warning:  #1-D: last line of file ends without a newline
  /***************************** 德致伦电子 DeZLinc (END OF FILE) *********************************/
..\User\bsp\inc\bsp_i2c_gpio.h(66): warning:  #1-D: last line of file ends without a newline
  /***************************** 德致伦电子 DeZLinc (END OF FILE) *********************************/
..\User\bsp\src\bsp_adc.c: 2 warnings, 0 errors
compiling bsp_tpad.c...
..\User\bsp\inc\bsp_sth30.h(60): warning:  #1-D: last line of file ends without a newline
  /***************************** 德致伦电子 DeZLinc (END OF FILE) *********************************/
..\User\bsp\inc\bsp_i2c_gpio.h(66): warning:  #1-D: last line of file ends without a newline
  /***************************** 德致伦电子 DeZLinc (END OF FILE) *********************************/
..\User\bsp\src\bsp_tpad.c: 2 warnings, 0 errors
compiling bsp_adc_led.c...
..\User\bsp\inc\bsp_sth30.h(60): warning:  #1-D: last line of file ends without a newline
  /***************************** 德致伦电子 DeZLinc (END OF FILE) *********************************/
..\User\bsp\inc\bsp_i2c_gpio.h(66): warning:  #1-D: last line of file ends without a newline
  /***************************** 德致伦电子 DeZLinc (END OF FILE) *********************************/
..\User\bsp\src\bsp_adc_led.c: 2 warnings, 0 errors
compiling bsp_tim_pwm.c...
..\User\bsp\inc\bsp_sth30.h(60): warning:  #1-D: last line of file ends without a newline
  /***************************** 德致伦电子 DeZLinc (END OF FILE) *********************************/
..\User\bsp\inc\bsp_i2c_gpio.h(66): warning:  #1-D: last line of file ends without a newline
  /***************************** 德致伦电子 DeZLinc (END OF FILE) *********************************/
..\User\bsp\src\bsp_tim_pwm.c: 2 warnings, 0 errors
compiling core_cm3.c...
compiling stm32f10x_assert.c...
compiling bsp_co2.c...
..\User\bsp\inc\bsp_sth30.h(60): warning:  #1-D: last line of file ends without a newline
  /***************************** 德致伦电子 DeZLinc (END OF FILE) *********************************/
..\User\bsp\inc\bsp_i2c_gpio.h(66): warning:  #1-D: last line of file ends without a newline
  /***************************** 德致伦电子 DeZLinc (END OF FILE) *********************************/
..\User\bsp\src\bsp_co2.c: 2 warnings, 0 errors
compiling stm32f10x_it.c...
assembling startup_stm32f10x_hd.s...
compiling bsp_uart4.c...
..\User\bsp\inc\bsp_sth30.h(60): warning:  #1-D: last line of file ends without a newline
  /***************************** 德致伦电子 DeZLinc (END OF FILE) *********************************/
..\User\bsp\inc\bsp_i2c_gpio.h(66): warning:  #1-D: last line of file ends without a newline
  /***************************** 德致伦电子 DeZLinc (END OF FILE) *********************************/
..\User\bsp\src\bsp_uart4.c: 2 warnings, 0 errors
compiling bsp_sth30.c...
..\User\bsp\inc\bsp_sth30.h(60): warning:  #1-D: last line of file ends without a newline
  /***************************** 德致伦电子 DeZLinc (END OF FILE) *********************************/
..\User\bsp\inc\bsp_i2c_gpio.h(66): warning:  #1-D: last line of file ends without a newline
  /***************************** 德致伦电子 DeZLinc (END OF FILE) *********************************/
..\User\bsp\src\bsp_sth30.c(77): warning:  #1-D: last line of file ends without a newline
  }
..\User\bsp\src\bsp_sth30.c: 3 warnings, 0 errors
compiling system_stm32f10x.c...
compiling bsp_i2c_gpio.c...
..\User\bsp\inc\bsp_sth30.h(60): warning:  #1-D: last line of file ends without a newline
  /***************************** 德致伦电子 DeZLinc (END OF FILE) *********************************/
..\User\bsp\inc\bsp_i2c_gpio.h(66): warning:  #1-D: last line of file ends without a newline
  /***************************** 德致伦电子 DeZLinc (END OF FILE) *********************************/
..\User\bsp\src\bsp_i2c_gpio.c: 2 warnings, 0 errors
compiling misc.c...
compiling stm32f10x_gpio.c...
compiling stm32f10x_usart.c...
compiling stm32f10x_iwdg.c...
compiling stm32f10x_wwdg.c...
compiling stm32f10x_rcc.c...
compiling stm32f10x_exti.c...
compiling stm32f10x_tim.c...
compiling stm32f10x_dac.c...
compiling stm32f10x_adc.c...
linking...
Program Size: Code=13524 RO-data=640 RW-data=76 ZI-data=2884  
FromELF: creating hex file...
".\Objects\sth30.axf" - 0 Error(s), 41 Warning(s).

<h2>Software Packages used:</h2>

Package Vendor: Keil
                http://www.keil.com/pack/Keil.STM32F1xx_DFP.1.1.0.pack
                Keil.STM32F1xx_DFP.1.1.0
                STMicroelectronics STM32F1 Series Device Support, Drivers and Examples

<h2>Collection of Component include folders:</h2>
  C:\Users\86131\AppData\Local\Arm\Packs\Keil\STM32F1xx_DFP\1.1.0\Device\Include

<h2>Collection of Component Files used:</h2>
Build Time Elapsed:  00:00:05
</pre>
</body>
</html>
