Component: ARM Compiler 5.06 update 6 (build 750) Tool: armlink [4d35ed]

==============================================================================

Section Cross References

    main.o(i.PrinfHelp) refers to noretval__2printf.o(.text) for __2printf
    main.o(i.PrintfLogo) refers to _printf_pad.o(.text) for _printf_pre_padding
    main.o(i.PrintfLogo) refers to _printf_percent.o(.ARM.Collect$$_printf_percent$$00000000) for _printf_percent
    main.o(i.PrintfLogo) refers to _printf_x.o(.ARM.Collect$$_printf_percent$$0000000C) for _printf_x
    main.o(i.PrintfLogo) refers to _printf_hex_int.o(.text) for _printf_longlong_hex
    main.o(i.PrintfLogo) refers to _printf_s.o(.ARM.Collect$$_printf_percent$$00000014) for _printf_s
    main.o(i.PrintfLogo) refers to _printf_str.o(.text) for _printf_str
    main.o(i.PrintfLogo) refers to _printf_d.o(.ARM.Collect$$_printf_percent$$00000009) for _printf_d
    main.o(i.PrintfLogo) refers to _printf_dec.o(.text) for _printf_int_dec
    main.o(i.PrintfLogo) refers to noretval__2printf.o(.text) for __2printf
    main.o(i.main) refers to _printf_pad.o(.text) for _printf_pre_padding
    main.o(i.main) refers to _printf_percent.o(.ARM.Collect$$_printf_percent$$00000000) for _printf_percent
    main.o(i.main) refers to _printf_f.o(.ARM.Collect$$_printf_percent$$00000003) for _printf_f
    main.o(i.main) refers to printf1.o(x$fpl$printf1) for _printf_fp_dec
    main.o(i.main) refers to bsp.o(i.bsp_Init) for bsp_Init
    main.o(i.main) refers to main.o(i.PrintfLogo) for PrintfLogo
    main.o(i.main) refers to main.o(i.PrinfHelp) for PrinfHelp
    main.o(i.main) refers to bsp_adc.o(i.bsp_InitAdcTemp) for bsp_InitAdcTemp
    main.o(i.main) refers to bsp_timer.o(i.bsp_StartAutoTimer) for bsp_StartAutoTimer
    main.o(i.main) refers to bsp.o(i.bsp_Idle) for bsp_Idle
    main.o(i.main) refers to bsp_timer.o(i.bsp_CheckTimer) for bsp_CheckTimer
    main.o(i.main) refers to bsp_led.o(i.bsp_LedToggle) for bsp_LedToggle
    main.o(i.main) refers to bsp_adc.o(i.Get_Temprate) for Get_Temprate
    main.o(i.main) refers to fflt_clz.o(x$fpl$fflt) for __aeabi_i2f
    main.o(i.main) refers to fdiv.o(x$fpl$fdiv) for __aeabi_fdiv
    main.o(i.main) refers to f2d.o(x$fpl$f2d) for __aeabi_f2d
    main.o(i.main) refers to noretval__2printf.o(.text) for __2printf
    main.o(i.main) refers to bsp_key.o(i.bsp_GetKey) for bsp_GetKey
    bsp.o(i.bsp_Init) refers to misc.o(i.NVIC_PriorityGroupConfig) for NVIC_PriorityGroupConfig
    bsp.o(i.bsp_Init) refers to bsp_led.o(i.bsp_InitLed) for bsp_InitLed
    bsp.o(i.bsp_Init) refers to bsp_key.o(i.bsp_InitKey) for bsp_InitKey
    bsp.o(i.bsp_Init) refers to bsp_beep.o(i.bsp_InitBeep) for bsp_InitBeep
    bsp.o(i.bsp_Init) refers to bsp_timer.o(i.bsp_InitTimer) for bsp_InitTimer
    bsp.o(i.bsp_Init) refers to bsp_uart.o(i.bsp_InitUart) for bsp_InitUart
    bsp.o(i.bsp_RunPer10ms) refers to bsp_key.o(i.bsp_KeyScan) for bsp_KeyScan
    bsp.o(i.delay_ms) refers to bsp_timer.o(i.bsp_DelayMS) for bsp_DelayMS
    bsp.o(i.delay_us) refers to bsp_timer.o(i.bsp_DelayUS) for bsp_DelayUS
    bsp_led.o(i.bsp_InitLed) refers to stm32f10x_rcc.o(i.RCC_APB2PeriphClockCmd) for RCC_APB2PeriphClockCmd
    bsp_led.o(i.bsp_InitLed) refers to bsp_led.o(i.bsp_LedToggle) for bsp_LedToggle
    bsp_led.o(i.bsp_InitLed) refers to stm32f10x_gpio.o(i.GPIO_SetBits) for GPIO_SetBits
    bsp_led.o(i.bsp_InitLed) refers to stm32f10x_gpio.o(i.GPIO_Init) for GPIO_Init
    bsp_timer.o(i.SysTick_Handler) refers to bsp_timer.o(i.SysTick_ISR) for SysTick_ISR
    bsp_timer.o(i.SysTick_ISR) refers to bsp_timer.o(i.bsp_SoftTimerDec) for bsp_SoftTimerDec
    bsp_timer.o(i.SysTick_ISR) refers to bsp.o(i.bsp_RunPer1ms) for bsp_RunPer1ms
    bsp_timer.o(i.SysTick_ISR) refers to bsp.o(i.bsp_RunPer10ms) for bsp_RunPer10ms
    bsp_timer.o(i.SysTick_ISR) refers to bsp_timer.o(.data) for s_uiDelayCount
    bsp_timer.o(i.SysTick_ISR) refers to bsp_timer.o(.bss) for s_tTmr
    bsp_timer.o(i.bsp_CheckRunTime) refers to bsp_timer.o(i.__set_PRIMASK) for __set_PRIMASK
    bsp_timer.o(i.bsp_CheckRunTime) refers to bsp_timer.o(.data) for g_iRunTime
    bsp_timer.o(i.bsp_CheckTimer) refers to bsp_timer.o(.bss) for s_tTmr
    bsp_timer.o(i.bsp_DelayMS) refers to bsp_timer.o(i.__set_PRIMASK) for __set_PRIMASK
    bsp_timer.o(i.bsp_DelayMS) refers to bsp.o(i.bsp_Idle) for bsp_Idle
    bsp_timer.o(i.bsp_DelayMS) refers to bsp_timer.o(.data) for s_uiDelayCount
    bsp_timer.o(i.bsp_DelayUS) refers to system_stm32f10x.o(.data) for SystemCoreClock
    bsp_timer.o(i.bsp_GetRunTime) refers to bsp_timer.o(i.__set_PRIMASK) for __set_PRIMASK
    bsp_timer.o(i.bsp_GetRunTime) refers to bsp_timer.o(.data) for g_iRunTime
    bsp_timer.o(i.bsp_InitTimer) refers to bsp_timer.o(.bss) for s_tTmr
    bsp_timer.o(i.bsp_InitTimer) refers to system_stm32f10x.o(.data) for SystemCoreClock
    bsp_timer.o(i.bsp_StartAutoTimer) refers to bsp_timer.o(i.__set_PRIMASK) for __set_PRIMASK
[...]
    ../clib/signal.c                         0x00000000   Number         0  defsig_segv_inner.o ABSOLUTE
    ../clib/signal.c                         0x00000000   Number         0  defsig_rtmem_inner.o ABSOLUTE
    ../clib/signal.c                         0x00000000   Number         0  defsig_cppl_inner.o ABSOLUTE
    ../clib/signal.c                         0x00000000   Number         0  defsig_pvfn_inner.o ABSOLUTE
    ../clib/signal.s                         0x00000000   Number         0  defsig.o ABSOLUTE
    ../clib/stdio.c                          0x00000000   Number         0  ferror.o ABSOLUTE
    ../clib/stdio.c                          0x00000000   Number         0  ferror_locked.o ABSOLUTE
    ../clib/stdlib.c                         0x00000000   Number         0  exit.o ABSOLUTE
    ../fplib/daddsub.s                       0x00000000   Number         0  daddsub_clz.o ABSOLUTE
    ../fplib/ddiv.s                          0x00000000   Number         0  ddiv.o ABSOLUTE
    ../fplib/dfix.s                          0x00000000   Number         0  dfix.o ABSOLUTE
    ../fplib/dmul.s                          0x00000000   Number         0  dmul.o ABSOLUTE
    ../fplib/dnaninf.s                       0x00000000   Number         0  dnaninf.o ABSOLUTE
    ../fplib/dretinf.s                       0x00000000   Number         0  dretinf.o ABSOLUTE
    ../fplib/f2d.s                           0x00000000   Number         0  f2d.o ABSOLUTE
    ../fplib/fdiv.s                          0x00000000   Number         0  fdiv.o ABSOLUTE
    ../fplib/fflt.s                          0x00000000   Number         0  fflt_clz.o ABSOLUTE
    ../fplib/fnaninf.s                       0x00000000   Number         0  fnaninf.o ABSOLUTE
    ../fplib/fpinit.s                        0x00000000   Number         0  fpinit.o ABSOLUTE
    ../fplib/fretinf.s                       0x00000000   Number         0  fretinf.o ABSOLUTE
    ../fplib/istatus.s                       0x00000000   Number         0  istatus.o ABSOLUTE
    ../fplib/printf1.s                       0x00000000   Number         0  printf1.o ABSOLUTE
    ../fplib/usenofp.s                       0x00000000   Number         0  usenofp.o ABSOLUTE
    ../mathlib/fpclassify.c                  0x00000000   Number         0  fpclassify.o ABSOLUTE
    ..\Libraries\CMSIS\core_cm3.c            0x00000000   Number         0  core_cm3.o ABSOLUTE
    ..\Libraries\CMSIS\startup\startup_stm32f10x_hd.s 0x00000000   Number         0  startup_stm32f10x_hd.o ABSOLUTE
    ..\Libraries\CMSIS\system_stm32f10x.c    0x00000000   Number         0  system_stm32f10x.o ABSOLUTE
    ..\Libraries\STM32F10x_StdPeriph_Driver\src\misc.c 0x00000000   Number         0  misc.o ABSOLUTE
    ..\Libraries\STM32F10x_StdPeriph_Driver\src\stm32f10x_adc.c 0x00000000   Number         0  stm32f10x_adc.o ABSOLUTE
    ..\Libraries\STM32F10x_StdPeriph_Driver\src\stm32f10x_gpio.c 0x00000000   Number         0  stm32f10x_gpio.o ABSOLUTE
    ..\Libraries\STM32F10x_StdPeriph_Driver\src\stm32f10x_iwdg.c 0x00000000   Number         0  stm32f10x_iwdg.o ABSOLUTE
    ..\Libraries\STM32F10x_StdPeriph_Driver\src\stm32f10x_rcc.c 0x00000000   Number         0  stm32f10x_rcc.o ABSOLUTE
    ..\Libraries\STM32F10x_StdPeriph_Driver\src\stm32f10x_tim.c 0x00000000   Number         0  stm32f10x_tim.o ABSOLUTE
    ..\Libraries\STM32F10x_StdPeriph_Driver\src\stm32f10x_usart.c 0x00000000   Number         0  stm32f10x_usart.o ABSOLUTE
    ..\Libraries\STM32F10x_StdPeriph_Driver\src\stm32f10x_wwdg.c 0x00000000   Number         0  stm32f10x_wwdg.o ABSOLUTE
    ..\User\bsp\bsp.c                        0x00000000   Number         0  bsp.o ABSOLUTE
    ..\User\bsp\src\bap_iwdg.c               0x00000000   Number         0  bap_iwdg.o ABSOLUTE
    ..\User\bsp\src\bsp_adc.c                0x00000000   Number         0  bsp_adc.o ABSOLUTE
    ..\User\bsp\src\bsp_beep.c               0x00000000   Number         0  bsp_beep.o ABSOLUTE
    ..\User\bsp\src\bsp_co2.c                0x00000000   Number         0  bsp_co2.o ABSOLUTE
    ..\User\bsp\src\bsp_key.c                0x00000000   Number         0  bsp_key.o ABSOLUTE
    ..\User\bsp\src\bsp_led.c                0x00000000   Number         0  bsp_led.o ABSOLUTE
    ..\User\bsp\src\bsp_tim_pwm.c            0x00000000   Number         0  bsp_tim_pwm.o ABSOLUTE
    ..\User\bsp\src\bsp_timer.c              0x00000000   Number         0  bsp_timer.o ABSOLUTE
    ..\User\bsp\src\bsp_tpad.c               0x00000000   Number         0  bsp_tpad.o ABSOLUTE
    ..\User\bsp\src\bsp_uart.c               0x00000000   Number         0  bsp_uart.o ABSOLUTE
    ..\User\bsp\src\bsp_uart4.c              0x00000000   Number         0  bsp_uart4.o ABSOLUTE
    ..\User\bsp\src\bsp_wwdg.c               0x00000000   Number         0  bsp_wwdg.o ABSOLUTE
    ..\User\main.c                           0x00000000   Number         0  main.o ABSOLUTE
    ..\User\system\stm32f10x_assert.c        0x00000000   Number         0  stm32f10x_assert.o ABSOLUTE
    ..\User\system\stm32f10x_it.c            0x00000000   Number         0  stm32f10x_it.o ABSOLUTE
    ..\\Libraries\\CMSIS\\core_cm3.c         0x00000000   Number         0  core_cm3.o ABSOLUTE
    dc.s                                     0x00000000   Number         0  dc.o ABSOLUTE
    RESET                                    0x08000000   Section      304  startup_stm32f10x_hd.o(RESET)
    !!!main                                  0x08000130   Section        8  __main.o(!!!main)
    !!!scatter                               0x08000138   Section       52  __scatter.o(!!!scatter)
    !!handler_copy                           0x0800016c   Section       26  __scatter_copy.o(!!handler_copy)
    !!handler_zi                             0x08000188   Section       28  __scatter_zi.o(!!handler_zi)
    .ARM.Collect$$_printf_percent$$00000000  0x080001a4   Section        0  _printf_percent.o(.ARM.Collect$$_printf_percent$$00000000)
    .ARM.Collect$$_printf_percent$$00000003  0x080001a4   Section        6  _printf_f.o(.ARM.Collect$$_printf_percent$$00000003)
    .ARM.Collect$$_printf_percent$$00000009  0x080001aa   Section        6  _printf_d.o(.ARM.Collect$$_printf_percent$$00000009)
    .ARM.Collect$$_printf_percent$$0000000C  0x080001b0   Section        6  _printf_x.o(.ARM.Collect$$_printf_percent$$0000000C)
    .ARM.Collect$$_printf_percent$$00000014  0x080001b6   Section        6  _printf_s.o(.ARM.Collect$$_printf_percent$$00000014)
    .ARM.Collect$$_printf_percent$$00000017  0x080001bc   Section        4  _printf_percent_end.o(.ARM.Collect$$_printf_percent$$00000017)
    .ARM.Collect$$libinit$$00000000          0x080001c0   Section        2  libinit.o(.ARM.Collect$$libinit$$00000000)
    .ARM.Collect$$libinit$$00000002          0x080001c2   Section        0  libinit2.o(.ARM.Collect$$libinit$$00000002)
    .ARM.Collect$$libinit$$00000004          0x080001c2   Section        0  libinit2.o(.ARM.Collect$$libinit$$00000004)
    .ARM.Collect$$libinit$$0000000A          0x080001c2   Section        0  libinit2.o(.ARM.Collect$$libinit$$0000000A)
    .ARM.Collect$$libinit$$0000000C          0x080001c2   Section        0  libinit2.o(.ARM.Collect$$libinit$$0000000C)
    .ARM.Collect$$libinit$$0000000E          0x080001c2   Section        0  libinit2.o(.ARM.Collect$$libinit$$0000000E)
    .ARM.Collect$$libinit$$0000000F          0x080001c2   Section        6  libinit2.o(.ARM.Collect$$libinit$$0000000F)
    .ARM.Collect$$libinit$$00000011          0x080001c8   Section        0  libinit2.o(.ARM.Collect$$libinit$$00000011)
    .ARM.Collect$$libinit$$00000013          0x080001c8   Section        0  libinit2.o(.ARM.Collect$$libinit$$00000013)
    .ARM.Collect$$libinit$$00000015          0x080001c8   Section        0  libinit2.o(.ARM.Collect$$libinit$$00000015)
    .ARM.Collect$$libinit$$00000016          0x080001c8   Section       10  libinit2.o(.ARM.Collect$$libinit$$00000016)
    .ARM.Collect$$libinit$$00000017          0x080001d2   Section        0  libinit2.o(.ARM.Collect$$libinit$$00000017)
    .ARM.Collect$$libinit$$00000019          0x080001d2   Section        0  libinit2.o(.ARM.Collect$$libinit$$00000019)
    .ARM.Collect$$libinit$$0000001B          0x080001d2   Section        0  libinit2.o(.ARM.Collect$$libinit$$0000001B)
    .ARM.Collect$$libinit$$0000001D          0x080001d2   Section        0  libinit2.o(.ARM.Collect$$libinit$$0000001D)
    .ARM.Collect$$libinit$$0000001F          0x080001d2   Section        0  libinit2.o(.ARM.Collect$$libinit$$0000001F)
    .ARM.Collect$$libinit$$00000021          0x080001d2   Section        0  libinit2.o(.ARM.Collect$$libinit$$00000021)
    .ARM.Collect$$libinit$$00000023          0x080001d2   Section        0  libinit2.o(.ARM.Collect$$libinit$$00000023)
    .ARM.Collect$$libinit$$00000025          0x080001d2   Section        0  libinit2.o(.ARM.Collect$$libinit$$00000025)
    .ARM.Collect$$libinit$$0000002C          0x080001d2   Section        0  libinit2.o(.ARM.Collect$$libinit$$0000002C)
    .ARM.Collect$$libinit$$0000002E          0x080001d2   Section        0  libinit2.o(.ARM.Collect$$libinit$$0000002E)
    .ARM.Collect$$libinit$$00000030          0x080001d2   Section        0  libinit2.o(.ARM.Collect$$libinit$$00000030)
    .ARM.Collect$$libinit$$00000032          0x080001d2   Section        0  libinit2.o(.ARM.Collect$$libinit$$00000032)
    .ARM.Collect$$libinit$$00000033          0x080001d2   Section        2  libinit2.o(.ARM.Collect$$libinit$$00000033)
    .ARM.Collect$$libshutdown$$00000000      0x080001d4   Section        2  libshutdown.o(.ARM.Collect$$libshutdown$$00000000)
    .ARM.Collect$$libshutdown$$00000002      0x080001d6   Section        0  libshutdown2.o(.ARM.Collect$$libshutdown$$00000002)
    .ARM.Collect$$libshutdown$$00000004      0x080001d6   Section        0  libshutdown2.o(.ARM.Collect$$libshutdown$$00000004)
    .ARM.Collect$$libshutdown$$00000007      0x080001d6   Section        0  libshutdown2.o(.ARM.Collect$$libshutdown$$00000007)
    .ARM.Collect$$libshutdown$$0000000A      0x080001d6   Section        0  libshutdown2.o(.ARM.Collect$$libshutdown$$0000000A)
    .ARM.Collect$$libshutdown$$0000000C      0x080001d6   Section        0  libshutdown2.o(.ARM.Collect$$libshutdown$$0000000C)
    .ARM.Collect$$libshutdown$$0000000F      0x080001d6   Section        0  libshutdown2.o(.ARM.Collect$$libshutdown$$0000000F)
    .ARM.Collect$$libshutdown$$00000010      0x080001d6   Section        2  libshutdown2.o(.ARM.Collect$$libshutdown$$00000010)
    .ARM.Collect$$rtentry$$00000000          0x080001d8   Section        0  __rtentry.o(.ARM.Collect$$rtentry$$00000000)
    .ARM.Collect$$rtentry$$00000002          0x080001d8   Section        0  __rtentry2.o(.ARM.Collect$$rtentry$$00000002)
    .ARM.Collect$$rtentry$$00000004          0x080001d8   Section        6  __rtentry4.o(.ARM.Collect$$rtentry$$00000004)
    .ARM.Collect$$rtentry$$00000009          0x080001de   Section        0  __rtentry2.o(.ARM.Collect$$rtentry$$00000009)
    .ARM.Collect$$rtentry$$0000000A          0x080001de   Section        4  __rtentry2.o(.ARM.Collect$$rtentry$$0000000A)
    .ARM.Collect$$rtentry$$0000000C          0x080001e2   Section        0  __rtentry2.o(.ARM.Collect$$rtentry$$0000000C)
    .ARM.Collect$$rtentry$$0000000D          0x080001e2   Section        8  __rtentry2.o(.ARM.Collect$$rtentry$$0000000D)
    .ARM.Collect$$rtexit$$00000000           0x080001ea   Section        2  rtexit.o(.ARM.Collect$$rtexit$$00000000)
    .ARM.Collect$$rtexit$$00000002           0x080001ec   Section        0  rtexit2.o(.ARM.Collect$$rtexit$$00000002)
    .ARM.Collect$$rtexit$$00000003           0x080001ec   Section        4  rtexit2.o(.ARM.Collect$$rtexit$$00000003)
    .ARM.Collect$$rtexit$$00000004           0x080001f0   Section        6  rtexit2.o(.ARM.Collect$$rtexit$$00000004)
    .text                                    0x080001f8   Section       64  startup_stm32f10x_hd.o(.text)
    .text                                    0x08000238   Section        2  use_no_semi_2.o(.text)
    .text                                    0x0800023c   Section        0  noretval__2printf.o(.text)
    .text                                    0x08000254   Section        0  _printf_pad.o(.text)
    .text                                    0x080002a2   Section        0  _printf_str.o(.text)
    .text                                    0x080002f4   Section        0  _printf_dec.o(.text)
    .text                                    0x0800036c   Section        0  _printf_hex_int.o(.text)
    .text                                    0x080003c4   Section        0  __printf_flags_wp.o(.text)
    .text                                    0x080004fc   Section        0  heapauxi.o(.text)
    .text                                    0x08000502   Section        2  use_no_semi.o(.text)
    .text                                    0x08000504   Section        0  _printf_intcommon.o(.text)
    .text                                    0x080005b6   Section        0  _printf_fp_dec.o(.text)
    _fp_digits                               0x080005b9   Thumb Code   432  _printf_fp_dec.o(.text)
    .text                                    0x080009d4   Section        0  _printf_char.o(.text)
    .text                                    0x08000a00   Section        0  _printf_char_file.o(.text)
    .text                                    0x08000a24   Section        8  rt_locale_intlibspace.o(.text)
    .text                                    0x08000a2c   Section      138  lludiv10.o(.text)
    .text                                    0x08000ab8   Section        0  _printf_char_common.o(.text)
    _printf_input_char                       0x08000ab9   Thumb Code    10  _printf_char_common.o(.text)
    .text                                    0x08000ae8   Section        0  _printf_fp_infnan.o(.text)
    .text                                    0x08000b68   Section        0  bigflt0.o(.text)
    .text                                    0x08000c4c   Section        0  ferror.o(.text)
    .text                                    0x08000c54   Section        8  libspace.o(.text)
    .text                                    0x08000c5c   Section       74  sys_stackheap_outer.o(.text)
    .text                                    0x08000ca6   Section        0  exit.o(.text)
    .text                                    0x08000cb8   Section      128  strcmpv7m.o(.text)
    CL$$btod_d2e                             0x08000d38   Section       62  btod.o(CL$$btod_d2e)
    CL$$btod_d2e_denorm_low                  0x08000d76   Section       70  btod.o(CL$$btod_d2e_denorm_low)
    CL$$btod_d2e_norm_op1                    0x08000dbc   Section       96  btod.o(CL$$btod_d2e_norm_op1)
    CL$$btod_div_common                      0x08000e1c   Section      824  btod.o(CL$$btod_div_common)
    CL$$btod_e2e                             0x08001154   Section      220  btod.o(CL$$btod_e2e)
    CL$$btod_ediv                            0x08001230   Section       42  btod.o(CL$$btod_ediv)
    CL$$btod_emul                            0x0800125a   Section       42  btod.o(CL$$btod_emul)
    CL$$btod_mult_common                     0x08001284   Section      580  btod.o(CL$$btod_mult_common)
    i.ADC_Cmd                                0x080014c8   Section        0  stm32f10x_adc.o(i.ADC_Cmd)
    i.ADC_DeInit                             0x080014e0   Section        0  stm32f10x_adc.o(i.ADC_DeInit)
    i.ADC_GetCalibrationStatus               0x0800153c   Section        0  stm32f10x_adc.o(i.ADC_GetCalibrationStatus)
    i.ADC_GetConversionValue                 0x08001550   Section        0  stm32f10x_adc.o(i.ADC_GetConversionValue)
    i.ADC_GetFlagStatus                      0x08001558   Section        0  stm32f10x_adc.o(i.ADC_GetFlagStatus)
    i.ADC_GetResetCalibrationStatus          0x0800156a   Section        0  stm32f10x_adc.o(i.ADC_GetResetCalibrationStatus)
    i.ADC_Init                               0x08001580   Section        0  stm32f10x_adc.o(i.ADC_Init)
    i.ADC_RegularChannelConfig               0x080015d0   Section        0  stm32f10x_adc.o(i.ADC_RegularChannelConfig)
    i.ADC_ResetCalibration                   0x08001688   Section        0  stm32f10x_adc.o(i.ADC_ResetCalibration)
    i.ADC_SoftwareStartConvCmd               0x08001692   Section        0  stm32f10x_adc.o(i.ADC_SoftwareStartConvCmd)
    i.ADC_StartCalibration                   0x080016a8   Section        0  stm32f10x_adc.o(i.ADC_StartCalibration)
    i.ADC_TempSensorVrefintCmd               0x080016b4   Section        0  stm32f10x_adc.o(i.ADC_TempSensorVrefintCmd)
    i.BusFault_Handler                       0x080016d8   Section        0  stm32f10x_it.o(i.BusFault_Handler)
    i.DebugMon_Handler                       0x080016dc   Section        0  stm32f10x_it.o(i.DebugMon_Handler)
    i.GPIO_Init                              0x080016de   Section        0  stm32f10x_gpio.o(i.GPIO_Init)
    i.GPIO_PinRemapConfig                    0x080017f4   Section        0  stm32f10x_gpio.o(i.GPIO_PinRemapConfig)
    i.GPIO_SetBits                           0x08001884   Section        0  stm32f10x_gpio.o(i.GPIO_SetBits)
    i.Get_Adc                                0x08001888   Section        0  bsp_adc.o(i.Get_Adc)
    Get_Adc                                  0x08001889   Thumb Code    34  bsp_adc.o(i.Get_Adc)
    i.Get_Adc_Average                        0x080018aa   Section        0  bsp_adc.o(i.Get_Adc_Average)
    Get_Adc_Average                          0x080018ab   Thumb Code    40  bsp_adc.o(i.Get_Adc_Average)
    i.Get_Temprate                           0x080018d4   Section        0  bsp_adc.o(i.Get_Temprate)
    i.HardFault_Handler                      0x08001960   Section        0  stm32f10x_it.o(i.HardFault_Handler)
    i.IsKeyDown1                             0x08001988   Section        0  bsp_key.o(i.IsKeyDown1)
    IsKeyDown1                               0x08001989   Thumb Code    38  bsp_key.o(i.IsKeyDown1)
    i.IsKeyDown2                             0x080019b8   Section        0  bsp_key.o(i.IsKeyDown2)
    IsKeyDown2                               0x080019b9   Thumb Code    38  bsp_key.o(i.IsKeyDown2)
    i.IsKeyDown3                             0x080019e8   Section        0  bsp_key.o(i.IsKeyDown3)
    IsKeyDown3                               0x080019e9   Thumb Code    38  bsp_key.o(i.IsKeyDown3)
    i.IsKeyDown4                             0x08001a18   Section        0  bsp_key.o(i.IsKeyDown4)
    IsKeyDown4                               0x08001a19   Thumb Code    38  bsp_key.o(i.IsKeyDown4)
    i.IsKeyDown5                             0x08001a48   Section        0  bsp_key.o(i.IsKeyDown5)
    IsKeyDown5                               0x08001a49   Thumb Code    38  bsp_key.o(i.IsKeyDown5)
    i.IsKeyDown6                             0x08001a78   Section        0  bsp_key.o(i.IsKeyDown6)
    IsKeyDown6                               0x08001a79   Thumb Code    38  bsp_key.o(i.IsKeyDown6)
    i.MemManage_Handler                      0x08001aa8   Section        0  stm32f10x_it.o(i.MemManage_Handler)
    i.NMI_Handler                            0x08001aac   Section        0  stm32f10x_it.o(i.NMI_Handler)
    i.NVIC_PriorityGroupConfig               0x08001ab0   Section        0  misc.o(i.NVIC_PriorityGroupConfig)
    i.PendSV_Handler                         0x08001ac4   Section        0  stm32f10x_it.o(i.PendSV_Handler)
    i.PrinfHelp                              0x08001ac8   Section        0  main.o(i.PrinfHelp)
    PrinfHelp                                0x08001ac9   Thumb Code    28  main.o(i.PrinfHelp)
    i.PrintfLogo                             0x08001b54   Section        0  main.o(i.PrintfLogo)
    PrintfLogo                               0x08001b55   Thumb Code    82  main.o(i.PrintfLogo)
    i.RCC_APB2PeriphClockCmd                 0x08001ce0   Section        0  stm32f10x_rcc.o(i.RCC_APB2PeriphClockCmd)
    i.RCC_APB2PeriphResetCmd                 0x08001d00   Section        0  stm32f10x_rcc.o(i.RCC_APB2PeriphResetCmd)
    i.RCC_GetClocksFreq                      0x08001d20   Section        0  stm32f10x_rcc.o(i.RCC_GetClocksFreq)
    i.SVC_Handler                            0x08001df4   Section        0  stm32f10x_it.o(i.SVC_Handler)
    i.SetSysClock                            0x08001df6   Section        0  system_stm32f10x.o(i.SetSysClock)
    SetSysClock                              0x08001df7   Thumb Code     8  system_stm32f10x.o(i.SetSysClock)
    i.SetSysClockTo72                        0x08001e00   Section        0  system_stm32f10x.o(i.SetSysClockTo72)
    SetSysClockTo72                          0x08001e01   Thumb Code   214  system_stm32f10x.o(i.SetSysClockTo72)
    i.SysTick_Handler                        0x08001ee0   Section        0  bsp_timer.o(i.SysTick_Handler)
    i.SysTick_ISR                            0x08001ee8   Section        0  bsp_timer.o(i.SysTick_ISR)
    i.SystemInit                             0x08001f6c   Section        0  system_stm32f10x.o(i.SystemInit)
    i.UART4_IRQHandler                       0x08001fcc   Section        0  bsp_uart4.o(i.UART4_IRQHandler)
    i.USART1_IRQHandler                      0x0800200c   Section        0  bsp_uart.o(i.USART1_IRQHandler)
    i.USART_Cmd                              0x08002068   Section        0  stm32f10x_usart.o(i.USART_Cmd)
    i.USART_GetFlagStatus                    0x08002080   Section        0  stm32f10x_usart.o(i.USART_GetFlagStatus)
    i.USART_GetITStatus                      0x0800209a   Section        0  stm32f10x_usart.o(i.USART_GetITStatus)
    i.USART_Init                             0x080020f0   Section        0  stm32f10x_usart.o(i.USART_Init)
    i.USART_ReceiveData                      0x080021c8   Section        0  stm32f10x_usart.o(i.USART_ReceiveData)
    i.UsageFault_Handler                     0x080021d2   Section        0  stm32f10x_it.o(i.UsageFault_Handler)
    i.WWDG_ClearFlag                         0x080021d8   Section        0  stm32f10x_wwdg.o(i.WWDG_ClearFlag)
    i.WWDG_GetFlagStatus                     0x080021e4   Section        0  stm32f10x_wwdg.o(i.WWDG_GetFlagStatus)
    i.WWDG_IRQHandler                        0x080021f0   Section        0  bsp_wwdg.o(i.WWDG_IRQHandler)
    i.WWDG_SetCounter                        0x08002204   Section        0  stm32f10x_wwdg.o(i.WWDG_SetCounter)
    i.__ARM_fpclassify                       0x08002214   Section        0  fpclassify.o(i.__ARM_fpclassify)
    i.__set_PRIMASK                          0x0800223c   Section        0  bsp_timer.o(i.__set_PRIMASK)
    __set_PRIMASK                            0x0800223d   Thumb Code     6  bsp_timer.o(i.__set_PRIMASK)
    i._is_digit                              0x08002242   Section        0  __printf_wp.o(i._is_digit)
    i._sys_exit                              0x08002250   Section        0  bsp_uart.o(i._sys_exit)
    i.bsp_CheckTimer                         0x08002254   Section        0  bsp_timer.o(i.bsp_CheckTimer)
    i.bsp_DetectKey                          0x08002288   Section        0  bsp_key.o(i.bsp_DetectKey)
    bsp_DetectKey                            0x08002289   Thumb Code   198  bsp_key.o(i.bsp_DetectKey)
    i.bsp_GetKey                             0x08002354   Section        0  bsp_key.o(i.bsp_GetKey)
    i.bsp_Idle                               0x08002388   Section        0  bsp.o(i.bsp_Idle)
    i.bsp_Init                               0x0800238a   Section        0  bsp.o(i.bsp_Init)
    i.bsp_InitAdc                            0x080023b0   Section        0  bsp_adc.o(i.bsp_InitAdc)
    bsp_InitAdc                              0x080023b1   Thumb Code   220  bsp_adc.o(i.bsp_InitAdc)
    i.bsp_InitAdcTemp                        0x08002498   Section        0  bsp_adc.o(i.bsp_InitAdcTemp)
    i.bsp_InitBeep                           0x080024b0   Section        0  bsp_beep.o(i.bsp_InitBeep)
    i.bsp_InitKey                            0x080024dc   Section        0  bsp_key.o(i.bsp_InitKey)
    i.bsp_InitKeyHard                        0x080024e8   Section        0  bsp_key.o(i.bsp_InitKeyHard)
    bsp_InitKeyHard                          0x080024e9   Thumb Code   100  bsp_key.o(i.bsp_InitKeyHard)
    i.bsp_InitKeyVar                         0x08002558   Section        0  bsp_key.o(i.bsp_InitKeyVar)
    bsp_InitKeyVar                           0x08002559   Thumb Code    96  bsp_key.o(i.bsp_InitKeyVar)
    i.bsp_InitLed                            0x080025d8   Section        0  bsp_led.o(i.bsp_InitLed)
    i.bsp_InitTimer                          0x08002630   Section        0  bsp_timer.o(i.bsp_InitTimer)
    i.bsp_InitUart                           0x080026cc   Section        0  bsp_uart.o(i.bsp_InitUart)
    i.bsp_KeyScan                            0x0800274c   Section        0  bsp_key.o(i.bsp_KeyScan)
    i.bsp_LedToggle                          0x08002764   Section        0  bsp_led.o(i.bsp_LedToggle)
    i.bsp_PutKey                             0x08002790   Section        0  bsp_key.o(i.bsp_PutKey)
    i.bsp_RunPer10ms                         0x080027b0   Section        0  bsp.o(i.bsp_RunPer10ms)
    i.bsp_RunPer1ms                          0x080027b8   Section        0  bsp.o(i.bsp_RunPer1ms)
    i.bsp_SoftTimerDec                       0x080027ba   Section        0  bsp_timer.o(i.bsp_SoftTimerDec)
    bsp_SoftTimerDec                         0x080027bb   Thumb Code    28  bsp_timer.o(i.bsp_SoftTimerDec)
    i.bsp_StartAutoTimer                     0x080027d8   Section        0  bsp_timer.o(i.bsp_StartAutoTimer)
    i.fputc                                  0x08002828   Section        0  bsp_uart.o(i.fputc)
    i.main                                   0x08002844   Section        0  main.o(i.main)
    locale$$code                             0x080028e0   Section       44  lc_numeric_c.o(locale$$code)
    x$fpl$dadd                               0x0800290c   Section      336  daddsub_clz.o(x$fpl$dadd)
    _dadd1                                   0x0800291d   Thumb Code     0  daddsub_clz.o(x$fpl$dadd)
    x$fpl$ddiv                               0x08002a5c   Section      688  ddiv.o(x$fpl$ddiv)
    ddiv_entry                               0x08002a63   Thumb Code     0  ddiv.o(x$fpl$ddiv)
    x$fpl$dfix                               0x08002d0c   Section       94  dfix.o(x$fpl$dfix)
    x$fpl$dmul                               0x08002d6c   Section      340  dmul.o(x$fpl$dmul)
    x$fpl$dnaninf                            0x08002ec0   Section      156  dnaninf.o(x$fpl$dnaninf)
    x$fpl$dretinf                            0x08002f5c   Section       12  dretinf.o(x$fpl$dretinf)
    x$fpl$dsub                               0x08002f68   Section      468  daddsub_clz.o(x$fpl$dsub)
    _dsub1                                   0x08002f79   Thumb Code     0  daddsub_clz.o(x$fpl$dsub)
    x$fpl$f2d                                0x0800313c   Section       86  f2d.o(x$fpl$f2d)
    x$fpl$fdiv                               0x08003194   Section      388  fdiv.o(x$fpl$fdiv)
    _fdiv1                                   0x08003195   Thumb Code     0  fdiv.o(x$fpl$fdiv)
    x$fpl$fflt                               0x08003318   Section       48  fflt_clz.o(x$fpl$fflt)
    x$fpl$ffltu                              0x08003348   Section       38  fflt_clz.o(x$fpl$ffltu)
    x$fpl$fnaninf                            0x0800336e   Section      140  fnaninf.o(x$fpl$fnaninf)
    x$fpl$fretinf                            0x080033fa   Section       10  fretinf.o(x$fpl$fretinf)
    x$fpl$printf1                            0x08003404   Section        4  printf1.o(x$fpl$printf1)
    .constdata                               0x08003408   Section       40  _printf_hex_int.o(.constdata)
    x$fpl$usenofp                            0x08003408   Section        0  usenofp.o(x$fpl$usenofp)
    uc_hextab                                0x08003408   Data          20  _printf_hex_int.o(.constdata)
    lc_hextab                                0x0800341c   Data          20  _printf_hex_int.o(.constdata)
    .constdata                               0x08003430   Section       17  __printf_flags_wp.o(.constdata)
    maptable                                 0x08003430   Data          17  __printf_flags_wp.o(.constdata)
    .constdata                               0x08003444   Section      148  bigflt0.o(.constdata)
    tenpwrs_x                                0x08003444   Data          60  bigflt0.o(.constdata)
    tenpwrs_i                                0x08003480   Data          64  bigflt0.o(.constdata)
    locale$$data                             0x080034f8   Section       28  lc_numeric_c.o(locale$$data)
    __lcnum_c_name                           0x080034fc   Data           2  lc_numeric_c.o(locale$$data)
    __lcnum_c_start                          0x08003504   Data           0  lc_numeric_c.o(locale$$data)
    __lcnum_c_point                          0x08003510   Data           0  lc_numeric_c.o(locale$$data)
    __lcnum_c_thousands                      0x08003512   Data           0  lc_numeric_c.o(locale$$data)
    __lcnum_c_grouping                       0x08003513   Data           0  lc_numeric_c.o(locale$$data)
    __lcnum_c_end                            0x08003514   Data           0  lc_numeric_c.o(locale$$data)
    .data                                    0x20000000   Section       13  bsp_timer.o(.data)
    s_uiDelayCount                           0x20000000   Data           4  bsp_timer.o(.data)
    s_ucTimeOutFlag                          0x20000004   Data           1  bsp_timer.o(.data)
    s_count                                  0x2000000c   Data           1  bsp_timer.o(.data)
    .data                                    0x20000010   Section        8  bsp_uart.o(.data)
    .data                                    0x20000018   Section        1  bsp_uart4.o(.data)
    .data                                    0x2000001c   Section       20  system_stm32f10x.o(.data)
    .data                                    0x20000030   Section       20  stm32f10x_rcc.o(.data)
    APBAHBPrescTable                         0x20000030   Data          16  stm32f10x_rcc.o(.data)
    ADCPrescTable                            0x20000040   Data           4  stm32f10x_rcc.o(.data)
    .bss                                     0x20000044   Section       48  bsp_timer.o(.bss)
    s_tTmr                                   0x20000044   Data          48  bsp_timer.o(.bss)
    .bss                                     0x20000074   Section      109  bsp_key.o(.bss)
    s_tBtn                                   0x20000074   Data          96  bsp_key.o(.bss)
    s_tKey                                   0x200000d4   Data          13  bsp_key.o(.bss)
    .bss                                     0x200000e1   Section     1024  bsp_uart.o(.bss)
    .bss                                     0x200004e1   Section       64  bsp_uart4.o(.bss)
    .bss                                     0x20000524   Section       96  libspace.o(.bss)
    HEAP                                     0x20000588   Section      512  startup_stm32f10x_hd.o(HEAP)
    Heap_Mem                                 0x20000588   Data         512  startup_stm32f10x_hd.o(HEAP)
    STACK                                    0x20000788   Section     1024  startup_stm32f10x_hd.o(STACK)
    Stack_Mem                                0x20000788   Data        1024  startup_stm32f10x_hd.o(STACK)
    __initial_sp                             0x20000b88   Data           0  startup_stm32f10x_hd.o(STACK)

    Global Symbols

    Symbol Name                              Value     Ov Type        Size  Object(Section)

    BuildAttributes$$THM_ISAv4$P$D$K$B$S$PE$A:L22UL41UL21$X:L11$S22US41US21$IEEE1$IW$USESV6$~STKCKD$USESV7$~SHL$OTIME$ROPI$IEEEJ$EBA8$UX$STANDARDLIB$REQ8$PRES8$EABIv2 0x00000000   Number         0  anon$$obj.o ABSOLUTE
    __ARM_use_no_argv                        0x00000000   Number         0  main.o ABSOLUTE
    _printf_flags                            0x00000000   Number         0  printf_stubs.o ABSOLUTE
    _printf_return_value                     0x00000000   Number         0  printf_stubs.o ABSOLUTE
    _printf_sizespec                         0x00000000   Number         0  printf_stubs.o ABSOLUTE
    _printf_widthprec                        0x00000000   Number         0  printf_stubs.o ABSOLUTE
    __ARM_exceptions_init                     - Undefined Weak Reference
    __alloca_initialize                       - Undefined Weak Reference
    __arm_preinit_                            - Undefined Weak Reference
    __cpp_initialize__aeabi_                  - Undefined Weak Reference
    __cxa_finalize                            - Undefined Weak Reference
    __sigvec_lookup                           - Undefined Weak Reference
    _atexit_init                              - Undefined Weak Reference
    _call_atexit_fns                          - Undefined Weak Reference
    _clock_init                               - Undefined Weak Reference
    _fp_trap_init                             - Undefined Weak Reference
    _fp_trap_shutdown                         - Undefined Weak Reference
    _get_lc_collate                           - Undefined Weak Reference
    _get_lc_ctype                             - Undefined Weak Reference
    _get_lc_monetary                          - Undefined Weak Reference
    _get_lc_time                              - Undefined Weak Reference
    _getenv_init                              - Undefined Weak Reference
    _handle_redirection                       - Undefined Weak Reference
    _init_alloc                               - Undefined Weak Reference
    _init_user_alloc                          - Undefined Weak Reference
    _initio                                   - Undefined Weak Reference
    _mutex_acquire                            - Undefined Weak Reference
    _mutex_release                            - Undefined Weak Reference
    _printf_mbtowc                            - Undefined Weak Reference
    _printf_truncate_signed                   - Undefined Weak Reference
    _printf_truncate_unsigned                 - Undefined Weak Reference
    _rand_init                                - Undefined Weak Reference
    _signal_finish                            - Undefined Weak Reference
    _signal_init                              - Undefined Weak Reference
    _terminate_alloc                          - Undefined Weak Reference
    _terminate_user_alloc                     - Undefined Weak Reference
    _terminateio                              - Undefined Weak Reference
    __Vectors_Size                           0x00000130   Number         0  startup_stm32f10x_hd.o ABSOLUTE
    __Vectors                                0x08000000   Data           4  startup_stm32f10x_hd.o(RESET)
    __Vectors_End                            0x08000130   Data           0  startup_stm32f10x_hd.o(RESET)
    __main                                   0x08000131   Thumb Code     8  __main.o(!!!main)
    __scatterload                            0x08000139   Thumb Code     0  __scatter.o(!!!scatter)
    __scatterload_rt2                        0x08000139   Thumb Code    44  __scatter.o(!!!scatter)
    __scatterload_rt2_thumb_only             0x08000139   Thumb Code     0  __scatter.o(!!!scatter)
    __scatterload_null                       0x08000147   Thumb Code     0  __scatter.o(!!!scatter)
    __scatterload_copy                       0x0800016d   Thumb Code    26  __scatter_copy.o(!!handler_copy)
    __scatterload_zeroinit                   0x08000189   Thumb Code    28  __scatter_zi.o(!!handler_zi)
    _printf_f                                0x080001a5   Thumb Code     0  _printf_f.o(.ARM.Collect$$_printf_percent$$00000003)
    _printf_percent                          0x080001a5   Thumb Code     0  _printf_percent.o(.ARM.Collect$$_printf_percent$$00000000)
    _printf_d                                0x080001ab   Thumb Code     0  _printf_d.o(.ARM.Collect$$_printf_percent$$00000009)
    _printf_x                                0x080001b1   Thumb Code     0  _printf_x.o(.ARM.Collect$$_printf_percent$$0000000C)
    _printf_s                                0x080001b7   Thumb Code     0  _printf_s.o(.ARM.Collect$$_printf_percent$$00000014)
    _printf_percent_end                      0x080001bd   Thumb Code     0  _printf_percent_end.o(.ARM.Collect$$_printf_percent$$00000017)
    __rt_lib_init                            0x080001c1   Thumb Code     0  libinit.o(.ARM.Collect$$libinit$$00000000)
    __rt_lib_init_fp_1                       0x080001c3   Thumb Code     0  libinit2.o(.ARM.Collect$$libinit$$00000002)
    __rt_lib_init_heap_1                     0x080001c3   Thumb Code     0  libinit2.o(.ARM.Collect$$libinit$$0000000A)
    __rt_lib_init_lc_common                  0x080001c3   Thumb Code     0  libinit2.o(.ARM.Collect$$libinit$$0000000F)
    __rt_lib_init_preinit_1                  0x080001c3   Thumb Code     0  libinit2.o(.ARM.Collect$$libinit$$00000004)
    __rt_lib_init_rand_1                     0x080001c3   Thumb Code     0  libinit2.o(.ARM.Collect$$libinit$$0000000E)
    __rt_lib_init_user_alloc_1               0x080001c3   Thumb Code     0  libinit2.o(.ARM.Collect$$libinit$$0000000C)
    __rt_lib_init_lc_collate_1               0x080001c9   Thumb Code     0  libinit2.o(.ARM.Collect$$libinit$$00000011)
    __rt_lib_init_lc_ctype_1                 0x080001c9   Thumb Code     0  libinit2.o(.ARM.Collect$$libinit$$00000013)
    __rt_lib_init_lc_monetary_1              0x080001c9   Thumb Code     0  libinit2.o(.ARM.Collect$$libinit$$00000015)
    __rt_lib_init_lc_numeric_2               0x080001c9   Thumb Code     0  libinit2.o(.ARM.Collect$$libinit$$00000016)
    __rt_lib_init_alloca_1                   0x080001d3   Thumb Code     0  libinit2.o(.ARM.Collect$$libinit$$0000002E)
    __rt_lib_init_argv_1                     0x080001d3   Thumb Code     0  libinit2.o(.ARM.Collect$$libinit$$0000002C)
    __rt_lib_init_atexit_1                   0x080001d3   Thumb Code     0  libinit2.o(.ARM.Collect$$libinit$$0000001B)
    __rt_lib_init_clock_1                    0x080001d3   Thumb Code     0  libinit2.o(.ARM.Collect$$libinit$$00000021)
    __rt_lib_init_cpp_1                      0x080001d3   Thumb Code     0  libinit2.o(.ARM.Collect$$libinit$$00000032)
    __rt_lib_init_exceptions_1               0x080001d3   Thumb Code     0  libinit2.o(.ARM.Collect$$libinit$$00000030)
    __rt_lib_init_fp_trap_1                  0x080001d3   Thumb Code     0  libinit2.o(.ARM.Collect$$libinit$$0000001F)
    __rt_lib_init_getenv_1                   0x080001d3   Thumb Code     0  libinit2.o(.ARM.Collect$$libinit$$00000023)
    __rt_lib_init_lc_numeric_1               0x080001d3   Thumb Code     0  libinit2.o(.ARM.Collect$$libinit$$00000017)
    __rt_lib_init_lc_time_1                  0x080001d3   Thumb Code     0  libinit2.o(.ARM.Collect$$libinit$$00000019)
    __rt_lib_init_return                     0x080001d3   Thumb Code     0  libinit2.o(.ARM.Collect$$libinit$$00000033)
    __rt_lib_init_signal_1                   0x080001d3   Thumb Code     0  libinit2.o(.ARM.Collect$$libinit$$0000001D)
    __rt_lib_init_stdio_1                    0x080001d3   Thumb Code     0  libinit2.o(.ARM.Collect$$libinit$$00000025)
    __rt_lib_shutdown                        0x080001d5   Thumb Code     0  libshutdown.o(.ARM.Collect$$libshutdown$$00000000)
    __rt_lib_shutdown_cpp_1                  0x080001d7   Thumb Code     0  libshutdown2.o(.ARM.Collect$$libshutdown$$00000002)
    __rt_lib_shutdown_fp_trap_1              0x080001d7   Thumb Code     0  libshutdown2.o(.ARM.Collect$$libshutdown$$00000007)
    __rt_lib_shutdown_heap_1                 0x080001d7   Thumb Code     0  libshutdown2.o(.ARM.Collect$$libshutdown$$0000000F)
    __rt_lib_shutdown_return                 0x080001d7   Thumb Code     0  libshutdown2.o(.ARM.Collect$$libshutdown$$00000010)
    __rt_lib_shutdown_signal_1               0x080001d7   Thumb Code     0  libshutdown2.o(.ARM.Collect$$libshutdown$$0000000A)
    __rt_lib_shutdown_stdio_1                0x080001d7   Thumb Code     0  libshutdown2.o(.ARM.Collect$$libshutdown$$00000004)
    __rt_lib_shutdown_user_alloc_1           0x080001d7   Thumb Code     0  libshutdown2.o(.ARM.Collect$$libshutdown$$0000000C)
    __rt_entry                               0x080001d9   Thumb Code     0  __rtentry.o(.ARM.Collect$$rtentry$$00000000)
    __rt_entry_presh_1                       0x080001d9   Thumb Code     0  __rtentry2.o(.ARM.Collect$$rtentry$$00000002)
    __rt_entry_sh                            0x080001d9   Thumb Code     0  __rtentry4.o(.ARM.Collect$$rtentry$$00000004)
    __rt_entry_li                            0x080001df   Thumb Code     0  __rtentry2.o(.ARM.Collect$$rtentry$$0000000A)
    __rt_entry_postsh_1                      0x080001df   Thumb Code     0  __rtentry2.o(.ARM.Collect$$rtentry$$00000009)
    __rt_entry_main                          0x080001e3   Thumb Code     0  __rtentry2.o(.ARM.Collect$$rtentry$$0000000D)
    __rt_entry_postli_1                      0x080001e3   Thumb Code     0  __rtentry2.o(.ARM.Collect$$rtentry$$0000000C)
    __rt_exit                                0x080001eb   Thumb Code     0  rtexit.o(.ARM.Collect$$rtexit$$00000000)
    __rt_exit_ls                             0x080001ed   Thumb Code     0  rtexit2.o(.ARM.Collect$$rtexit$$00000003)
    __rt_exit_prels_1                        0x080001ed   Thumb Code     0  rtexit2.o(.ARM.Collect$$rtexit$$00000002)
    __rt_exit_exit                           0x080001f1   Thumb Code     0  rtexit2.o(.ARM.Collect$$rtexit$$00000004)
    Reset_Handler                            0x080001f9   Thumb Code     8  startup_stm32f10x_hd.o(.text)
    ADC1_2_IRQHandler                        0x08000213   Thumb Code     0  startup_stm32f10x_hd.o(.text)
    ADC3_IRQHandler                          0x08000213   Thumb Code     0  startup_stm32f10x_hd.o(.text)
    CAN1_RX1_IRQHandler                      0x08000213   Thumb Code     0  startup_stm32f10x_hd.o(.text)
    CAN1_SCE_IRQHandler                      0x08000213   Thumb Code     0  startup_stm32f10x_hd.o(.text)
    DMA1_Channel1_IRQHandler                 0x08000213   Thumb Code     0  startup_stm32f10x_hd.o(.text)
    DMA1_Channel2_IRQHandler                 0x08000213   Thumb Code     0  startup_stm32f10x_hd.o(.text)
    DMA1_Channel3_IRQHandler                 0x08000213   Thumb Code     0  startup_stm32f10x_hd.o(.text)
    DMA1_Channel4_IRQHandler                 0x08000213   Thumb Code     0  startup_stm32f10x_hd.o(.text)
    DMA1_Channel5_IRQHandler                 0x08000213   Thumb Code     0  startup_stm32f10x_hd.o(.text)
    DMA1_Channel6_IRQHandler                 0x08000213   Thumb Code     0  startup_stm32f10x_hd.o(.text)
    DMA1_Channel7_IRQHandler                 0x08000213   Thumb Code     0  startup_stm32f10x_hd.o(.text)
    DMA2_Channel1_IRQHandler                 0x08000213   Thumb Code     0  startup_stm32f10x_hd.o(.text)
    DMA2_Channel2_IRQHandler                 0x08000213   Thumb Code     0  startup_stm32f10x_hd.o(.text)
    DMA2_Channel3_IRQHandler                 0x08000213   Thumb Code     0  startup_stm32f10x_hd.o(.text)
    DMA2_Channel4_5_IRQHandler               0x08000213   Thumb Code     0  startup_stm32f10x_hd.o(.text)
    EXTI0_IRQHandler                         0x08000213   Thumb Code     0  startup_stm32f10x_hd.o(.text)
    EXTI15_10_IRQHandler                     0x08000213   Thumb Code     0  startup_stm32f10x_hd.o(.text)
    EXTI1_IRQHandler                         0x08000213   Thumb Code     0  startup_stm32f10x_hd.o(.text)
    EXTI2_IRQHandler                         0x08000213   Thumb Code     0  startup_stm32f10x_hd.o(.text)
    EXTI3_IRQHandler                         0x08000213   Thumb Code     0  startup_stm32f10x_hd.o(.text)
    EXTI4_IRQHandler                         0x08000213   Thumb Code     0  startup_stm32f10x_hd.o(.text)
    EXTI9_5_IRQHandler                       0x08000213   Thumb Code     0  startup_stm32f10x_hd.o(.text)
    FLASH_IRQHandler                         0x08000213   Thumb Code     0  startup_stm32f10x_hd.o(.text)
    FSMC_IRQHandler                          0x08000213   Thumb Code     0  startup_stm32f10x_hd.o(.text)
    I2C1_ER_IRQHandler                       0x08000213   Thumb Code     0  startup_stm32f10x_hd.o(.text)
    I2C1_EV_IRQHandler                       0x08000213   Thumb Code     0  startup_stm32f10x_hd.o(.text)
    I2C2_ER_IRQHandler                       0x08000213   Thumb Code     0  startup_stm32f10x_hd.o(.text)
    I2C2_EV_IRQHandler                       0x08000213   Thumb Code     0  startup_stm32f10x_hd.o(.text)
    PVD_IRQHandler                           0x08000213   Thumb Code     0  startup_stm32f10x_hd.o(.text)
    RCC_IRQHandler                           0x08000213   Thumb Code     0  startup_stm32f10x_hd.o(.text)
    RTCAlarm_IRQHandler                      0x08000213   Thumb Code     0  startup_stm32f10x_hd.o(.text)
    RTC_IRQHandler                           0x08000213   Thumb Code     0  startup_stm32f10x_hd.o(.text)
    SDIO_IRQHandler                          0x08000213   Thumb Code     0  startup_stm32f10x_hd.o(.text)
    SPI1_IRQHandler                          0x08000213   Thumb Code     0  startup_stm32f10x_hd.o(.text)
    SPI2_IRQHandler                          0x08000213   Thumb Code     0  startup_stm32f10x_hd.o(.text)
    SPI3_IRQHandler                          0x08000213   Thumb Code     0  startup_stm32f10x_hd.o(.text)
    TAMPER_IRQHandler                        0x08000213   Thumb Code     0  startup_stm32f10x_hd.o(.text)
    TIM1_BRK_IRQHandler                      0x08000213   Thumb Code     0  startup_stm32f10x_hd.o(.text)
    TIM1_CC_IRQHandler                       0x08000213   Thumb Code     0  startup_stm32f10x_hd.o(.text)
    TIM1_TRG_COM_IRQHandler                  0x08000213   Thumb Code     0  startup_stm32f10x_hd.o(.text)
    TIM1_UP_IRQHandler                       0x08000213   Thumb Code     0  startup_stm32f10x_hd.o(.text)
    TIM2_IRQHandler                          0x08000213   Thumb Code     0  startup_stm32f10x_hd.o(.text)
    TIM3_IRQHandler                          0x08000213   Thumb Code     0  startup_stm32f10x_hd.o(.text)
    TIM4_IRQHandler                          0x08000213   Thumb Code     0  startup_stm32f10x_hd.o(.text)
    TIM5_IRQHandler                          0x08000213   Thumb Code     0  startup_stm32f10x_hd.o(.text)
    TIM6_IRQHandler                          0x08000213   Thumb Code     0  startup_stm32f10x_hd.o(.text)
    TIM7_IRQHandler                          0x08000213   Thumb Code     0  startup_stm32f10x_hd.o(.text)
    TIM8_BRK_IRQHandler                      0x08000213   Thumb Code     0  startup_stm32f10x_hd.o(.text)
    TIM8_CC_IRQHandler                       0x08000213   Thumb Code     0  startup_stm32f10x_hd.o(.text)
    TIM8_TRG_COM_IRQHandler                  0x08000213   Thumb Code     0  startup_stm32f10x_hd.o(.text)
    TIM8_UP_IRQHandler                       0x08000213   Thumb Code     0  startup_stm32f10x_hd.o(.text)
    UART5_IRQHandler                         0x08000213   Thumb Code     0  startup_stm32f10x_hd.o(.text)
    USART2_IRQHandler                        0x08000213   Thumb Code     0  startup_stm32f10x_hd.o(.text)
    USART3_IRQHandler                        0x08000213   Thumb Code     0  startup_stm32f10x_hd.o(.text)
    USBWakeUp_IRQHandler                     0x08000213   Thumb Code     0  startup_stm32f10x_hd.o(.text)
    USB_HP_CAN1_TX_IRQHandler                0x08000213   Thumb Code     0  startup_stm32f10x_hd.o(.text)
    USB_LP_CAN1_RX0_IRQHandler               0x08000213   Thumb Code     0  startup_stm32f10x_hd.o(.text)
    __user_initial_stackheap                 0x08000215   Thumb Code     0  startup_stm32f10x_hd.o(.text)
    __use_no_semihosting                     0x08000239   Thumb Code     2  use_no_semi_2.o(.text)
    __2printf                                0x0800023d   Thumb Code    20  noretval__2printf.o(.text)
    _printf_pre_padding                      0x08000255   Thumb Code    44  _printf_pad.o(.text)
    _printf_post_padding                     0x08000281   Thumb Code    34  _printf_pad.o(.text)
    _printf_str                              0x080002a3   Thumb Code    82  _printf_str.o(.text)
    _printf_int_dec                          0x080002f5   Thumb Code   104  _printf_dec.o(.text)
    _printf_int_hex                          0x0800036d   Thumb Code    84  _printf_hex_int.o(.text)
    _printf_longlong_hex                     0x0800036d   Thumb Code     0  _printf_hex_int.o(.text)
    __printf                                 0x080003c5   Thumb Code   308  __printf_flags_wp.o(.text)
    __use_two_region_memory                  0x080004fd   Thumb Code     2  heapauxi.o(.text)
    __rt_heap_escrow$2region                 0x080004ff   Thumb Code     2  heapauxi.o(.text)
    __rt_heap_expand$2region                 0x08000501   Thumb Code     2  heapauxi.o(.text)
    __I$use$semihosting                      0x08000503   Thumb Code     0  use_no_semi.o(.text)
    __use_no_semihosting_swi                 0x08000503   Thumb Code     2  use_no_semi.o(.text)
    _printf_int_common                       0x08000505   Thumb Code   178  _printf_intcommon.o(.text)
    __lib_sel_fp_printf                      0x080005b7   Thumb Code     2  _printf_fp_dec.o(.text)
    _printf_fp_dec_real                      0x08000769   Thumb Code   620  _printf_fp_dec.o(.text)
    _printf_cs_common                        0x080009d5   Thumb Code    20  _printf_char.o(.text)
    _printf_char                             0x080009e9   Thumb Code    16  _printf_char.o(.text)
    _printf_string                           0x080009f9   Thumb Code     8  _printf_char.o(.text)
    _printf_char_file                        0x08000a01   Thumb Code    32  _printf_char_file.o(.text)
    __rt_locale                              0x08000a25   Thumb Code     8  rt_locale_intlibspace.o(.text)
    _ll_udiv10                               0x08000a2d   Thumb Code   138  lludiv10.o(.text)
    _printf_char_common                      0x08000ac3   Thumb Code    32  _printf_char_common.o(.text)
    _printf_fp_infnan                        0x08000ae9   Thumb Code   112  _printf_fp_infnan.o(.text)
    _btod_etento                             0x08000b69   Thumb Code   224  bigflt0.o(.text)
    ferror                                   0x08000c4d   Thumb Code     8  ferror.o(.text)
    __user_libspace                          0x08000c55   Thumb Code     8  libspace.o(.text)
    __user_perproc_libspace                  0x08000c55   Thumb Code     0  libspace.o(.text)
    __user_perthread_libspace                0x08000c55   Thumb Code     0  libspace.o(.text)
    __user_setup_stackheap                   0x08000c5d   Thumb Code    74  sys_stackheap_outer.o(.text)
    exit                                     0x08000ca7   Thumb Code    18  exit.o(.text)
    strcmp                                   0x08000cb9   Thumb Code   128  strcmpv7m.o(.text)
    _btod_d2e                                0x08000d39   Thumb Code    62  btod.o(CL$$btod_d2e)
    _d2e_denorm_low                          0x08000d77   Thumb Code    70  btod.o(CL$$btod_d2e_denorm_low)
    _d2e_norm_op1                            0x08000dbd   Thumb Code    96  btod.o(CL$$btod_d2e_norm_op1)
    __btod_div_common                        0x08000e1d   Thumb Code   696  btod.o(CL$$btod_div_common)
    _e2e                                     0x08001155   Thumb Code   220  btod.o(CL$$btod_e2e)
    _btod_ediv                               0x08001231   Thumb Code    42  btod.o(CL$$btod_ediv)
    _btod_emul                               0x0800125b   Thumb Code    42  btod.o(CL$$btod_emul)
    __btod_mult_common                       0x08001285   Thumb Code   580  btod.o(CL$$btod_mult_common)
    ADC_Cmd                                  0x080014c9   Thumb Code    22  stm32f10x_adc.o(i.ADC_Cmd)
    ADC_DeInit                               0x080014e1   Thumb Code    78  stm32f10x_adc.o(i.ADC_DeInit)
    ADC_GetCalibrationStatus                 0x0800153d   Thumb Code    20  stm32f10x_adc.o(i.ADC_GetCalibrationStatus)
    ADC_GetConversionValue                   0x08001551   Thumb Code     8  stm32f10x_adc.o(i.ADC_GetConversionValue)
    ADC_GetFlagStatus                        0x08001559   Thumb Code    18  stm32f10x_adc.o(i.ADC_GetFlagStatus)
    ADC_GetResetCalibrationStatus            0x0800156b   Thumb Code    20  stm32f10x_adc.o(i.ADC_GetResetCalibrationStatus)
    ADC_Init                                 0x08001581   Thumb Code    70  stm32f10x_adc.o(i.ADC_Init)
    ADC_RegularChannelConfig                 0x080015d1   Thumb Code   184  stm32f10x_adc.o(i.ADC_RegularChannelConfig)
    ADC_ResetCalibration                     0x08001689   Thumb Code    10  stm32f10x_adc.o(i.ADC_ResetCalibration)
    ADC_SoftwareStartConvCmd                 0x08001693   Thumb Code    22  stm32f10x_adc.o(i.ADC_SoftwareStartConvCmd)
    ADC_StartCalibration                     0x080016a9   Thumb Code    10  stm32f10x_adc.o(i.ADC_StartCalibration)
    ADC_TempSensorVrefintCmd                 0x080016b5   Thumb Code    30  stm32f10x_adc.o(i.ADC_TempSensorVrefintCmd)
    BusFault_Handler                         0x080016d9   Thumb Code     4  stm32f10x_it.o(i.BusFault_Handler)
    DebugMon_Handler                         0x080016dd   Thumb Code     2  stm32f10x_it.o(i.DebugMon_Handler)
    GPIO_Init                                0x080016df   Thumb Code   278  stm32f10x_gpio.o(i.GPIO_Init)
    GPIO_PinRemapConfig                      0x080017f5   Thumb Code   138  stm32f10x_gpio.o(i.GPIO_PinRemapConfig)
    GPIO_SetBits                             0x08001885   Thumb Code     4  stm32f10x_gpio.o(i.GPIO_SetBits)
    Get_Temprate                             0x080018d5   Thumb Code   106  bsp_adc.o(i.Get_Temprate)
    HardFault_Handler                        0x08001961   Thumb Code    34  stm32f10x_it.o(i.HardFault_Handler)
    MemManage_Handler                        0x08001aa9   Thumb Code     4  stm32f10x_it.o(i.MemManage_Handler)
    NMI_Handler                              0x08001aad   Thumb Code     2  stm32f10x_it.o(i.NMI_Handler)
    NVIC_PriorityGroupConfig                 0x08001ab1   Thumb Code    10  misc.o(i.NVIC_PriorityGroupConfig)
    PendSV_Handler                           0x08001ac5   Thumb Code     2  stm32f10x_it.o(i.PendSV_Handler)
    RCC_APB2PeriphClockCmd                   0x08001ce1   Thumb Code    26  stm32f10x_rcc.o(i.RCC_APB2PeriphClockCmd)
    RCC_APB2PeriphResetCmd                   0x08001d01   Thumb Code    26  stm32f10x_rcc.o(i.RCC_APB2PeriphResetCmd)
    RCC_GetClocksFreq                        0x08001d21   Thumb Code   192  stm32f10x_rcc.o(i.RCC_GetClocksFreq)
    SVC_Handler                              0x08001df5   Thumb Code     2  stm32f10x_it.o(i.SVC_Handler)
    SysTick_Handler                          0x08001ee1   Thumb Code     8  bsp_timer.o(i.SysTick_Handler)
    SysTick_ISR                              0x08001ee9   Thumb Code   110  bsp_timer.o(i.SysTick_ISR)
    SystemInit                               0x08001f6d   Thumb Code    78  system_stm32f10x.o(i.SystemInit)
    UART4_IRQHandler                         0x08001fcd   Thumb Code    50  bsp_uart4.o(i.UART4_IRQHandler)
    USART1_IRQHandler                        0x0800200d   Thumb Code    74  bsp_uart.o(i.USART1_IRQHandler)
    USART_Cmd                                0x08002069   Thumb Code    24  stm32f10x_usart.o(i.USART_Cmd)
    USART_GetFlagStatus                      0x08002081   Thumb Code    26  stm32f10x_usart.o(i.USART_GetFlagStatus)
    USART_GetITStatus                        0x0800209b   Thumb Code    84  stm32f10x_usart.o(i.USART_GetITStatus)
    USART_Init                               0x080020f1   Thumb Code   210  stm32f10x_usart.o(i.USART_Init)
    USART_ReceiveData                        0x080021c9   Thumb Code    10  stm32f10x_usart.o(i.USART_ReceiveData)
    UsageFault_Handler                       0x080021d3   Thumb Code     4  stm32f10x_it.o(i.UsageFault_Handler)
    WWDG_ClearFlag                           0x080021d9   Thumb Code     8  stm32f10x_wwdg.o(i.WWDG_ClearFlag)
    WWDG_GetFlagStatus                       0x080021e5   Thumb Code     8  stm32f10x_wwdg.o(i.WWDG_GetFlagStatus)
    WWDG_IRQHandler                          0x080021f1   Thumb Code    20  bsp_wwdg.o(i.WWDG_IRQHandler)
    WWDG_SetCounter                          0x08002205   Thumb Code    10  stm32f10x_wwdg.o(i.WWDG_SetCounter)
    __ARM_fpclassify                         0x08002215   Thumb Code    40  fpclassify.o(i.__ARM_fpclassify)
    _is_digit                                0x08002243   Thumb Code    14  __printf_wp.o(i._is_digit)
    _sys_exit                                0x08002251   Thumb Code     4  bsp_uart.o(i._sys_exit)
    bsp_CheckTimer                           0x08002255   Thumb Code    48  bsp_timer.o(i.bsp_CheckTimer)
    bsp_GetKey                               0x08002355   Thumb Code    46  bsp_key.o(i.bsp_GetKey)
    bsp_Idle                                 0x08002389   Thumb Code     2  bsp.o(i.bsp_Idle)
    bsp_Init                                 0x0800238b   Thumb Code    36  bsp.o(i.bsp_Init)
    bsp_InitAdcTemp                          0x08002499   Thumb Code    20  bsp_adc.o(i.bsp_InitAdcTemp)
    bsp_InitBeep                             0x080024b1   Thumb Code    38  bsp_beep.o(i.bsp_InitBeep)
    bsp_InitKey                              0x080024dd   Thumb Code    12  bsp_key.o(i.bsp_InitKey)
    bsp_InitLed                              0x080025d9   Thumb Code    80  bsp_led.o(i.bsp_InitLed)
    bsp_InitTimer                            0x08002631   Thumb Code   138  bsp_timer.o(i.bsp_InitTimer)
    bsp_InitUart                             0x080026cd   Thumb Code   118  bsp_uart.o(i.bsp_InitUart)
    bsp_KeyScan                              0x0800274d   Thumb Code    22  bsp_key.o(i.bsp_KeyScan)
    bsp_LedToggle                            0x08002765   Thumb Code    36  bsp_led.o(i.bsp_LedToggle)
    bsp_PutKey                               0x08002791   Thumb Code    28  bsp_key.o(i.bsp_PutKey)
    bsp_RunPer10ms                           0x080027b1   Thumb Code     8  bsp.o(i.bsp_RunPer10ms)
    bsp_RunPer1ms                            0x080027b9   Thumb Code     2  bsp.o(i.bsp_RunPer1ms)
    bsp_StartAutoTimer                       0x080027d9   Thumb Code    74  bsp_timer.o(i.bsp_StartAutoTimer)
    fputc                                    0x08002829   Thumb Code    24  bsp_uart.o(i.fputc)
    main                                     0x08002845   Thumb Code   126  main.o(i.main)
    _get_lc_numeric                          0x080028e1   Thumb Code    44  lc_numeric_c.o(locale$$code)
    __aeabi_dadd                             0x0800290d   Thumb Code     0  daddsub_clz.o(x$fpl$dadd)
    _dadd                                    0x0800290d   Thumb Code   332  daddsub_clz.o(x$fpl$dadd)
    __aeabi_ddiv                             0x08002a5d   Thumb Code     0  ddiv.o(x$fpl$ddiv)
    _ddiv                                    0x08002a5d   Thumb Code   552  ddiv.o(x$fpl$ddiv)
    __aeabi_d2iz                             0x08002d0d   Thumb Code     0  dfix.o(x$fpl$dfix)
    _dfix                                    0x08002d0d   Thumb Code    94  dfix.o(x$fpl$dfix)
    __aeabi_dmul                             0x08002d6d   Thumb Code     0  dmul.o(x$fpl$dmul)
    _dmul                                    0x08002d6d   Thumb Code   332  dmul.o(x$fpl$dmul)
    __fpl_dnaninf                            0x08002ec1   Thumb Code   156  dnaninf.o(x$fpl$dnaninf)
    __fpl_dretinf                            0x08002f5d   Thumb Code    12  dretinf.o(x$fpl$dretinf)
    __aeabi_dsub                             0x08002f69   Thumb Code     0  daddsub_clz.o(x$fpl$dsub)
    _dsub                                    0x08002f69   Thumb Code   464  daddsub_clz.o(x$fpl$dsub)
    __aeabi_f2d                              0x0800313d   Thumb Code     0  f2d.o(x$fpl$f2d)
    _f2d                                     0x0800313d   Thumb Code    86  f2d.o(x$fpl$f2d)
    __aeabi_fdiv                             0x08003195   Thumb Code     0  fdiv.o(x$fpl$fdiv)
    _fdiv                                    0x08003195   Thumb Code   384  fdiv.o(x$fpl$fdiv)
    __aeabi_i2f                              0x08003319   Thumb Code     0  fflt_clz.o(x$fpl$fflt)
    _fflt                                    0x08003319   Thumb Code    48  fflt_clz.o(x$fpl$fflt)
    __aeabi_ui2f                             0x08003349   Thumb Code     0  fflt_clz.o(x$fpl$ffltu)
    _ffltu                                   0x08003349   Thumb Code    38  fflt_clz.o(x$fpl$ffltu)
    __fpl_fnaninf                            0x0800336f   Thumb Code   140  fnaninf.o(x$fpl$fnaninf)
    __fpl_fretinf                            0x080033fb   Thumb Code    10  fretinf.o(x$fpl$fretinf)
    _printf_fp_dec                           0x08003405   Thumb Code     4  printf1.o(x$fpl$printf1)
    __I$use$fp                               0x08003408   Number         0  usenofp.o(x$fpl$usenofp)
    Region$$Table$$Base                      0x080034d8   Number         0  anon$$obj.o(Region$$Table)
    Region$$Table$$Limit                     0x080034f8   Number         0  anon$$obj.o(Region$$Table)
    g_iRunTime                               0x20000008   Data           4  bsp_timer.o(.data)
    ReceiveState                             0x20000010   Data           1  bsp_uart.o(.data)
    RxCounter                                0x20000012   Data           2  bsp_uart.o(.data)
    __stdout                                 0x20000014   Data           4  bsp_uart.o(.data)
    UART4_RX_CNT                             0x20000018   Data           1  bsp_uart4.o(.data)
    SystemCoreClock                          0x2000001c   Data           4  system_stm32f10x.o(.data)
    AHBPrescTable                            0x20000020   Data          16  system_stm32f10x.o(.data)
    USART_RX_BUF                             0x200000e1   Data        1024  bsp_uart.o(.bss)
    UART4_RX_BUF                             0x200004e1   Data          64  bsp_uart4.o(.bss)
    __libspace_start                         0x20000524   Data          96  libspace.o(.bss)
    __temporary_stack_top$libspace           0x20000584   Data           0  libspace.o(.bss)



==============================================================================

Memory Map of the image

  Image Entry point : 0x08000131

  Load Region LR_IROM1 (Base: 0x08000000, Size: 0x00003558, Max: 0x00080000, ABSOLUTE)

    Execution Region ER_IROM1 (Exec base: 0x08000000, Load base: 0x08000000, Size: 0x00003514, Max: 0x00080000, ABSOLUTE)

    Exec Addr    Load Addr    Size         Type   Attr      Idx    E Section Name        Object

    0x08000000   0x08000000   0x00000130   Data   RO          873    RESET               startup_stm32f10x_hd.o
    0x08000130   0x08000130   0x00000008   Code   RO         2338  * !!!main             c_w.l(__main.o)
    0x08000138   0x08000138   0x00000034   Code   RO         2592    !!!scatter          c_w.l(__scatter.o)
    0x0800016c   0x0800016c   0x0000001a   Code   RO         2594    !!handler_copy      c_w.l(__scatter_copy.o)
    0x08000186   0x08000186   0x00000002   PAD
    0x08000188   0x08000188   0x0000001c   Code   RO         2596    !!handler_zi        c_w.l(__scatter_zi.o)
    0x080001a4   0x080001a4   0x00000000   Code   RO         2335    .ARM.Collect$$_printf_percent$$00000000  c_w.l(_printf_percent.o)
    0x080001a4   0x080001a4   0x00000006   Code   RO         2334    .ARM.Collect$$_printf_percent$$00000003  c_w.l(_printf_f.o)
    0x080001aa   0x080001aa   0x00000006   Code   RO         2333    .ARM.Collect$$_printf_percent$$00000009  c_w.l(_printf_d.o)
    0x080001b0   0x080001b0   0x00000006   Code   RO         2332    .ARM.Collect$$_printf_percent$$0000000C  c_w.l(_printf_x.o)
    0x080001b6   0x080001b6   0x00000006   Code   RO         2331    .ARM.Collect$$_printf_percent$$00000014  c_w.l(_printf_s.o)
    0x080001bc   0x080001bc   0x00000004   Code   RO         2381    .ARM.Collect$$_printf_percent$$00000017  c_w.l(_printf_percent_end.o)
    0x080001c0   0x080001c0   0x00000002   Code   RO         2469    .ARM.Collect$$libinit$$00000000  c_w.l(libinit.o)
    0x080001c2   0x080001c2   0x00000000   Code   RO         2471    .ARM.Collect$$libinit$$00000002  c_w.l(libinit2.o)
    0x080001c2   0x080001c2   0x00000000   Code   RO         2473    .ARM.Collect$$libinit$$00000004  c_w.l(libinit2.o)
    0x080001c2   0x080001c2   0x00000000   Code   RO         2476    .ARM.Collect$$libinit$$0000000A  c_w.l(libinit2.o)
    0x080001c2   0x080001c2   0x00000000   Code   RO         2478    .ARM.Collect$$libinit$$0000000C  c_w.l(libinit2.o)
    0x080001c2   0x080001c2   0x00000000   Code   RO         2480    .ARM.Collect$$libinit$$0000000E  c_w.l(libinit2.o)
    0x080001c2   0x080001c2   0x00000006   Code   RO         2481    .ARM.Collect$$libinit$$0000000F  c_w.l(libinit2.o)
    0x080001c8   0x080001c8   0x00000000   Code   RO         2483    .ARM.Collect$$libinit$$00000011  c_w.l(libinit2.o)
    0x080001c8   0x080001c8   0x00000000   Code   RO         2485    .ARM.Collect$$libinit$$00000013  c_w.l(libinit2.o)
    0x080001c8   0x080001c8   0x00000000   Code   RO         2487    .ARM.Collect$$libinit$$00000015  c_w.l(libinit2.o)
    0x080001c8   0x080001c8   0x0000000a   Code   RO         2488    .ARM.Collect$$libinit$$00000016  c_w.l(libinit2.o)
    0x080001d2   0x080001d2   0x00000000   Code   RO         2489    .ARM.Collect$$libinit$$00000017  c_w.l(libinit2.o)
    0x080001d2   0x080001d2   0x00000000   Code   RO         2491    .ARM.Collect$$libinit$$00000019  c_w.l(libinit2.o)
    0x080001d2   0x080001d2   0x00000000   Code   RO         2493    .ARM.Collect$$libinit$$0000001B  c_w.l(libinit2.o)
    0x080001d2   0x080001d2   0x00000000   Code   RO         2495    .ARM.Collect$$libinit$$0000001D  c_w.l(libinit2.o)
    0x080001d2   0x080001d2   0x00000000   Code   RO         2497    .ARM.Collect$$libinit$$0000001F  c_w.l(libinit2.o)
    0x080001d2   0x080001d2   0x00000000   Code   RO         2499    .ARM.Collect$$libinit$$00000021  c_w.l(libinit2.o)
    0x080001d2   0x080001d2   0x00000000   Code   RO         2501    .ARM.Collect$$libinit$$00000023  c_w.l(libinit2.o)
    0x080001d2   0x080001d2   0x00000000   Code   RO         2503    .ARM.Collect$$libinit$$00000025  c_w.l(libinit2.o)
    0x080001d2   0x080001d2   0x00000000   Code   RO         2507    .ARM.Collect$$libinit$$0000002C  c_w.l(libinit2.o)
    0x080001d2   0x080001d2   0x00000000   Code   RO         2509    .ARM.Collect$$libinit$$0000002E  c_w.l(libinit2.o)
    0x080001d2   0x080001d2   0x00000000   Code   RO         2511    .ARM.Collect$$libinit$$00000030  c_w.l(libinit2.o)
    0x080001d2   0x080001d2   0x00000000   Code   RO         2513    .ARM.Collect$$libinit$$00000032  c_w.l(libinit2.o)
    0x080001d2   0x080001d2   0x00000002   Code   RO         2514    .ARM.Collect$$libinit$$00000033  c_w.l(libinit2.o)
    0x080001d4   0x080001d4   0x00000002   Code   RO         2542    .ARM.Collect$$libshutdown$$00000000  c_w.l(libshutdown.o)
    0x080001d6   0x080001d6   0x00000000   Code   RO         2551    .ARM.Collect$$libshutdown$$00000002  c_w.l(libshutdown2.o)
    0x080001d6   0x080001d6   0x00000000   Code   RO         2553    .ARM.Collect$$libshutdown$$00000004  c_w.l(libshutdown2.o)
    0x080001d6   0x080001d6   0x00000000   Code   RO         2556    .ARM.Collect$$libshutdown$$00000007  c_w.l(libshutdown2.o)
    0x080001d6   0x080001d6   0x00000000   Code   RO         2559    .ARM.Collect$$libshutdown$$0000000A  c_w.l(libshutdown2.o)
    0x080001d6   0x080001d6   0x00000000   Code   RO         2561    .ARM.Collect$$libshutdown$$0000000C  c_w.l(libshutdown2.o)
    0x080001d6   0x080001d6   0x00000000   Code   RO         2564    .ARM.Collect$$libshutdown$$0000000F  c_w.l(libshutdown2.o)
    0x080001d6   0x080001d6   0x00000002   Code   RO         2565    .ARM.Collect$$libshutdown$$00000010  c_w.l(libshutdown2.o)
    0x080001d8   0x080001d8   0x00000000   Code   RO         2372    .ARM.Collect$$rtentry$$00000000  c_w.l(__rtentry.o)
    0x080001d8   0x080001d8   0x00000000   Code   RO         2392    .ARM.Collect$$rtentry$$00000002  c_w.l(__rtentry2.o)
    0x080001d8   0x080001d8   0x00000006   Code   RO         2404    .ARM.Collect$$rtentry$$00000004  c_w.l(__rtentry4.o)
    0x080001de   0x080001de   0x00000000   Code   RO         2394    .ARM.Collect$$rtentry$$00000009  c_w.l(__rtentry2.o)
    0x080001de   0x080001de   0x00000004   Code   RO         2395    .ARM.Collect$$rtentry$$0000000A  c_w.l(__rtentry2.o)
    0x080001e2   0x080001e2   0x00000000   Code   RO         2397    .ARM.Collect$$rtentry$$0000000C  c_w.l(__rtentry2.o)
    0x080001e2   0x080001e2   0x00000008   Code   RO         2398    .ARM.Collect$$rtentry$$0000000D  c_w.l(__rtentry2.o)
    0x080001ea   0x080001ea   0x00000002   Code   RO         2515    .ARM.Collect$$rtexit$$00000000  c_w.l(rtexit.o)
    0x080001ec   0x080001ec   0x00000000   Code   RO         2522    .ARM.Collect$$rtexit$$00000002  c_w.l(rtexit2.o)
    0x080001ec   0x080001ec   0x00000004   Code   RO         2523    .ARM.Collect$$rtexit$$00000003  c_w.l(rtexit2.o)
    0x080001f0   0x080001f0   0x00000006   Code   RO         2524    .ARM.Collect$$rtexit$$00000004  c_w.l(rtexit2.o)
    0x080001f6   0x080001f6   0x00000002   PAD
    0x080001f8   0x080001f8   0x00000040   Code   RO          874    .text               startup_stm32f10x_hd.o
    0x08000238   0x08000238   0x00000002   Code   RO         2276    .text               c_w.l(use_no_semi_2.o)
    0x0800023a   0x0800023a   0x00000002   PAD
    0x0800023c   0x0800023c   0x00000018   Code   RO         2280    .text               c_w.l(noretval__2printf.o)
    0x08000254   0x08000254   0x0000004e   Code   RO         2284    .text               c_w.l(_printf_pad.o)
    0x080002a2   0x080002a2   0x00000052   Code   RO         2286    .text               c_w.l(_printf_str.o)
    0x080002f4   0x080002f4   0x00000078   Code   RO         2288    .text               c_w.l(_printf_dec.o)
    0x0800036c   0x0800036c   0x00000058   Code   RO         2293    .text               c_w.l(_printf_hex_int.o)
    0x080003c4   0x080003c4   0x00000138   Code   RO         2323    .text               c_w.l(__printf_flags_wp.o)
    0x080004fc   0x080004fc   0x00000006   Code   RO         2336    .text               c_w.l(heapauxi.o)
    0x08000502   0x08000502   0x00000002   Code   RO         2370    .text               c_w.l(use_no_semi.o)
    0x08000504   0x08000504   0x000000b2   Code   RO         2373    .text               c_w.l(_printf_intcommon.o)
    0x080005b6   0x080005b6   0x0000041e   Code   RO         2375    .text               c_w.l(_printf_fp_dec.o)
    0x080009d4   0x080009d4   0x0000002c   Code   RO         2377    .text               c_w.l(_printf_char.o)
    0x08000a00   0x08000a00   0x00000024   Code   RO         2379    .text               c_w.l(_printf_char_file.o)
    0x08000a24   0x08000a24   0x00000008   Code   RO         2409    .text               c_w.l(rt_locale_intlibspace.o)
    0x08000a2c   0x08000a2c   0x0000008a   Code   RO         2411    .text               c_w.l(lludiv10.o)
    0x08000ab6   0x08000ab6   0x00000002   PAD
    0x08000ab8   0x08000ab8   0x00000030   Code   RO         2413    .text               c_w.l(_printf_char_common.o)
    0x08000ae8   0x08000ae8   0x00000080   Code   RO         2415    .text               c_w.l(_printf_fp_infnan.o)
    0x08000b68   0x08000b68   0x000000e4   Code   RO         2417    .text               c_w.l(bigflt0.o)
    0x08000c4c   0x08000c4c   0x00000008   Code   RO         2442    .text               c_w.l(ferror.o)
    0x08000c54   0x08000c54   0x00000008   Code   RO         2453    .text               c_w.l(libspace.o)
    0x08000c5c   0x08000c5c   0x0000004a   Code   RO         2456    .text               c_w.l(sys_stackheap_outer.o)
    0x08000ca6   0x08000ca6   0x00000012   Code   RO         2460    .text               c_w.l(exit.o)
    0x08000cb8   0x08000cb8   0x00000080   Code   RO         2462    .text               c_w.l(strcmpv7m.o)
    0x08000d38   0x08000d38   0x0000003e   Code   RO         2420    CL$$btod_d2e        c_w.l(btod.o)
    0x08000d76   0x08000d76   0x00000046   Code   RO         2422    CL$$btod_d2e_denorm_low  c_w.l(btod.o)
    0x08000dbc   0x08000dbc   0x00000060   Code   RO         2421    CL$$btod_d2e_norm_op1  c_w.l(btod.o)
    0x08000e1c   0x08000e1c   0x00000338   Code   RO         2430    CL$$btod_div_common  c_w.l(btod.o)
    0x08001154   0x08001154   0x000000dc   Code   RO         2427    CL$$btod_e2e        c_w.l(btod.o)
    0x08001230   0x08001230   0x0000002a   Code   RO         2424    CL$$btod_ediv       c_w.l(btod.o)
    0x0800125a   0x0800125a   0x0000002a   Code   RO         2423    CL$$btod_emul       c_w.l(btod.o)
    0x08001284   0x08001284   0x00000244   Code   RO         2429    CL$$btod_mult_common  c_w.l(btod.o)
    0x080014c8   0x080014c8   0x00000016   Code   RO         2058    i.ADC_Cmd           stm32f10x_adc.o
    0x080014de   0x080014de   0x00000002   PAD
    0x080014e0   0x080014e0   0x0000005c   Code   RO         2060    i.ADC_DeInit        stm32f10x_adc.o
    0x0800153c   0x0800153c   0x00000014   Code   RO         2066    i.ADC_GetCalibrationStatus  stm32f10x_adc.o
    0x08001550   0x08001550   0x00000008   Code   RO         2067    i.ADC_GetConversionValue  stm32f10x_adc.o
    0x08001558   0x08001558   0x00000012   Code   RO         2069    i.ADC_GetFlagStatus  stm32f10x_adc.o
    0x0800156a   0x0800156a   0x00000014   Code   RO         2072    i.ADC_GetResetCalibrationStatus  stm32f10x_adc.o
    0x0800157e   0x0800157e   0x00000002   PAD
    0x08001580   0x08001580   0x00000050   Code   RO         2076    i.ADC_Init          stm32f10x_adc.o
    0x080015d0   0x080015d0   0x000000b8   Code   RO         2080    i.ADC_RegularChannelConfig  stm32f10x_adc.o
    0x08001688   0x08001688   0x0000000a   Code   RO         2081    i.ADC_ResetCalibration  stm32f10x_adc.o
    0x08001692   0x08001692   0x00000016   Code   RO         2083    i.ADC_SoftwareStartConvCmd  stm32f10x_adc.o
    0x080016a8   0x080016a8   0x0000000a   Code   RO         2085    i.ADC_StartCalibration  stm32f10x_adc.o
    0x080016b2   0x080016b2   0x00000002   PAD
    0x080016b4   0x080016b4   0x00000024   Code   RO         2087    i.ADC_TempSensorVrefintCmd  stm32f10x_adc.o
    0x080016d8   0x080016d8   0x00000004   Code   RO          769    i.BusFault_Handler  stm32f10x_it.o
    0x080016dc   0x080016dc   0x00000002   Code   RO          770    i.DebugMon_Handler  stm32f10x_it.o
    0x080016de   0x080016de   0x00000116   Code   RO          920    i.GPIO_Init         stm32f10x_gpio.o
    0x080017f4   0x080017f4   0x00000090   Code   RO          922    i.GPIO_PinRemapConfig  stm32f10x_gpio.o
    0x08001884   0x08001884   0x00000004   Code   RO          928    i.GPIO_SetBits      stm32f10x_gpio.o
    0x08001888   0x08001888   0x00000022   Code   RO          653    i.Get_Adc           bsp_adc.o
    0x080018aa   0x080018aa   0x00000028   Code   RO          654    i.Get_Adc_Average   bsp_adc.o
    0x080018d2   0x080018d2   0x00000002   PAD
    0x080018d4   0x080018d4   0x0000008c   Code   RO          656    i.Get_Temprate      bsp_adc.o
    0x08001960   0x08001960   0x00000028   Code   RO          771    i.HardFault_Handler  stm32f10x_it.o
    0x08001988   0x08001988   0x00000030   Code   RO          369    i.IsKeyDown1        bsp_key.o
    0x080019b8   0x080019b8   0x00000030   Code   RO          370    i.IsKeyDown2        bsp_key.o
    0x080019e8   0x080019e8   0x00000030   Code   RO          371    i.IsKeyDown3        bsp_key.o
    0x08001a18   0x08001a18   0x00000030   Code   RO          372    i.IsKeyDown4        bsp_key.o
    0x08001a48   0x08001a48   0x00000030   Code   RO          373    i.IsKeyDown5        bsp_key.o
    0x08001a78   0x08001a78   0x00000030   Code   RO          374    i.IsKeyDown6        bsp_key.o
    0x08001aa8   0x08001aa8   0x00000004   Code   RO          772    i.MemManage_Handler  stm32f10x_it.o
    0x08001aac   0x08001aac   0x00000002   Code   RO          773    i.NMI_Handler       stm32f10x_it.o
    0x08001aae   0x08001aae   0x00000002   PAD
    0x08001ab0   0x08001ab0   0x00000014   Code   RO          879    i.NVIC_PriorityGroupConfig  misc.o
    0x08001ac4   0x08001ac4   0x00000002   Code   RO          774    i.PendSV_Handler    stm32f10x_it.o
    0x08001ac6   0x08001ac6   0x00000002   PAD
    0x08001ac8   0x08001ac8   0x0000008c   Code   RO            1    i.PrinfHelp         main.o
    0x08001b54   0x08001b54   0x0000018c   Code   RO            2    i.PrintfLogo        main.o
    0x08001ce0   0x08001ce0   0x00000020   Code   RO         1032    i.RCC_APB2PeriphClockCmd  stm32f10x_rcc.o
    0x08001d00   0x08001d00   0x00000020   Code   RO         1033    i.RCC_APB2PeriphResetCmd  stm32f10x_rcc.o
    0x08001d20   0x08001d20   0x000000d4   Code   RO         1040    i.RCC_GetClocksFreq  stm32f10x_rcc.o
    0x08001df4   0x08001df4   0x00000002   Code   RO          775    i.SVC_Handler       stm32f10x_it.o
    0x08001df6   0x08001df6   0x00000008   Code   RO          837    i.SetSysClock       system_stm32f10x.o
    0x08001dfe   0x08001dfe   0x00000002   PAD
    0x08001e00   0x08001e00   0x000000e0   Code   RO          838    i.SetSysClockTo72   system_stm32f10x.o
    0x08001ee0   0x08001ee0   0x00000008   Code   RO          243    i.SysTick_Handler   bsp_timer.o
    0x08001ee8   0x08001ee8   0x00000084   Code   RO          244    i.SysTick_ISR       bsp_timer.o
    0x08001f6c   0x08001f6c   0x00000060   Code   RO          840    i.SystemInit        system_stm32f10x.o
    0x08001fcc   0x08001fcc   0x00000040   Code   RO          698    i.UART4_IRQHandler  bsp_uart4.o
    0x0800200c   0x0800200c   0x0000005c   Code   RO          470    i.USART1_IRQHandler  bsp_uart.o
    0x08002068   0x08002068   0x00000018   Code   RO         1232    i.USART_Cmd         stm32f10x_usart.o
    0x08002080   0x08002080   0x0000001a   Code   RO         1235    i.USART_GetFlagStatus  stm32f10x_usart.o
    0x0800209a   0x0800209a   0x00000054   Code   RO         1236    i.USART_GetITStatus  stm32f10x_usart.o
    0x080020ee   0x080020ee   0x00000002   PAD
    0x080020f0   0x080020f0   0x000000d8   Code   RO         1239    i.USART_Init        stm32f10x_usart.o
    0x080021c8   0x080021c8   0x0000000a   Code   RO         1246    i.USART_ReceiveData  stm32f10x_usart.o
    0x080021d2   0x080021d2   0x00000004   Code   RO          776    i.UsageFault_Handler  stm32f10x_it.o
    0x080021d6   0x080021d6   0x00000002   PAD
    0x080021d8   0x080021d8   0x0000000c   Code   RO         1450    i.WWDG_ClearFlag    stm32f10x_wwdg.o
    0x080021e4   0x080021e4   0x0000000c   Code   RO         1454    i.WWDG_GetFlagStatus  stm32f10x_wwdg.o
    0x080021f0   0x080021f0   0x00000014   Code   RO          541    i.WWDG_IRQHandler   bsp_wwdg.o
    0x08002204   0x08002204   0x00000010   Code   RO         1455    i.WWDG_SetCounter   stm32f10x_wwdg.o
    0x08002214   0x08002214   0x00000028   Code   RO         2451    i.__ARM_fpclassify  m_ws.l(fpclassify.o)
    0x0800223c   0x0800223c   0x00000006   Code   RO          245    i.__set_PRIMASK     bsp_timer.o
    0x08002242   0x08002242   0x0000000e   Code   RO         2321    i._is_digit         c_w.l(__printf_wp.o)
    0x08002250   0x08002250   0x00000004   Code   RO          473    i._sys_exit         bsp_uart.o
    0x08002254   0x08002254   0x00000034   Code   RO          247    i.bsp_CheckTimer    bsp_timer.o
    0x08002288   0x08002288   0x000000cc   Code   RO          376    i.bsp_DetectKey     bsp_key.o
    0x08002354   0x08002354   0x00000034   Code   RO          377    i.bsp_GetKey        bsp_key.o
    0x08002388   0x08002388   0x00000002   Code   RO          165    i.bsp_Idle          bsp.o
    0x0800238a   0x0800238a   0x00000024   Code   RO          166    i.bsp_Init          bsp.o
    0x080023ae   0x080023ae   0x00000002   PAD
    0x080023b0   0x080023b0   0x000000e8   Code   RO          657    i.bsp_InitAdc       bsp_adc.o
    0x08002498   0x08002498   0x00000018   Code   RO          659    i.bsp_InitAdcTemp   bsp_adc.o
    0x080024b0   0x080024b0   0x0000002c   Code   RO          336    i.bsp_InitBeep      bsp_beep.o
    0x080024dc   0x080024dc   0x0000000c   Code   RO          380    i.bsp_InitKey       bsp_key.o
    0x080024e8   0x080024e8   0x00000070   Code   RO          381    i.bsp_InitKeyHard   bsp_key.o
    0x08002558   0x08002558   0x00000080   Code   RO          382    i.bsp_InitKeyVar    bsp_key.o
    0x080025d8   0x080025d8   0x00000058   Code   RO          207    i.bsp_InitLed       bsp_led.o
    0x08002630   0x08002630   0x0000009c   Code   RO          251    i.bsp_InitTimer     bsp_timer.o
    0x080026cc   0x080026cc   0x00000080   Code   RO          474    i.bsp_InitUart      bsp_uart.o
    0x0800274c   0x0800274c   0x00000016   Code   RO          383    i.bsp_KeyScan       bsp_key.o
    0x08002762   0x08002762   0x00000002   PAD
    0x08002764   0x08002764   0x0000002c   Code   RO          211    i.bsp_LedToggle     bsp_led.o
    0x08002790   0x08002790   0x00000020   Code   RO          384    i.bsp_PutKey        bsp_key.o
    0x080027b0   0x080027b0   0x00000008   Code   RO          167    i.bsp_RunPer10ms    bsp.o
    0x080027b8   0x080027b8   0x00000002   Code   RO          168    i.bsp_RunPer1ms     bsp.o
    0x080027ba   0x080027ba   0x0000001c   Code   RO          252    i.bsp_SoftTimerDec  bsp_timer.o
    0x080027d6   0x080027d6   0x00000002   PAD
    0x080027d8   0x080027d8   0x00000050   Code   RO          253    i.bsp_StartAutoTimer  bsp_timer.o
    0x08002828   0x08002828   0x0000001c   Code   RO          475    i.fputc             bsp_uart.o
    0x08002844   0x08002844   0x0000009c   Code   RO            3    i.main              main.o
    0x080028e0   0x080028e0   0x0000002c   Code   RO         2447    locale$$code        c_w.l(lc_numeric_c.o)
    0x0800290c   0x0800290c   0x00000150   Code   RO         2340    x$fpl$dadd          fz_ws.l(daddsub_clz.o)
    0x08002a5c   0x08002a5c   0x000002b0   Code   RO         2347    x$fpl$ddiv          fz_ws.l(ddiv.o)
    0x08002d0c   0x08002d0c   0x0000005e   Code   RO         2350    x$fpl$dfix          fz_ws.l(dfix.o)
    0x08002d6a   0x08002d6a   0x00000002   PAD
    0x08002d6c   0x08002d6c   0x00000154   Code   RO         2354    x$fpl$dmul          fz_ws.l(dmul.o)
    0x08002ec0   0x08002ec0   0x0000009c   Code   RO         2382    x$fpl$dnaninf       fz_ws.l(dnaninf.o)
    0x08002f5c   0x08002f5c   0x0000000c   Code   RO         2384    x$fpl$dretinf       fz_ws.l(dretinf.o)
    0x08002f68   0x08002f68   0x000001d4   Code   RO         2342    x$fpl$dsub          fz_ws.l(daddsub_clz.o)
    0x0800313c   0x0800313c   0x00000056   Code   RO         2356    x$fpl$f2d           fz_ws.l(f2d.o)
    0x08003192   0x08003192   0x00000002   PAD
    0x08003194   0x08003194   0x00000184   Code   RO         2359    x$fpl$fdiv          fz_ws.l(fdiv.o)
    0x08003318   0x08003318   0x00000030   Code   RO         2363    x$fpl$fflt          fz_ws.l(fflt_clz.o)
    0x08003348   0x08003348   0x00000026   Code   RO         2362    x$fpl$ffltu         fz_ws.l(fflt_clz.o)
    0x0800336e   0x0800336e   0x0000008c   Code   RO         2386    x$fpl$fnaninf       fz_ws.l(fnaninf.o)
    0x080033fa   0x080033fa   0x0000000a   Code   RO         2388    x$fpl$fretinf       fz_ws.l(fretinf.o)
    0x08003404   0x08003404   0x00000004   Code   RO         2368    x$fpl$printf1       fz_ws.l(printf1.o)
    0x08003408   0x08003408   0x00000000   Code   RO         2390    x$fpl$usenofp       fz_ws.l(usenofp.o)
    0x08003408   0x08003408   0x00000028   Data   RO         2294    .constdata          c_w.l(_printf_hex_int.o)
    0x08003430   0x08003430   0x00000011   Data   RO         2324    .constdata          c_w.l(__printf_flags_wp.o)
    0x08003441   0x08003441   0x00000003   PAD
    0x08003444   0x08003444   0x00000094   Data   RO         2418    .constdata          c_w.l(bigflt0.o)
    0x080034d8   0x080034d8   0x00000020   Data   RO         2590    Region$$Table       anon$$obj.o
    0x080034f8   0x080034f8   0x0000001c   Data   RO         2446    locale$$data        c_w.l(lc_numeric_c.o)


    Execution Region RW_IRAM1 (Exec base: 0x20000000, Load base: 0x08003514, Size: 0x00000b88, Max: 0x00010000, ABSOLUTE)

    Exec Addr    Load Addr    Size         Type   Attr      Idx    E Section Name        Object

    0x20000000   0x08003514   0x0000000d   Data   RW          257    .data               bsp_timer.o
    0x2000000d   0x08003521   0x00000003   PAD
    0x20000010   0x08003524   0x00000008   Data   RW          477    .data               bsp_uart.o
    0x20000018   0x0800352c   0x00000001   Data   RW          703    .data               bsp_uart4.o
    0x20000019   0x0800352d   0x00000003   PAD
    0x2000001c   0x08003530   0x00000014   Data   RW          841    .data               system_stm32f10x.o
    0x20000030   0x08003544   0x00000014   Data   RW         1060    .data               stm32f10x_rcc.o
    0x20000044        -       0x00000030   Zero   RW          256    .bss                bsp_timer.o
    0x20000074        -       0x0000006d   Zero   RW          386    .bss                bsp_key.o
    0x200000e1        -       0x00000400   Zero   RW          476    .bss                bsp_uart.o
    0x200004e1        -       0x00000040   Zero   RW          702    .bss                bsp_uart4.o
    0x20000521   0x08003558   0x00000003   PAD
    0x20000524        -       0x00000060   Zero   RW         2454    .bss                c_w.l(libspace.o)
    0x20000584   0x08003558   0x00000004   PAD
    0x20000588        -       0x00000200   Zero   RW          872    HEAP                startup_stm32f10x_hd.o
    0x20000788        -       0x00000400   Zero   RW          871    STACK               startup_stm32f10x_hd.o


==============================================================================

Image component sizes


      Code (inc. data)   RO Data    RW Data    ZI Data      Debug   Object Name

        48          0          0          0          0       1571   bsp.o
       470         50          0          0          0       3013   bsp_adc.o
        44          6          0          0          0        471   bsp_beep.o
       850        120          0          0        109       6386   bsp_key.o
       132         16          0          0          0        938   bsp_led.o
       462         50          0         13         48      19234   bsp_timer.o
       252         32          0          8       1024       3853   bsp_uart.o
        64         14          0          1         64        999   bsp_uart4.o
        20          0          0          0          0        438   bsp_wwdg.o
         0          0          0          0          0         32   core_cm3.o
       692        456          0          0          0     244099   main.o
        20         10          0          0          0        519   misc.o
        64         26        304          0       1536        804   startup_stm32f10x_hd.o
       522         30          0          0          0       9233   stm32f10x_adc.o
       426          6          0          0          0       3373   stm32f10x_gpio.o
        60          6          0          0          0       3344   stm32f10x_it.o
       276         32          0         20          0       4466   stm32f10x_rcc.o
       360          6          0          0          0       4851   stm32f10x_usart.o
        40         14          0          0          0       1492   stm32f10x_wwdg.o
       328         28          0         20          0       2093   system_stm32f10x.o

    ----------------------------------------------------------------------
      5154        902        336         68       2784     311209   Object Totals
         0          0         32          0          0          0   (incl. Generated)
        24          0          0          6          3          0   (incl. Padding)

    ----------------------------------------------------------------------

      Code (inc. data)   RO Data    RW Data    ZI Data      Debug   Library Member Name

         8          0          0          0          0         68   __main.o
       312          4         17          0          0         92   __printf_flags_wp.o
        14          0          0          0          0         68   __printf_wp.o
         0          0          0          0          0          0   __rtentry.o
        12          0          0          0          0          0   __rtentry2.o
         6          0          0          0          0          0   __rtentry4.o
        52          8          0          0          0          0   __scatter.o
        26          0          0          0          0          0   __scatter_copy.o
        28          0          0          0          0          0   __scatter_zi.o
        44          0          0          0          0        108   _printf_char.o
        48          6          0          0          0         96   _printf_char_common.o
        36          4          0          0          0         80   _printf_char_file.o
         6          0          0          0          0          0   _printf_d.o
       120         16          0          0          0         92   _printf_dec.o
         6          0          0          0          0          0   _printf_f.o
      1054          0          0          0          0        216   _printf_fp_dec.o
       128         16          0          0          0         84   _printf_fp_infnan.o
        88          4         40          0          0         88   _printf_hex_int.o
       178          0          0          0          0         88   _printf_intcommon.o
        78          0          0          0          0        108   _printf_pad.o
         0          0          0          0          0          0   _printf_percent.o
         4          0          0          0          0          0   _printf_percent_end.o
         6          0          0          0          0          0   _printf_s.o
        82          0          0          0          0         80   _printf_str.o
         6          0          0          0          0          0   _printf_x.o
       228          4        148          0          0         96   bigflt0.o
      1936        128          0          0          0        672   btod.o
        18          0          0          0          0         80   exit.o
         8          0          0          0          0         68   ferror.o
         6          0          0          0          0        152   heapauxi.o
        44         10         28          0          0         76   lc_numeric_c.o
         2          0          0          0          0          0   libinit.o
        18          0          0          0          0          0   libinit2.o
         2          0          0          0          0          0   libshutdown.o
         2          0          0          0          0          0   libshutdown2.o
         8          4          0          0         96         68   libspace.o
       138          0          0          0          0         80   lludiv10.o
        24          4          0          0          0         84   noretval__2printf.o
         8          4          0          0          0         68   rt_locale_intlibspace.o
         2          0          0          0          0          0   rtexit.o
        10          0          0          0          0          0   rtexit2.o
       128          0          0          0          0         68   strcmpv7m.o
        74          0          0          0          0         80   sys_stackheap_outer.o
         2          0          0          0          0         68   use_no_semi.o
         2          0          0          0          0         68   use_no_semi_2.o
       804         16          0          0          0        272   daddsub_clz.o
       688        140          0          0          0        208   ddiv.o
        94          4          0          0          0         92   dfix.o
       340         12          0          0          0        104   dmul.o
       156          4          0          0          0         92   dnaninf.o
        12          0          0          0          0         68   dretinf.o
        86          4          0          0          0         84   f2d.o
       388         76          0          0          0         96   fdiv.o
        86          0          0          0          0        136   fflt_clz.o
       140          4          0          0          0         84   fnaninf.o
        10          0          0          0          0         68   fretinf.o
         4          0          0          0          0         68   printf1.o
         0          0          0          0          0          0   usenofp.o
        40          0          0          0          0         68   fpclassify.o

    ----------------------------------------------------------------------
      7862        472        236          0        100       4436   Library Totals
        12          0          3          0          4          0   (incl. Padding)

    ----------------------------------------------------------------------

      Code (inc. data)   RO Data    RW Data    ZI Data      Debug   Library Name

      5002        212        233          0         96       2996   c_w.l
      2808        260          0          0          0       1372   fz_ws.l
        40          0          0          0          0         68   m_ws.l

    ----------------------------------------------------------------------
      7862        472        236          0        100       4436   Library Totals

    ----------------------------------------------------------------------

==============================================================================


      Code (inc. data)   RO Data    RW Data    ZI Data      Debug   

     13016       1374        572         68       2884     309401   Grand Totals
     13016       1374        572         68       2884     309401   ELF Image Totals
     13016       1374        572         68          0          0   ROM Totals

==============================================================================

    Total RO  Size (Code + RO Data)                13588 (  13.27kB)
    Total RW  Size (RW Data + ZI Data)              2952 (   2.88kB)
    Total ROM Size (Code + RO Data + RW Data)      13656 (  13.34kB)

==============================================================================

