<html>
<body>
<pre>
<h1>µVision Build Log</h1>
<h2>Tool Versions:</h2>
IDE-Version: ¦ÌVision V5.31.0.0
Copyright (C) 2020 ARM Ltd and ARM Germany GmbH. All rights reserved.
License Information: zhangyaozong,            , LIC=03C6R-KMIXZ-74US0-B6D4A-RN70R-3KAXZ
 
Tool Versions:
Toolchain:       MDK-ARM Plus  Version: 5.31.0.0
Toolchain Path:  D:\KEil\ARM\ARMCC\Bin
C Compiler:      Armcc.exe V5.06 update 6 (build 750)
Assembler:       Armasm.exe V5.06 update 6 (build 750)
Linker/Locator:  ArmLink.exe V5.06 update 6 (build 750)
Library Manager: ArmAr.exe V5.06 update 6 (build 750)
Hex Converter:   FromElf.exe V5.06 update 6 (build 750)
CPU DLL:         SARMCM3.DLL V5.31.0.0
Dialog DLL:      DCM.DLL V1.17.3.0
Target DLL:      STLink\ST-LINKIII-KEIL_SWO.dll V3.0.7.0
Dialog DLL:      TCM.DLL V1.46.0.0
 
<h2>Project:</h2>
F:\STM32Á·Ï°\14.CO2\Project\adc.uvprojx
Project File Date:  06/12/2023

<h2>Output:</h2>
*** Using Compiler 'V5.06 update 6 (build 750)', folder: 'D:\KEil\ARM\ARMCC\Bin'
Build target 'Flash'
compiling bsp.c...
..\User\bsp\inc\bsp_uart4.h(15): warning:  #1-D: last line of file ends without a newline
  #endif
..\User\bsp\inc\bsp_co2.h(7): warning:  #1-D: last line of file ends without a newline
  #endif
..\User\bsp\bsp.c: 2 warnings, 0 errors
compiling bsp_beep.c...
..\User\bsp\inc\bsp_uart4.h(15): warning:  #1-D: last line of file ends without a newline
  #endif
..\User\bsp\inc\bsp_co2.h(7): warning:  #1-D: last line of file ends without a newline
  #endif
..\User\bsp\src\bsp_beep.c: 2 warnings, 0 errors
compiling main.c...
..\User\bsp\inc\bsp_uart4.h(15): warning:  #1-D: last line of file ends without a newline
  #endif
..\User\bsp\inc\bsp_co2.h(7): warning:  #1-D: last line of file ends without a newline
  #endif
..\User\main.c: 2 warnings, 0 errors
compiling bsp_timer.c...
..\User\bsp\inc\bsp_uart4.h(15): warning:  #1-D: last line of file ends without a newline
  #endif
..\User\bsp\inc\bsp_co2.h(7): warning:  #1-D: last line of file ends without a newline
  #endif
..\User\bsp\src\bsp_timer.c: 2 warnings, 0 errors
compiling bsp_led.c...
..\User\bsp\inc\bsp_uart4.h(15): warning:  #1-D: last line of file ends without a newline
  #endif
..\User\bsp\inc\bsp_co2.h(7): warning:  #1-D: last line of file ends without a newline
  #endif
..\User\bsp\src\bsp_led.c: 2 warnings, 0 errors
compiling bsp_key.c...
..\User\bsp\inc\bsp_uart4.h(15): warning:  #1-D: last line of file ends without a newline
  #endif
..\User\bsp\inc\bsp_co2.h(7): warning:  #1-D: last line of file ends without a newline
  #endif
..\User\bsp\src\bsp_key.c: 2 warnings, 0 errors
compiling bsp_adc.c...
..\User\bsp\inc\bsp_uart4.h(15): warning:  #1-D: last line of file ends without a newline
  #endif
..\User\bsp\inc\bsp_co2.h(7): warning:  #1-D: last line of file ends without a newline
  #endif
..\User\bsp\src\bsp_adc.c(3): warning:  #177-D: function "bsp_InitAde"  was declared but never referenced
  static void bsp_InitAde(ADC_TypeDef* ADCx,uint8_t ADC_Channel,uint8_t ADC_SampleTime);
..\User\bsp\src\bsp_adc.c: 3 warnings, 0 errors
compiling bsp_uart.c...
..\User\bsp\inc\bsp_uart4.h(15): warning:  #1-D: last line of file ends without a newline
  #endif
..\User\bsp\inc\bsp_co2.h(7): warning:  #1-D: last line of file ends without a newline
  #endif
..\User\bsp\src\bsp_uart.c: 2 warnings, 0 errors
compiling bsp_wwdg.c...
..\User\bsp\inc\bsp_uart4.h(15): warning:  #1-D: last line of file ends without a newline
  #endif
..\User\bsp\inc\bsp_co2.h(7): warning:  #1-D: last line of file ends without a newline
  #endif
..\User\bsp\src\bsp_wwdg.c: 2 warnings, 0 errors
compiling bap_iwdg.c...
..\User\bsp\inc\bsp_uart4.h(15): warning:  #1-D: last line of file ends without a newline
  #endif
..\User\bsp\inc\bsp_co2.h(7): warning:  #1-D: last line of file ends without a newline
  #endif
..\User\bsp\src\bap_iwdg.c: 2 warnings, 0 errors
compiling bsp_tpad.c...
..\User\bsp\inc\bsp_uart4.h(15): warning:  #1-D: last line of file ends without a newline
  #endif
..\User\bsp\inc\bsp_co2.h(7): warning:  #1-D: last line of file ends without a newline
  #endif
..\User\bsp\src\bsp_tpad.c: 2 warnings, 0 errors
compiling bsp_tim_pwm.c...
..\User\bsp\inc\bsp_uart4.h(15): warning:  #1-D: last line of file ends without a newline
  #endif
..\User\bsp\inc\bsp_co2.h(7): warning:  #1-D: last line of file ends without a newline
  #endif
..\User\bsp\src\bsp_tim_pwm.c: 2 warnings, 0 errors
compiling core_cm3.c...
compiling stm32f10x_it.c...
compiling stm32f10x_assert.c...
compiling bsp_uart4.c...
..\User\bsp\inc\bsp_uart4.h(15): warning:  #1-D: last line of file ends without a newline
  #endif
..\User\bsp\inc\bsp_co2.h(7): warning:  #1-D: last line of file ends without a newline
  #endif
..\User\bsp\src\bsp_uart4.c: 2 warnings, 0 errors
assembling startup_stm32f10x_hd.s...
compiling system_stm32f10x.c...
compiling bsp_co2.c...
..\User\bsp\inc\bsp_uart4.h(15): warning:  #1-D: last line of file ends without a newline
  #endif
..\User\bsp\inc\bsp_co2.h(7): warning:  #1-D: last line of file ends without a newline
  #endif
..\User\bsp\src\bsp_co2.c(83): warning:  #1-D: last line of file ends without a newline
  /***************************** µÂÖÂÂ×µç×Ó DeZLinc (END OF FILE) *********************************/
..\User\bsp\src\bsp_co2.c: 3 warnings, 0 errors
compiling stm32f10x_wwdg.c...
compiling stm32f10x_iwdg.c...
compiling misc.c...
compiling stm32f10x_usart.c...
compiling stm32f10x_rcc.c...
compiling stm32f10x_gpio.c...
compiling stm32f10x_adc.c...
compiling stm32f10x_tim.c...
linking...
Program Size: Code=13016 RO-data=572 RW-data=68 ZI-data=2884  
FromELF: creating hex file...
".\Objects\adc.axf" - 0 Error(s), 30 Warning(s).

<h2>Software Packages used:</h2>

Package Vendor: Keil
                http://www.keil.com/pack/Keil.STM32F1xx_DFP.1.1.0.pack
                Keil.STM32F1xx_DFP.1.1.0
                STMicroelectronics STM32F1 Series Device Support, Drivers and Examples

<h2>Collection of Component include folders:</h2>
  D:\pack\Keil\STM32F1xx_DFP\1.1.0\Device\Include

<h2>Collection of Component Files used:</h2>
Build Time Elapsed:  00:00:04
</pre>
</body>
</html>
